<!doctype html public "-//w3c//dtd html 4.0 transitional//en">
<html><head>
<title>Static Call Graph - [.\out\STM32_3.2_LCD.axf]</title></head>
<body><HR>
<H1>Static Call Graph for image .\out\STM32_3.2_LCD.axf</H1><HR>
<BR><P>#&#060CALLGRAPH&#062# ARM Linker, RVCT4.0 [Build 524]: Last Updated: Wed Jan 09 18:18:45 2013
<BR><P>
<H3>Maximum Stack Usage =        232 bytes + Unknown(Functions without stacksize, Cycles, Untraceable Function Pointers)</H3><H3>
Call chain for Maximum Stack Depth:</H3>
__rt_entry_main &rArr; main &rArr; FAT32_Open_File &rArr; LCD_ShowString &rArr; LCD_ShowChar &rArr; LCD_SetRamAddr &rArr; Reg_Write &rArr; LCD_Write_Data16
<P>
<H3>
Functions with no stack information
</H3><UL>
 <LI><a href="#[cac748]">__user_initial_stackheap</a>
</UL>
</UL>
<P>
<H3>
Mutually Recursive functions
</H3> <LI><a href="#[cac61c]">NMI_Handler</a>&nbsp;&nbsp;&nbsp;&rArr;&nbsp;&nbsp;&nbsp;<a href="#[cac61c]">NMI_Handler</a><BR>
 <LI><a href="#[cac5e0]">HardFault_Handler</a>&nbsp;&nbsp;&nbsp;&rArr;&nbsp;&nbsp;&nbsp;<a href="#[cac5e0]">HardFault_Handler</a><BR>
 <LI><a href="#[cac5a4]">MemManage_Handler</a>&nbsp;&nbsp;&nbsp;&rArr;&nbsp;&nbsp;&nbsp;<a href="#[cac5a4]">MemManage_Handler</a><BR>
 <LI><a href="#[cac568]">BusFault_Handler</a>&nbsp;&nbsp;&nbsp;&rArr;&nbsp;&nbsp;&nbsp;<a href="#[cac568]">BusFault_Handler</a><BR>
 <LI><a href="#[cac52c]">UsageFault_Handler</a>&nbsp;&nbsp;&nbsp;&rArr;&nbsp;&nbsp;&nbsp;<a href="#[cac52c]">UsageFault_Handler</a><BR>
 <LI><a href="#[cac4f0]">SVC_Handler</a>&nbsp;&nbsp;&nbsp;&rArr;&nbsp;&nbsp;&nbsp;<a href="#[cac4f0]">SVC_Handler</a><BR>
 <LI><a href="#[cac4b4]">DebugMon_Handler</a>&nbsp;&nbsp;&nbsp;&rArr;&nbsp;&nbsp;&nbsp;<a href="#[cac4b4]">DebugMon_Handler</a><BR>
 <LI><a href="#[cac478]">PendSV_Handler</a>&nbsp;&nbsp;&nbsp;&rArr;&nbsp;&nbsp;&nbsp;<a href="#[cac478]">PendSV_Handler</a><BR>
 <LI><a href="#[cac43c]">SysTick_Handler</a>&nbsp;&nbsp;&nbsp;&rArr;&nbsp;&nbsp;&nbsp;<a href="#[cac43c]">SysTick_Handler</a><BR>
 <LI><a href="#[cac400]">ADC_IRQHandler</a>&nbsp;&nbsp;&nbsp;&rArr;&nbsp;&nbsp;&nbsp;<a href="#[cac400]">ADC_IRQHandler</a><BR>
</UL>
<P>
<H3>
Function Pointers
</H3><UL>
 <LI><a href="#[cac658]">Reset_Handler</a>
 <LI><a href="#[cac61c]">NMI_Handler</a>
 <LI><a href="#[cac5e0]">HardFault_Handler</a>
 <LI><a href="#[cac5a4]">MemManage_Handler</a>
 <LI><a href="#[cac568]">BusFault_Handler</a>
 <LI><a href="#[cac52c]">UsageFault_Handler</a>
 <LI><a href="#[cac4f0]">SVC_Handler</a>
 <LI><a href="#[cac4b4]">DebugMon_Handler</a>
 <LI><a href="#[cac478]">PendSV_Handler</a>
 <LI><a href="#[cac43c]">SysTick_Handler</a>
 <LI><a href="#[caba28]">WWDG_IRQHandler</a>
 <LI><a href="#[cabed8]">PVD_IRQHandler</a>
 <LI><a href="#[cabd70]">TAMPER_IRQHandler</a>
 <LI><a href="#[cabe24]">RTC_IRQHandler</a>
 <LI><a href="#[cac004]">FLASH_IRQHandler</a>
 <LI><a href="#[cabe9c]">RCC_IRQHandler</a>
 <LI><a href="#[cac1a8]">EXTI0_IRQHandler</a>
 <LI><a href="#[cac130]">EXTI1_IRQHandler</a>
 <LI><a href="#[cac0f4]">EXTI2_IRQHandler</a>
 <LI><a href="#[cac0b8]">EXTI3_IRQHandler</a>
 <LI><a href="#[cac07c]">EXTI4_IRQHandler</a>
 <LI><a href="#[cac34c]">DMAChannel1_IRQHandler</a>
 <LI><a href="#[cac310]">DMAChannel2_IRQHandler</a>
 <LI><a href="#[cac2d4]">DMAChannel3_IRQHandler</a>
 <LI><a href="#[cac298]">DMAChannel4_IRQHandler</a>
 <LI><a href="#[cac25c]">DMAChannel5_IRQHandler</a>
 <LI><a href="#[cac220]">DMAChannel6_IRQHandler</a>
 <LI><a href="#[cac1e4]">DMAChannel7_IRQHandler</a>
 <LI><a href="#[cac400]">ADC_IRQHandler</a>
 <LI><a href="#[cabaa0]">USB_HP_CAN_TX_IRQHandler</a>
 <LI><a href="#[caba64]">USB_LP_CAN_RX0_IRQHandler</a>
 <LI><a href="#[cac3c4]">CAN_RX1_IRQHandler</a>
 <LI><a href="#[cac388]">CAN_SCE_IRQHandler</a>
 <LI><a href="#[cac040]">EXTI9_5_IRQHandler</a>
 <LI><a href="#[cabd34]">TIM1_BRK_IRQHandler</a>
 <LI><a href="#[cabc80]">TIM1_UP_IRQHandler</a>
 <LI><a href="#[cabcbc]">TIM1_TRG_COM_IRQHandler</a>
 <LI><a href="#[cabcf8]">TIM1_CC_IRQHandler</a>
 <LI><a href="#[cabc44]">TIM2_IRQHandler</a>
 <LI><a href="#[cabc08]">TIM3_IRQHandler</a>
 <LI><a href="#[cabbcc]">TIM4_IRQHandler</a>
 <LI><a href="#[cabf8c]">I2C1_EV_IRQHandler</a>
 <LI><a href="#[cabfc8]">I2C1_ER_IRQHandler</a>
 <LI><a href="#[cabf14]">I2C2_EV_IRQHandler</a>
 <LI><a href="#[cabf50]">I2C2_ER_IRQHandler</a>
 <LI><a href="#[cabde8]">SPI1_IRQHandler</a>
 <LI><a href="#[cabdac]">SPI2_IRQHandler</a>
 <LI><a href="#[cabb90]">USART1_IRQHandler</a>
 <LI><a href="#[cabb54]">USART2_IRQHandler</a>
 <LI><a href="#[cabb18]">USART3_IRQHandler</a>
 <LI><a href="#[cac16c]">EXTI15_10_IRQHandler</a>
 <LI><a href="#[cabe60]">RTCAlarm_IRQHandler</a>
 <LI><a href="#[cabadc]">USBWakeUp_IRQHandler</a>
 <LI><a href="#[15a0610]">__main</a>
 <LI><a href="#[ca7aa4]">SD_Read_Sector</a>
 <LI><a href="#[159c77c]">__I$use$semihosting</a>
</UL>
<P>
<H3>
Global Symbols
</H3>
<P><STRONG><a name="[15a0610]"></a>__main</STRONG> (Thumb, 8 bytes, Stack size 0 bytes, __main.o(!!!main))
<BR><BR>[Calls]<UL><LI><a href="#[159a238]">&gt;&gt;</a>&nbsp;&nbsp;&nbsp;__scatterload
<LI><a href="#[15a04e4]">&gt;&gt;</a>&nbsp;&nbsp;&nbsp;__rt_entry
</UL>

<P><STRONG><a name="[159a238]"></a>__scatterload</STRONG> (Thumb, 0 bytes, Stack size unknown bytes, __scatter.o(!!!scatter))
<BR><BR>[Called By]<UL><LI><a href="#[15a0610]">&gt;&gt;</a>&nbsp;&nbsp;&nbsp;__main
</UL>

<P><STRONG><a name="[159a1fc]"></a>__scatterload_rt2</STRONG> (Thumb, 44 bytes, Stack size unknown bytes, __scatter.o(!!!scatter), UNUSED)
<BR><BR>[Calls]<UL><LI><a href="#[15a04e4]">&gt;&gt;</a>&nbsp;&nbsp;&nbsp;__rt_entry
</UL>

<P><STRONG><a name="[159a1c0]"></a>__scatterload_rt2_thumb_only</STRONG> (Thumb, 0 bytes, Stack size unknown bytes, __scatter.o(!!!scatter), UNUSED)

<P><STRONG><a name="[159a184]"></a>__scatterload_null</STRONG> (Thumb, 0 bytes, Stack size unknown bytes, __scatter.o(!!!scatter), UNUSED)

<P><STRONG><a name="[1599fe0]"></a>__scatterload_copy</STRONG> (Thumb, 26 bytes, Stack size unknown bytes, __scatter_copy.o(!!handler_copy), UNUSED)
<BR><BR>[Calls]<UL><LI><a href="#[1599fe0]">&gt;&gt;</a>&nbsp;&nbsp;&nbsp;__scatterload_copy
</UL>
<BR>[Called By]<UL><LI><a href="#[1599fe0]">&gt;&gt;</a>&nbsp;&nbsp;&nbsp;__scatterload_copy
</UL>

<P><STRONG><a name="[1599ef0]"></a>__scatterload_zeroinit</STRONG> (Thumb, 28 bytes, Stack size unknown bytes, __scatter_zi.o(!!handler_zi), UNUSED)

<P><STRONG><a name="[159f6d4]"></a>__rt_lib_init</STRONG> (Thumb, 0 bytes, Stack size unknown bytes, libinit.o(.ARM.Collect$$libinit$$00000000))
<BR><BR>[Called By]<UL><LI><a href="#[15a0034]">&gt;&gt;</a>&nbsp;&nbsp;&nbsp;__rt_entry_li
</UL>

<P><STRONG><a name="[159dba4]"></a>__rt_lib_init_alloca_1</STRONG> (Thumb, 0 bytes, Stack size unknown bytes, libinit2.o(.ARM.Collect$$libinit$$0000002A))

<P><STRONG><a name="[159dc1c]"></a>__rt_lib_init_argv_1</STRONG> (Thumb, 0 bytes, Stack size unknown bytes, libinit2.o(.ARM.Collect$$libinit$$00000028))

<P><STRONG><a name="[159dfdc]"></a>__rt_lib_init_atexit_1</STRONG> (Thumb, 0 bytes, Stack size unknown bytes, libinit2.o(.ARM.Collect$$libinit$$00000017))

<P><STRONG><a name="[159de74]"></a>__rt_lib_init_clock_1</STRONG> (Thumb, 0 bytes, Stack size unknown bytes, libinit2.o(.ARM.Collect$$libinit$$0000001D))

<P><STRONG><a name="[159dab4]"></a>__rt_lib_init_cpp_1</STRONG> (Thumb, 0 bytes, Stack size unknown bytes, libinit2.o(.ARM.Collect$$libinit$$0000002E))

<P><STRONG><a name="[159db2c]"></a>__rt_lib_init_exceptions_1</STRONG> (Thumb, 0 bytes, Stack size unknown bytes, libinit2.o(.ARM.Collect$$libinit$$0000002C))

<P><STRONG><a name="[159deec]"></a>__rt_lib_init_fp_trap_1</STRONG> (Thumb, 0 bytes, Stack size unknown bytes, libinit2.o(.ARM.Collect$$libinit$$0000001B))

<P><STRONG><a name="[159ddfc]"></a>__rt_lib_init_getenv_1</STRONG> (Thumb, 0 bytes, Stack size unknown bytes, libinit2.o(.ARM.Collect$$libinit$$0000001F))

<P><STRONG><a name="[159e3d8]"></a>__rt_lib_init_heap_1</STRONG> (Thumb, 0 bytes, Stack size unknown bytes, libinit2.o(.ARM.Collect$$libinit$$00000006))

<P><STRONG><a name="[159e234]"></a>__rt_lib_init_lc_collate_1</STRONG> (Thumb, 0 bytes, Stack size unknown bytes, libinit2.o(.ARM.Collect$$libinit$$0000000D))

<P><STRONG><a name="[159e1bc]"></a>__rt_lib_init_lc_ctype_1</STRONG> (Thumb, 0 bytes, Stack size unknown bytes, libinit2.o(.ARM.Collect$$libinit$$0000000F))

<P><STRONG><a name="[159e144]"></a>__rt_lib_init_lc_monetary_1</STRONG> (Thumb, 0 bytes, Stack size unknown bytes, libinit2.o(.ARM.Collect$$libinit$$00000011))

<P><STRONG><a name="[159e0cc]"></a>__rt_lib_init_lc_numeric_1</STRONG> (Thumb, 0 bytes, Stack size unknown bytes, libinit2.o(.ARM.Collect$$libinit$$00000013))

<P><STRONG><a name="[159e054]"></a>__rt_lib_init_lc_time_1</STRONG> (Thumb, 0 bytes, Stack size unknown bytes, libinit2.o(.ARM.Collect$$libinit$$00000015))

<P><STRONG><a name="[159e2e8]"></a>__rt_lib_init_rand_1</STRONG> (Thumb, 0 bytes, Stack size unknown bytes, libinit2.o(.ARM.Collect$$libinit$$0000000A))

<P><STRONG><a name="[159da78]"></a>__rt_lib_init_return</STRONG> (Thumb, 0 bytes, Stack size unknown bytes, libinit2.o(.ARM.Collect$$libinit$$0000002F))

<P><STRONG><a name="[159df64]"></a>__rt_lib_init_signal_1</STRONG> (Thumb, 0 bytes, Stack size unknown bytes, libinit2.o(.ARM.Collect$$libinit$$00000019))

<P><STRONG><a name="[159dd84]"></a>__rt_lib_init_stdio_1</STRONG> (Thumb, 0 bytes, Stack size unknown bytes, libinit2.o(.ARM.Collect$$libinit$$00000021))

<P><STRONG><a name="[159e360]"></a>__rt_lib_init_user_alloc_1</STRONG> (Thumb, 0 bytes, Stack size unknown bytes, libinit2.o(.ARM.Collect$$libinit$$00000008))

<P><STRONG><a name="[159cac4]"></a>__rt_lib_shutdown</STRONG> (Thumb, 0 bytes, Stack size unknown bytes, libshutdown.o(.ARM.Collect$$libshutdown$$00000000))
<BR><BR>[Called By]<UL><LI><a href="#[159d2f8]">&gt;&gt;</a>&nbsp;&nbsp;&nbsp;__rt_exit_ls
</UL>

<P><STRONG><a name="[159be58]"></a>__rt_lib_shutdown_fp_trap_1</STRONG> (Thumb, 0 bytes, Stack size unknown bytes, libshutdown2.o(.ARM.Collect$$libshutdown$$00000006))

<P><STRONG><a name="[159bc78]"></a>__rt_lib_shutdown_heap_1</STRONG> (Thumb, 0 bytes, Stack size unknown bytes, libshutdown2.o(.ARM.Collect$$libshutdown$$0000000E))

<P><STRONG><a name="[159bc3c]"></a>__rt_lib_shutdown_return</STRONG> (Thumb, 0 bytes, Stack size unknown bytes, libshutdown2.o(.ARM.Collect$$libshutdown$$0000000F))

<P><STRONG><a name="[159bda4]"></a>__rt_lib_shutdown_signal_1</STRONG> (Thumb, 0 bytes, Stack size unknown bytes, libshutdown2.o(.ARM.Collect$$libshutdown$$00000009))

<P><STRONG><a name="[159bf0c]"></a>__rt_lib_shutdown_stdio_1</STRONG> (Thumb, 0 bytes, Stack size unknown bytes, libshutdown2.o(.ARM.Collect$$libshutdown$$00000003))

<P><STRONG><a name="[159bd2c]"></a>__rt_lib_shutdown_user_alloc_1</STRONG> (Thumb, 0 bytes, Stack size unknown bytes, libshutdown2.o(.ARM.Collect$$libshutdown$$0000000B))

<P><STRONG><a name="[15a04e4]"></a>__rt_entry</STRONG> (Thumb, 0 bytes, Stack size unknown bytes, rtentry.o(.ARM.Collect$$rtentry$$00000000))
<BR><BR>[Called By]<UL><LI><a href="#[159a1fc]">&gt;&gt;</a>&nbsp;&nbsp;&nbsp;__scatterload_rt2
<LI><a href="#[15a0610]">&gt;&gt;</a>&nbsp;&nbsp;&nbsp;__main
</UL>

<P><STRONG><a name="[15a00e8]"></a>__rt_entry_presh_1</STRONG> (Thumb, 0 bytes, Stack size unknown bytes, rtentry2.o(.ARM.Collect$$rtentry$$00000002))

<P><STRONG><a name="[159fd64]"></a>__rt_entry_sh</STRONG> (Thumb, 0 bytes, Stack size unknown bytes, rtentry4.o(.ARM.Collect$$rtentry$$00000004))
<BR><BR>[Stack]<UL><LI>Max Depth = 8 + Unknown Stack Size
<LI>Call Chain = __rt_entry_sh &rArr; __user_setup_stackheap
</UL>
<BR>[Calls]<UL><LI><a href="#[159fc38]">&gt;&gt;</a>&nbsp;&nbsp;&nbsp;__user_setup_stackheap
</UL>

<P><STRONG><a name="[15a0034]"></a>__rt_entry_li</STRONG> (Thumb, 0 bytes, Stack size unknown bytes, rtentry2.o(.ARM.Collect$$rtentry$$0000000A))
<BR><BR>[Calls]<UL><LI><a href="#[159f6d4]">&gt;&gt;</a>&nbsp;&nbsp;&nbsp;__rt_lib_init
</UL>

<P><STRONG><a name="[15a0070]"></a>__rt_entry_postsh_1</STRONG> (Thumb, 0 bytes, Stack size unknown bytes, rtentry2.o(.ARM.Collect$$rtentry$$00000009))

<P><STRONG><a name="[159ff80]"></a>__rt_entry_main</STRONG> (Thumb, 0 bytes, Stack size unknown bytes, rtentry2.o(.ARM.Collect$$rtentry$$0000000D))
<BR><BR>[Stack]<UL><LI>Max Depth = 232 + Unknown Stack Size
<LI>Call Chain = __rt_entry_main &rArr; main &rArr; FAT32_Open_File &rArr; LCD_ShowString &rArr; LCD_ShowChar &rArr; LCD_SetRamAddr &rArr; Reg_Write &rArr; LCD_Write_Data16
</UL>
<BR>[Calls]<UL><LI><a href="#[ca892c]">&gt;&gt;</a>&nbsp;&nbsp;&nbsp;main
<LI><a href="#[159fad0]">&gt;&gt;</a>&nbsp;&nbsp;&nbsp;exit
</UL>

<P><STRONG><a name="[159ffbc]"></a>__rt_entry_postli_1</STRONG> (Thumb, 0 bytes, Stack size unknown bytes, rtentry2.o(.ARM.Collect$$rtentry$$0000000C))

<P><STRONG><a name="[159ef54]"></a>__rt_exit</STRONG> (Thumb, 0 bytes, Stack size unknown bytes, rtexit.o(.ARM.Collect$$rtexit$$00000000))
<BR><BR>[Called By]<UL><LI><a href="#[159fad0]">&gt;&gt;</a>&nbsp;&nbsp;&nbsp;exit
</UL>

<P><STRONG><a name="[159d2f8]"></a>__rt_exit_ls</STRONG> (Thumb, 0 bytes, Stack size unknown bytes, rtexit2.o(.ARM.Collect$$rtexit$$00000003))
<BR><BR>[Calls]<UL><LI><a href="#[159cac4]">&gt;&gt;</a>&nbsp;&nbsp;&nbsp;__rt_lib_shutdown
</UL>

<P><STRONG><a name="[159d334]"></a>__rt_exit_prels_1</STRONG> (Thumb, 0 bytes, Stack size unknown bytes, rtexit2.o(.ARM.Collect$$rtexit$$00000002))

<P><STRONG><a name="[159d2bc]"></a>__rt_exit_exit</STRONG> (Thumb, 0 bytes, Stack size unknown bytes, rtexit2.o(.ARM.Collect$$rtexit$$00000004))
<BR><BR>[Calls]<UL><LI><a href="#[159cfb0]">&gt;&gt;</a>&nbsp;&nbsp;&nbsp;_sys_exit
</UL>

<P><STRONG><a name="[cac658]"></a>Reset_Handler</STRONG> (Thumb, 4 bytes, Stack size 0 bytes, stm32f10x.o(.text))
<BR>[Address Reference Count : 1]<UL><LI> stm32f10x.o(RESET)
</UL>
<P><STRONG><a name="[cac61c]"></a>NMI_Handler</STRONG> (Thumb, 2 bytes, Stack size 0 bytes, stm32f10x.o(.text))
<BR><BR>[Calls]<UL><LI><a href="#[cac61c]">&gt;&gt;</a>&nbsp;&nbsp;&nbsp;NMI_Handler
</UL>
<BR>[Called By]<UL><LI><a href="#[cac61c]">&gt;&gt;</a>&nbsp;&nbsp;&nbsp;NMI_Handler
</UL>
<BR>[Address Reference Count : 1]<UL><LI> stm32f10x.o(RESET)
</UL>
<P><STRONG><a name="[cac5e0]"></a>HardFault_Handler</STRONG> (Thumb, 2 bytes, Stack size 0 bytes, stm32f10x.o(.text))
<BR><BR>[Calls]<UL><LI><a href="#[cac5e0]">&gt;&gt;</a>&nbsp;&nbsp;&nbsp;HardFault_Handler
</UL>
<BR>[Called By]<UL><LI><a href="#[cac5e0]">&gt;&gt;</a>&nbsp;&nbsp;&nbsp;HardFault_Handler
</UL>
<BR>[Address Reference Count : 1]<UL><LI> stm32f10x.o(RESET)
</UL>
<P><STRONG><a name="[cac5a4]"></a>MemManage_Handler</STRONG> (Thumb, 2 bytes, Stack size 0 bytes, stm32f10x.o(.text))
<BR><BR>[Calls]<UL><LI><a href="#[cac5a4]">&gt;&gt;</a>&nbsp;&nbsp;&nbsp;MemManage_Handler
</UL>
<BR>[Called By]<UL><LI><a href="#[cac5a4]">&gt;&gt;</a>&nbsp;&nbsp;&nbsp;MemManage_Handler
</UL>
<BR>[Address Reference Count : 1]<UL><LI> stm32f10x.o(RESET)
</UL>
<P><STRONG><a name="[cac568]"></a>BusFault_Handler</STRONG> (Thumb, 2 bytes, Stack size 0 bytes, stm32f10x.o(.text))
<BR><BR>[Calls]<UL><LI><a href="#[cac568]">&gt;&gt;</a>&nbsp;&nbsp;&nbsp;BusFault_Handler
</UL>
<BR>[Called By]<UL><LI><a href="#[cac568]">&gt;&gt;</a>&nbsp;&nbsp;&nbsp;BusFault_Handler
</UL>
<BR>[Address Reference Count : 1]<UL><LI> stm32f10x.o(RESET)
</UL>
<P><STRONG><a name="[cac52c]"></a>UsageFault_Handler</STRONG> (Thumb, 2 bytes, Stack size 0 bytes, stm32f10x.o(.text))
<BR><BR>[Calls]<UL><LI><a href="#[cac52c]">&gt;&gt;</a>&nbsp;&nbsp;&nbsp;UsageFault_Handler
</UL>
<BR>[Called By]<UL><LI><a href="#[cac52c]">&gt;&gt;</a>&nbsp;&nbsp;&nbsp;UsageFault_Handler
</UL>
<BR>[Address Reference Count : 1]<UL><LI> stm32f10x.o(RESET)
</UL>
<P><STRONG><a name="[cac4f0]"></a>SVC_Handler</STRONG> (Thumb, 2 bytes, Stack size 0 bytes, stm32f10x.o(.text))
<BR><BR>[Calls]<UL><LI><a href="#[cac4f0]">&gt;&gt;</a>&nbsp;&nbsp;&nbsp;SVC_Handler
</UL>
<BR>[Called By]<UL><LI><a href="#[cac4f0]">&gt;&gt;</a>&nbsp;&nbsp;&nbsp;SVC_Handler
</UL>
<BR>[Address Reference Count : 1]<UL><LI> stm32f10x.o(RESET)
</UL>
<P><STRONG><a name="[cac4b4]"></a>DebugMon_Handler</STRONG> (Thumb, 2 bytes, Stack size 0 bytes, stm32f10x.o(.text))
<BR><BR>[Calls]<UL><LI><a href="#[cac4b4]">&gt;&gt;</a>&nbsp;&nbsp;&nbsp;DebugMon_Handler
</UL>
<BR>[Called By]<UL><LI><a href="#[cac4b4]">&gt;&gt;</a>&nbsp;&nbsp;&nbsp;DebugMon_Handler
</UL>
<BR>[Address Reference Count : 1]<UL><LI> stm32f10x.o(RESET)
</UL>
<P><STRONG><a name="[cac478]"></a>PendSV_Handler</STRONG> (Thumb, 2 bytes, Stack size 0 bytes, stm32f10x.o(.text))
<BR><BR>[Calls]<UL><LI><a href="#[cac478]">&gt;&gt;</a>&nbsp;&nbsp;&nbsp;PendSV_Handler
</UL>
<BR>[Called By]<UL><LI><a href="#[cac478]">&gt;&gt;</a>&nbsp;&nbsp;&nbsp;PendSV_Handler
</UL>
<BR>[Address Reference Count : 1]<UL><LI> stm32f10x.o(RESET)
</UL>
<P><STRONG><a name="[cac43c]"></a>SysTick_Handler</STRONG> (Thumb, 2 bytes, Stack size 0 bytes, stm32f10x.o(.text))
<BR><BR>[Calls]<UL><LI><a href="#[cac43c]">&gt;&gt;</a>&nbsp;&nbsp;&nbsp;SysTick_Handler
</UL>
<BR>[Called By]<UL><LI><a href="#[cac43c]">&gt;&gt;</a>&nbsp;&nbsp;&nbsp;SysTick_Handler
</UL>
<BR>[Address Reference Count : 1]<UL><LI> stm32f10x.o(RESET)
</UL>
<P><STRONG><a name="[cac400]"></a>ADC_IRQHandler</STRONG> (Thumb, 0 bytes, Stack size 0 bytes, stm32f10x.o(.text))
<BR><BR>[Calls]<UL><LI><a href="#[cac400]">&gt;&gt;</a>&nbsp;&nbsp;&nbsp;ADC_IRQHandler
</UL>
<BR>[Called By]<UL><LI><a href="#[cac400]">&gt;&gt;</a>&nbsp;&nbsp;&nbsp;ADC_IRQHandler
</UL>
<BR>[Address Reference Count : 1]<UL><LI> stm32f10x.o(RESET)
</UL>
<P><STRONG><a name="[cac3c4]"></a>CAN_RX1_IRQHandler</STRONG> (Thumb, 0 bytes, Stack size 0 bytes, stm32f10x.o(.text))
<BR>[Address Reference Count : 1]<UL><LI> stm32f10x.o(RESET)
</UL>
<P><STRONG><a name="[cac388]"></a>CAN_SCE_IRQHandler</STRONG> (Thumb, 0 bytes, Stack size 0 bytes, stm32f10x.o(.text))
<BR>[Address Reference Count : 1]<UL><LI> stm32f10x.o(RESET)
</UL>
<P><STRONG><a name="[cac34c]"></a>DMAChannel1_IRQHandler</STRONG> (Thumb, 0 bytes, Stack size 0 bytes, stm32f10x.o(.text))
<BR>[Address Reference Count : 1]<UL><LI> stm32f10x.o(RESET)
</UL>
<P><STRONG><a name="[cac310]"></a>DMAChannel2_IRQHandler</STRONG> (Thumb, 0 bytes, Stack size 0 bytes, stm32f10x.o(.text))
<BR>[Address Reference Count : 1]<UL><LI> stm32f10x.o(RESET)
</UL>
<P><STRONG><a name="[cac2d4]"></a>DMAChannel3_IRQHandler</STRONG> (Thumb, 0 bytes, Stack size 0 bytes, stm32f10x.o(.text))
<BR>[Address Reference Count : 1]<UL><LI> stm32f10x.o(RESET)
</UL>
<P><STRONG><a name="[cac298]"></a>DMAChannel4_IRQHandler</STRONG> (Thumb, 0 bytes, Stack size 0 bytes, stm32f10x.o(.text))
<BR>[Address Reference Count : 1]<UL><LI> stm32f10x.o(RESET)
</UL>
<P><STRONG><a name="[cac25c]"></a>DMAChannel5_IRQHandler</STRONG> (Thumb, 0 bytes, Stack size 0 bytes, stm32f10x.o(.text))
<BR>[Address Reference Count : 1]<UL><LI> stm32f10x.o(RESET)
</UL>
<P><STRONG><a name="[cac220]"></a>DMAChannel6_IRQHandler</STRONG> (Thumb, 0 bytes, Stack size 0 bytes, stm32f10x.o(.text))
<BR>[Address Reference Count : 1]<UL><LI> stm32f10x.o(RESET)
</UL>
<P><STRONG><a name="[cac1e4]"></a>DMAChannel7_IRQHandler</STRONG> (Thumb, 0 bytes, Stack size 0 bytes, stm32f10x.o(.text))
<BR>[Address Reference Count : 1]<UL><LI> stm32f10x.o(RESET)
</UL>
<P><STRONG><a name="[cac1a8]"></a>EXTI0_IRQHandler</STRONG> (Thumb, 0 bytes, Stack size 0 bytes, stm32f10x.o(.text))
<BR>[Address Reference Count : 1]<UL><LI> stm32f10x.o(RESET)
</UL>
<P><STRONG><a name="[cac16c]"></a>EXTI15_10_IRQHandler</STRONG> (Thumb, 0 bytes, Stack size 0 bytes, stm32f10x.o(.text))
<BR>[Address Reference Count : 1]<UL><LI> stm32f10x.o(RESET)
</UL>
<P><STRONG><a name="[cac130]"></a>EXTI1_IRQHandler</STRONG> (Thumb, 0 bytes, Stack size 0 bytes, stm32f10x.o(.text))
<BR>[Address Reference Count : 1]<UL><LI> stm32f10x.o(RESET)
</UL>
<P><STRONG><a name="[cac0f4]"></a>EXTI2_IRQHandler</STRONG> (Thumb, 0 bytes, Stack size 0 bytes, stm32f10x.o(.text))
<BR>[Address Reference Count : 1]<UL><LI> stm32f10x.o(RESET)
</UL>
<P><STRONG><a name="[cac0b8]"></a>EXTI3_IRQHandler</STRONG> (Thumb, 0 bytes, Stack size 0 bytes, stm32f10x.o(.text))
<BR>[Address Reference Count : 1]<UL><LI> stm32f10x.o(RESET)
</UL>
<P><STRONG><a name="[cac07c]"></a>EXTI4_IRQHandler</STRONG> (Thumb, 0 bytes, Stack size 0 bytes, stm32f10x.o(.text))
<BR>[Address Reference Count : 1]<UL><LI> stm32f10x.o(RESET)
</UL>
<P><STRONG><a name="[cac040]"></a>EXTI9_5_IRQHandler</STRONG> (Thumb, 0 bytes, Stack size 0 bytes, stm32f10x.o(.text))
<BR>[Address Reference Count : 1]<UL><LI> stm32f10x.o(RESET)
</UL>
<P><STRONG><a name="[cac004]"></a>FLASH_IRQHandler</STRONG> (Thumb, 0 bytes, Stack size 0 bytes, stm32f10x.o(.text))
<BR>[Address Reference Count : 1]<UL><LI> stm32f10x.o(RESET)
</UL>
<P><STRONG><a name="[cabfc8]"></a>I2C1_ER_IRQHandler</STRONG> (Thumb, 0 bytes, Stack size 0 bytes, stm32f10x.o(.text))
<BR>[Address Reference Count : 1]<UL><LI> stm32f10x.o(RESET)
</UL>
<P><STRONG><a name="[cabf8c]"></a>I2C1_EV_IRQHandler</STRONG> (Thumb, 0 bytes, Stack size 0 bytes, stm32f10x.o(.text))
<BR>[Address Reference Count : 1]<UL><LI> stm32f10x.o(RESET)
</UL>
<P><STRONG><a name="[cabf50]"></a>I2C2_ER_IRQHandler</STRONG> (Thumb, 0 bytes, Stack size 0 bytes, stm32f10x.o(.text))
<BR>[Address Reference Count : 1]<UL><LI> stm32f10x.o(RESET)
</UL>
<P><STRONG><a name="[cabf14]"></a>I2C2_EV_IRQHandler</STRONG> (Thumb, 0 bytes, Stack size 0 bytes, stm32f10x.o(.text))
<BR>[Address Reference Count : 1]<UL><LI> stm32f10x.o(RESET)
</UL>
<P><STRONG><a name="[cabed8]"></a>PVD_IRQHandler</STRONG> (Thumb, 0 bytes, Stack size 0 bytes, stm32f10x.o(.text))
<BR>[Address Reference Count : 1]<UL><LI> stm32f10x.o(RESET)
</UL>
<P><STRONG><a name="[cabe9c]"></a>RCC_IRQHandler</STRONG> (Thumb, 0 bytes, Stack size 0 bytes, stm32f10x.o(.text))
<BR>[Address Reference Count : 1]<UL><LI> stm32f10x.o(RESET)
</UL>
<P><STRONG><a name="[cabe60]"></a>RTCAlarm_IRQHandler</STRONG> (Thumb, 0 bytes, Stack size 0 bytes, stm32f10x.o(.text))
<BR>[Address Reference Count : 1]<UL><LI> stm32f10x.o(RESET)
</UL>
<P><STRONG><a name="[cabe24]"></a>RTC_IRQHandler</STRONG> (Thumb, 0 bytes, Stack size 0 bytes, stm32f10x.o(.text))
<BR>[Address Reference Count : 1]<UL><LI> stm32f10x.o(RESET)
</UL>
<P><STRONG><a name="[cabde8]"></a>SPI1_IRQHandler</STRONG> (Thumb, 0 bytes, Stack size 0 bytes, stm32f10x.o(.text))
<BR>[Address Reference Count : 1]<UL><LI> stm32f10x.o(RESET)
</UL>
<P><STRONG><a name="[cabdac]"></a>SPI2_IRQHandler</STRONG> (Thumb, 0 bytes, Stack size 0 bytes, stm32f10x.o(.text))
<BR>[Address Reference Count : 1]<UL><LI> stm32f10x.o(RESET)
</UL>
<P><STRONG><a name="[cabd70]"></a>TAMPER_IRQHandler</STRONG> (Thumb, 0 bytes, Stack size 0 bytes, stm32f10x.o(.text))
<BR>[Address Reference Count : 1]<UL><LI> stm32f10x.o(RESET)
</UL>
<P><STRONG><a name="[cabd34]"></a>TIM1_BRK_IRQHandler</STRONG> (Thumb, 0 bytes, Stack size 0 bytes, stm32f10x.o(.text))
<BR>[Address Reference Count : 1]<UL><LI> stm32f10x.o(RESET)
</UL>
<P><STRONG><a name="[cabcf8]"></a>TIM1_CC_IRQHandler</STRONG> (Thumb, 0 bytes, Stack size 0 bytes, stm32f10x.o(.text))
<BR>[Address Reference Count : 1]<UL><LI> stm32f10x.o(RESET)
</UL>
<P><STRONG><a name="[cabcbc]"></a>TIM1_TRG_COM_IRQHandler</STRONG> (Thumb, 0 bytes, Stack size 0 bytes, stm32f10x.o(.text))
<BR>[Address Reference Count : 1]<UL><LI> stm32f10x.o(RESET)
</UL>
<P><STRONG><a name="[cabc80]"></a>TIM1_UP_IRQHandler</STRONG> (Thumb, 0 bytes, Stack size 0 bytes, stm32f10x.o(.text))
<BR>[Address Reference Count : 1]<UL><LI> stm32f10x.o(RESET)
</UL>
<P><STRONG><a name="[cabc44]"></a>TIM2_IRQHandler</STRONG> (Thumb, 0 bytes, Stack size 0 bytes, stm32f10x.o(.text))
<BR>[Address Reference Count : 1]<UL><LI> stm32f10x.o(RESET)
</UL>
<P><STRONG><a name="[cabc08]"></a>TIM3_IRQHandler</STRONG> (Thumb, 0 bytes, Stack size 0 bytes, stm32f10x.o(.text))
<BR>[Address Reference Count : 1]<UL><LI> stm32f10x.o(RESET)
</UL>
<P><STRONG><a name="[cabbcc]"></a>TIM4_IRQHandler</STRONG> (Thumb, 0 bytes, Stack size 0 bytes, stm32f10x.o(.text))
<BR>[Address Reference Count : 1]<UL><LI> stm32f10x.o(RESET)
</UL>
<P><STRONG><a name="[cabb90]"></a>USART1_IRQHandler</STRONG> (Thumb, 0 bytes, Stack size 0 bytes, stm32f10x.o(.text))
<BR>[Address Reference Count : 1]<UL><LI> stm32f10x.o(RESET)
</UL>
<P><STRONG><a name="[cabb54]"></a>USART2_IRQHandler</STRONG> (Thumb, 0 bytes, Stack size 0 bytes, stm32f10x.o(.text))
<BR>[Address Reference Count : 1]<UL><LI> stm32f10x.o(RESET)
</UL>
<P><STRONG><a name="[cabb18]"></a>USART3_IRQHandler</STRONG> (Thumb, 0 bytes, Stack size 0 bytes, stm32f10x.o(.text))
<BR>[Address Reference Count : 1]<UL><LI> stm32f10x.o(RESET)
</UL>
<P><STRONG><a name="[cabadc]"></a>USBWakeUp_IRQHandler</STRONG> (Thumb, 0 bytes, Stack size 0 bytes, stm32f10x.o(.text))
<BR>[Address Reference Count : 1]<UL><LI> stm32f10x.o(RESET)
</UL>
<P><STRONG><a name="[cabaa0]"></a>USB_HP_CAN_TX_IRQHandler</STRONG> (Thumb, 0 bytes, Stack size 0 bytes, stm32f10x.o(.text))
<BR>[Address Reference Count : 1]<UL><LI> stm32f10x.o(RESET)
</UL>
<P><STRONG><a name="[caba64]"></a>USB_LP_CAN_RX0_IRQHandler</STRONG> (Thumb, 0 bytes, Stack size 0 bytes, stm32f10x.o(.text))
<BR>[Address Reference Count : 1]<UL><LI> stm32f10x.o(RESET)
</UL>
<P><STRONG><a name="[caba28]"></a>WWDG_IRQHandler</STRONG> (Thumb, 0 bytes, Stack size 0 bytes, stm32f10x.o(.text))
<BR>[Address Reference Count : 1]<UL><LI> stm32f10x.o(RESET)
</UL>
<P><STRONG><a name="[cac748]"></a>__user_initial_stackheap</STRONG> (Thumb, 0 bytes, Stack size unknown bytes, stm32f10x.o(.text))
<BR><BR>[Called By]<UL><LI><a href="#[159fc38]">&gt;&gt;</a>&nbsp;&nbsp;&nbsp;__user_setup_stackheap
</UL>

<P><STRONG><a name="[ca8cb0]"></a>Delay</STRONG> (Thumb, 10 bytes, Stack size 0 bytes, main.o(.text), UNUSED)

<P><STRONG><a name="[ca8c74]"></a>LCD_Write</STRONG> (Thumb, 130 bytes, Stack size 16 bytes, main.o(.text))
<BR><BR>[Stack]<UL><LI>Max Depth = 16<LI>Call Chain = LCD_Write
</UL>
<BR>[Calls]<UL><LI><a href="#[ca8710]">&gt;&gt;</a>&nbsp;&nbsp;&nbsp;GPIO_SetBits
<LI><a href="#[ca874c]">&gt;&gt;</a>&nbsp;&nbsp;&nbsp;GPIO_ResetBits
</UL>
<BR>[Called By]<UL><LI><a href="#[ca8b48]">&gt;&gt;</a>&nbsp;&nbsp;&nbsp;LCD_Init
<LI><a href="#[ca8bc0]">&gt;&gt;</a>&nbsp;&nbsp;&nbsp;LCD_SetRamAddr
<LI><a href="#[ca8bfc]">&gt;&gt;</a>&nbsp;&nbsp;&nbsp;Reg_Write
</UL>

<P><STRONG><a name="[ca8c38]"></a>LCD_Write_Data16</STRONG> (Thumb, 120 bytes, Stack size 16 bytes, main.o(.text))
<BR><BR>[Stack]<UL><LI>Max Depth = 16<LI>Call Chain = LCD_Write_Data16
</UL>
<BR>[Calls]<UL><LI><a href="#[ca8710]">&gt;&gt;</a>&nbsp;&nbsp;&nbsp;GPIO_SetBits
<LI><a href="#[ca874c]">&gt;&gt;</a>&nbsp;&nbsp;&nbsp;GPIO_ResetBits
</UL>
<BR>[Called By]<UL><LI><a href="#[ca89e0]">&gt;&gt;</a>&nbsp;&nbsp;&nbsp;display_pic
<LI><a href="#[ca8a58]">&gt;&gt;</a>&nbsp;&nbsp;&nbsp;ChineseChar
<LI><a href="#[ca8ad0]">&gt;&gt;</a>&nbsp;&nbsp;&nbsp;LCD_ShowChar
<LI><a href="#[ca8b0c]">&gt;&gt;</a>&nbsp;&nbsp;&nbsp;LCD_clear
<LI><a href="#[ca8b48]">&gt;&gt;</a>&nbsp;&nbsp;&nbsp;LCD_Init
<LI><a href="#[ca8bfc]">&gt;&gt;</a>&nbsp;&nbsp;&nbsp;Reg_Write
</UL>

<P><STRONG><a name="[ca8bfc]"></a>Reg_Write</STRONG> (Thumb, 20 bytes, Stack size 8 bytes, main.o(.text))
<BR><BR>[Stack]<UL><LI>Max Depth = 24<LI>Call Chain = Reg_Write &rArr; LCD_Write_Data16
</UL>
<BR>[Calls]<UL><LI><a href="#[ca8c38]">&gt;&gt;</a>&nbsp;&nbsp;&nbsp;LCD_Write_Data16
<LI><a href="#[ca8c74]">&gt;&gt;</a>&nbsp;&nbsp;&nbsp;LCD_Write
</UL>
<BR>[Called By]<UL><LI><a href="#[ca8b48]">&gt;&gt;</a>&nbsp;&nbsp;&nbsp;LCD_Init
<LI><a href="#[ca8bc0]">&gt;&gt;</a>&nbsp;&nbsp;&nbsp;LCD_SetRamAddr
</UL>

<P><STRONG><a name="[ca8bc0]"></a>LCD_SetRamAddr</STRONG> (Thumb, 86 bytes, Stack size 24 bytes, main.o(.text))
<BR><BR>[Stack]<UL><LI>Max Depth = 48<LI>Call Chain = LCD_SetRamAddr &rArr; Reg_Write &rArr; LCD_Write_Data16
</UL>
<BR>[Calls]<UL><LI><a href="#[ca8bfc]">&gt;&gt;</a>&nbsp;&nbsp;&nbsp;Reg_Write
<LI><a href="#[ca8c74]">&gt;&gt;</a>&nbsp;&nbsp;&nbsp;LCD_Write
</UL>
<BR>[Called By]<UL><LI><a href="#[ca89e0]">&gt;&gt;</a>&nbsp;&nbsp;&nbsp;display_pic
<LI><a href="#[ca8a58]">&gt;&gt;</a>&nbsp;&nbsp;&nbsp;ChineseChar
<LI><a href="#[ca8ad0]">&gt;&gt;</a>&nbsp;&nbsp;&nbsp;LCD_ShowChar
<LI><a href="#[ca8b0c]">&gt;&gt;</a>&nbsp;&nbsp;&nbsp;LCD_clear
</UL>

<P><STRONG><a name="[ca8b84]"></a>delay_ms</STRONG> (Thumb, 20 bytes, Stack size 0 bytes, main.o(.text))
<BR><BR>[Called By]<UL><LI><a href="#[ca8b48]">&gt;&gt;</a>&nbsp;&nbsp;&nbsp;LCD_Init
</UL>

<P><STRONG><a name="[ca8b48]"></a>LCD_Init</STRONG> (Thumb, 884 bytes, Stack size 16 bytes, main.o(.text))
<BR><BR>[Stack]<UL><LI>Max Depth = 40<LI>Call Chain = LCD_Init &rArr; Reg_Write &rArr; LCD_Write_Data16
</UL>
<BR>[Calls]<UL><LI><a href="#[ca8710]">&gt;&gt;</a>&nbsp;&nbsp;&nbsp;GPIO_SetBits
<LI><a href="#[ca874c]">&gt;&gt;</a>&nbsp;&nbsp;&nbsp;GPIO_ResetBits
<LI><a href="#[ca8b84]">&gt;&gt;</a>&nbsp;&nbsp;&nbsp;delay_ms
<LI><a href="#[ca8bfc]">&gt;&gt;</a>&nbsp;&nbsp;&nbsp;Reg_Write
<LI><a href="#[ca8c38]">&gt;&gt;</a>&nbsp;&nbsp;&nbsp;LCD_Write_Data16
<LI><a href="#[ca8c74]">&gt;&gt;</a>&nbsp;&nbsp;&nbsp;LCD_Write
</UL>
<BR>[Called By]<UL><LI><a href="#[ca892c]">&gt;&gt;</a>&nbsp;&nbsp;&nbsp;main
</UL>

<P><STRONG><a name="[ca8b0c]"></a>LCD_clear</STRONG> (Thumb, 54 bytes, Stack size 24 bytes, main.o(.text))
<BR><BR>[Stack]<UL><LI>Max Depth = 72<LI>Call Chain = LCD_clear &rArr; LCD_SetRamAddr &rArr; Reg_Write &rArr; LCD_Write_Data16
</UL>
<BR>[Calls]<UL><LI><a href="#[ca8bc0]">&gt;&gt;</a>&nbsp;&nbsp;&nbsp;LCD_SetRamAddr
<LI><a href="#[ca8c38]">&gt;&gt;</a>&nbsp;&nbsp;&nbsp;LCD_Write_Data16
</UL>
<BR>[Called By]<UL><LI><a href="#[ca892c]">&gt;&gt;</a>&nbsp;&nbsp;&nbsp;main
</UL>

<P><STRONG><a name="[ca8ad0]"></a>LCD_ShowChar</STRONG> (Thumb, 100 bytes, Stack size 40 bytes, main.o(.text))
<BR><BR>[Stack]<UL><LI>Max Depth = 88<LI>Call Chain = LCD_ShowChar &rArr; LCD_SetRamAddr &rArr; Reg_Write &rArr; LCD_Write_Data16
</UL>
<BR>[Calls]<UL><LI><a href="#[ca8bc0]">&gt;&gt;</a>&nbsp;&nbsp;&nbsp;LCD_SetRamAddr
<LI><a href="#[ca8c38]">&gt;&gt;</a>&nbsp;&nbsp;&nbsp;LCD_Write_Data16
</UL>
<BR>[Called By]<UL><LI><a href="#[ca88b4]">&gt;&gt;</a>&nbsp;&nbsp;&nbsp;FAT32_Open_File
<LI><a href="#[ca8a94]">&gt;&gt;</a>&nbsp;&nbsp;&nbsp;LCD_ShowString
</UL>

<P><STRONG><a name="[ca8a94]"></a>LCD_ShowString</STRONG> (Thumb, 64 bytes, Stack size 32 bytes, main.o(.text))
<BR><BR>[Stack]<UL><LI>Max Depth = 120<LI>Call Chain = LCD_ShowString &rArr; LCD_ShowChar &rArr; LCD_SetRamAddr &rArr; Reg_Write &rArr; LCD_Write_Data16
</UL>
<BR>[Calls]<UL><LI><a href="#[ca8710]">&gt;&gt;</a>&nbsp;&nbsp;&nbsp;GPIO_SetBits
<LI><a href="#[ca874c]">&gt;&gt;</a>&nbsp;&nbsp;&nbsp;GPIO_ResetBits
<LI><a href="#[ca8ad0]">&gt;&gt;</a>&nbsp;&nbsp;&nbsp;LCD_ShowChar
</UL>
<BR>[Called By]<UL><LI><a href="#[ca88b4]">&gt;&gt;</a>&nbsp;&nbsp;&nbsp;FAT32_Open_File
<LI><a href="#[ca892c]">&gt;&gt;</a>&nbsp;&nbsp;&nbsp;main
</UL>

<P><STRONG><a name="[ca8a58]"></a>ChineseChar</STRONG> (Thumb, 146 bytes, Stack size 48 bytes, main.o(.text), UNUSED)
<BR><BR>[Calls]<UL><LI><a href="#[ca8bc0]">&gt;&gt;</a>&nbsp;&nbsp;&nbsp;LCD_SetRamAddr
<LI><a href="#[ca8c38]">&gt;&gt;</a>&nbsp;&nbsp;&nbsp;LCD_Write_Data16
</UL>

<P><STRONG><a name="[ca8a1c]"></a>delayms</STRONG> (Thumb, 20 bytes, Stack size 0 bytes, main.o(.text), UNUSED)

<P><STRONG><a name="[ca89e0]"></a>display_pic</STRONG> (Thumb, 96 bytes, Stack size 24 bytes, main.o(.text))
<BR><BR>[Stack]<UL><LI>Max Depth = 124<LI>Call Chain = display_pic &rArr; FAT32_Read_File &rArr; FAT32_Seek_File &rArr; FAT32_GetNextCluster &rArr; LE2BE
</UL>
<BR>[Calls]<UL><LI><a href="#[ca8878]">&gt;&gt;</a>&nbsp;&nbsp;&nbsp;FAT32_Read_File
<LI><a href="#[ca8bc0]">&gt;&gt;</a>&nbsp;&nbsp;&nbsp;LCD_SetRamAddr
<LI><a href="#[ca8c38]">&gt;&gt;</a>&nbsp;&nbsp;&nbsp;LCD_Write_Data16
</UL>
<BR>[Called By]<UL><LI><a href="#[ca892c]">&gt;&gt;</a>&nbsp;&nbsp;&nbsp;main
</UL>

<P><STRONG><a name="[ca89a4]"></a>NVIC_Configuration</STRONG> (Thumb, 10 bytes, Stack size 0 bytes, main.o(.text))
<BR><BR>[Calls]<UL><LI><a href="#[ca85e4]">&gt;&gt;</a>&nbsp;&nbsp;&nbsp;NVIC_SetVectorTable
</UL>
<BR>[Called By]<UL><LI><a href="#[ca892c]">&gt;&gt;</a>&nbsp;&nbsp;&nbsp;main
</UL>

<P><STRONG><a name="[ca8968]"></a>RCC_Configuration</STRONG> (Thumb, 104 bytes, Stack size 8 bytes, main.o(.text))
<BR><BR>[Stack]<UL><LI>Max Depth = 20<LI>Call Chain = RCC_Configuration &rArr; RCC_WaitForHSEStartUp
</UL>
<BR>[Calls]<UL><LI><a href="#[ca8314]">&gt;&gt;</a>&nbsp;&nbsp;&nbsp;RCC_WaitForHSEStartUp
<LI><a href="#[ca8350]">&gt;&gt;</a>&nbsp;&nbsp;&nbsp;RCC_SYSCLKConfig
<LI><a href="#[ca838c]">&gt;&gt;</a>&nbsp;&nbsp;&nbsp;RCC_PLLConfig
<LI><a href="#[ca83c8]">&gt;&gt;</a>&nbsp;&nbsp;&nbsp;RCC_PLLCmd
<LI><a href="#[ca8404]">&gt;&gt;</a>&nbsp;&nbsp;&nbsp;RCC_PCLK2Config
<LI><a href="#[ca8440]">&gt;&gt;</a>&nbsp;&nbsp;&nbsp;RCC_PCLK1Config
<LI><a href="#[ca847c]">&gt;&gt;</a>&nbsp;&nbsp;&nbsp;RCC_HSEConfig
<LI><a href="#[ca84b8]">&gt;&gt;</a>&nbsp;&nbsp;&nbsp;RCC_HCLKConfig
<LI><a href="#[ca84f4]">&gt;&gt;</a>&nbsp;&nbsp;&nbsp;RCC_GetSYSCLKSource
<LI><a href="#[ca8530]">&gt;&gt;</a>&nbsp;&nbsp;&nbsp;RCC_GetFlagStatus
<LI><a href="#[ca856c]">&gt;&gt;</a>&nbsp;&nbsp;&nbsp;RCC_DeInit
<LI><a href="#[ca8800]">&gt;&gt;</a>&nbsp;&nbsp;&nbsp;FLASH_SetLatency
<LI><a href="#[ca883c]">&gt;&gt;</a>&nbsp;&nbsp;&nbsp;FLASH_PrefetchBufferCmd
</UL>
<BR>[Called By]<UL><LI><a href="#[ca892c]">&gt;&gt;</a>&nbsp;&nbsp;&nbsp;main
</UL>

<P><STRONG><a name="[ca892c]"></a>main</STRONG> (Thumb, 206 bytes, Stack size 32 bytes, main.o(.text))
<BR><BR>[Stack]<UL><LI>Max Depth = 232<LI>Call Chain = main &rArr; FAT32_Open_File &rArr; LCD_ShowString &rArr; LCD_ShowChar &rArr; LCD_SetRamAddr &rArr; Reg_Write &rArr; LCD_Write_Data16
</UL>
<BR>[Calls]<UL><LI><a href="#[ca85a8]">&gt;&gt;</a>&nbsp;&nbsp;&nbsp;RCC_APB2PeriphClockCmd
<LI><a href="#[ca8620]">&gt;&gt;</a>&nbsp;&nbsp;&nbsp;MMC_Reset
<LI><a href="#[ca865c]">&gt;&gt;</a>&nbsp;&nbsp;&nbsp;MMC_Init
<LI><a href="#[ca86d4]">&gt;&gt;</a>&nbsp;&nbsp;&nbsp;GPIO_Write
<LI><a href="#[ca8710]">&gt;&gt;</a>&nbsp;&nbsp;&nbsp;GPIO_SetBits
<LI><a href="#[ca8788]">&gt;&gt;</a>&nbsp;&nbsp;&nbsp;GPIO_PinRemapConfig
<LI><a href="#[ca87c4]">&gt;&gt;</a>&nbsp;&nbsp;&nbsp;GPIO_Init
<LI><a href="#[ca88b4]">&gt;&gt;</a>&nbsp;&nbsp;&nbsp;FAT32_Open_File
<LI><a href="#[ca88f0]">&gt;&gt;</a>&nbsp;&nbsp;&nbsp;FAT32_Init
<LI><a href="#[ca8968]">&gt;&gt;</a>&nbsp;&nbsp;&nbsp;RCC_Configuration
<LI><a href="#[ca89a4]">&gt;&gt;</a>&nbsp;&nbsp;&nbsp;NVIC_Configuration
<LI><a href="#[ca89e0]">&gt;&gt;</a>&nbsp;&nbsp;&nbsp;display_pic
<LI><a href="#[ca8a94]">&gt;&gt;</a>&nbsp;&nbsp;&nbsp;LCD_ShowString
<LI><a href="#[ca8b0c]">&gt;&gt;</a>&nbsp;&nbsp;&nbsp;LCD_clear
<LI><a href="#[ca8b48]">&gt;&gt;</a>&nbsp;&nbsp;&nbsp;LCD_Init
</UL>
<BR>[Called By]<UL><LI><a href="#[159ff80]">&gt;&gt;</a>&nbsp;&nbsp;&nbsp;__rt_entry_main
</UL>

<P><STRONG><a name="[ca7cfc]"></a>delay</STRONG> (Thumb, 6 bytes, Stack size 0 bytes, mmc.o(.text), UNUSED)
<BR><BR>[Calls]<UL><LI><a href="#[ca7cfc]">&gt;&gt;</a>&nbsp;&nbsp;&nbsp;delay
</UL>
<BR>[Called By]<UL><LI><a href="#[ca7cfc]">&gt;&gt;</a>&nbsp;&nbsp;&nbsp;delay
</UL>

<P><STRONG><a name="[ca7cc0]"></a>NOP</STRONG> (Thumb, 12 bytes, Stack size 0 bytes, mmc.o(.text))
<BR><BR>[Called By]<UL><LI><a href="#[ca7c84]">&gt;&gt;</a>&nbsp;&nbsp;&nbsp;delayNOP
</UL>

<P><STRONG><a name="[ca7c84]"></a>delayNOP</STRONG> (Thumb, 20 bytes, Stack size 4 bytes, mmc.o(.text))
<BR><BR>[Stack]<UL><LI>Max Depth = 4<LI>Call Chain = delayNOP
</UL>
<BR>[Calls]<UL><LI><a href="#[ca7cc0]">&gt;&gt;</a>&nbsp;&nbsp;&nbsp;NOP
</UL>
<BR>[Called By]<UL><LI><a href="#[ca7bd0]">&gt;&gt;</a>&nbsp;&nbsp;&nbsp;Read_Byte_MMC
<LI><a href="#[ca7c0c]">&gt;&gt;</a>&nbsp;&nbsp;&nbsp;Write_Byte_MMC
</UL>

<P><STRONG><a name="[ca7c48]"></a>MMC_Port_Init</STRONG> (Thumb, 36 bytes, Stack size 8 bytes, mmc.o(.text), UNUSED)
<BR><BR>[Calls]<UL><LI><a href="#[ca8710]">&gt;&gt;</a>&nbsp;&nbsp;&nbsp;GPIO_SetBits
</UL>

<P><STRONG><a name="[ca7c0c]"></a>Write_Byte_MMC</STRONG> (Thumb, 86 bytes, Stack size 32 bytes, mmc.o(.text))
<BR><BR>[Stack]<UL><LI>Max Depth = 36<LI>Call Chain = Write_Byte_MMC &rArr; delayNOP
</UL>
<BR>[Calls]<UL><LI><a href="#[ca7c84]">&gt;&gt;</a>&nbsp;&nbsp;&nbsp;delayNOP
<LI><a href="#[ca8710]">&gt;&gt;</a>&nbsp;&nbsp;&nbsp;GPIO_SetBits
<LI><a href="#[ca874c]">&gt;&gt;</a>&nbsp;&nbsp;&nbsp;GPIO_ResetBits
</UL>
<BR>[Called By]<UL><LI><a href="#[ca7aa4]">&gt;&gt;</a>&nbsp;&nbsp;&nbsp;SD_Read_Sector
<LI><a href="#[ca7b94]">&gt;&gt;</a>&nbsp;&nbsp;&nbsp;Write_Command_MMC
<LI><a href="#[ca8620]">&gt;&gt;</a>&nbsp;&nbsp;&nbsp;MMC_Reset
<LI><a href="#[ca865c]">&gt;&gt;</a>&nbsp;&nbsp;&nbsp;MMC_Init
</UL>

<P><STRONG><a name="[ca7bd0]"></a>Read_Byte_MMC</STRONG> (Thumb, 92 bytes, Stack size 32 bytes, mmc.o(.text))
<BR><BR>[Stack]<UL><LI>Max Depth = 36<LI>Call Chain = Read_Byte_MMC &rArr; delayNOP
</UL>
<BR>[Calls]<UL><LI><a href="#[ca7a68]">&gt;&gt;</a>&nbsp;&nbsp;&nbsp;GPIO_ReadInputDataBit
<LI><a href="#[ca7c84]">&gt;&gt;</a>&nbsp;&nbsp;&nbsp;delayNOP
<LI><a href="#[ca8710]">&gt;&gt;</a>&nbsp;&nbsp;&nbsp;GPIO_SetBits
<LI><a href="#[ca874c]">&gt;&gt;</a>&nbsp;&nbsp;&nbsp;GPIO_ResetBits
</UL>
<BR>[Called By]<UL><LI><a href="#[ca7aa4]">&gt;&gt;</a>&nbsp;&nbsp;&nbsp;SD_Read_Sector
<LI><a href="#[ca7b58]">&gt;&gt;</a>&nbsp;&nbsp;&nbsp;MMC_Read_Block
<LI><a href="#[ca7b94]">&gt;&gt;</a>&nbsp;&nbsp;&nbsp;Write_Command_MMC
</UL>

<P><STRONG><a name="[ca7b94]"></a>Write_Command_MMC</STRONG> (Thumb, 74 bytes, Stack size 16 bytes, mmc.o(.text))
<BR><BR>[Stack]<UL><LI>Max Depth = 52<LI>Call Chain = Write_Command_MMC &rArr; Read_Byte_MMC &rArr; delayNOP
</UL>
<BR>[Calls]<UL><LI><a href="#[ca7bd0]">&gt;&gt;</a>&nbsp;&nbsp;&nbsp;Read_Byte_MMC
<LI><a href="#[ca7c0c]">&gt;&gt;</a>&nbsp;&nbsp;&nbsp;Write_Byte_MMC
<LI><a href="#[ca8710]">&gt;&gt;</a>&nbsp;&nbsp;&nbsp;GPIO_SetBits
<LI><a href="#[ca874c]">&gt;&gt;</a>&nbsp;&nbsp;&nbsp;GPIO_ResetBits
</UL>
<BR>[Called By]<UL><LI><a href="#[ca7aa4]">&gt;&gt;</a>&nbsp;&nbsp;&nbsp;SD_Read_Sector
<LI><a href="#[ca7b58]">&gt;&gt;</a>&nbsp;&nbsp;&nbsp;MMC_Read_Block
<LI><a href="#[ca8620]">&gt;&gt;</a>&nbsp;&nbsp;&nbsp;MMC_Reset
<LI><a href="#[ca865c]">&gt;&gt;</a>&nbsp;&nbsp;&nbsp;MMC_Init
</UL>

<P><STRONG><a name="[ca8620]"></a>MMC_Reset</STRONG> (Thumb, 90 bytes, Stack size 24 bytes, mmc.o(.text))
<BR><BR>[Stack]<UL><LI>Max Depth = 76<LI>Call Chain = MMC_Reset &rArr; Write_Command_MMC &rArr; Read_Byte_MMC &rArr; delayNOP
</UL>
<BR>[Calls]<UL><LI><a href="#[ca7b94]">&gt;&gt;</a>&nbsp;&nbsp;&nbsp;Write_Command_MMC
<LI><a href="#[ca7c0c]">&gt;&gt;</a>&nbsp;&nbsp;&nbsp;Write_Byte_MMC
<LI><a href="#[ca8710]">&gt;&gt;</a>&nbsp;&nbsp;&nbsp;GPIO_SetBits
<LI><a href="#[ca874c]">&gt;&gt;</a>&nbsp;&nbsp;&nbsp;GPIO_ResetBits
</UL>
<BR>[Called By]<UL><LI><a href="#[ca892c]">&gt;&gt;</a>&nbsp;&nbsp;&nbsp;main
</UL>

<P><STRONG><a name="[ca865c]"></a>MMC_Init</STRONG> (Thumb, 70 bytes, Stack size 24 bytes, mmc.o(.text))
<BR><BR>[Stack]<UL><LI>Max Depth = 76<LI>Call Chain = MMC_Init &rArr; Write_Command_MMC &rArr; Read_Byte_MMC &rArr; delayNOP
</UL>
<BR>[Calls]<UL><LI><a href="#[ca7b94]">&gt;&gt;</a>&nbsp;&nbsp;&nbsp;Write_Command_MMC
<LI><a href="#[ca7c0c]">&gt;&gt;</a>&nbsp;&nbsp;&nbsp;Write_Byte_MMC
<LI><a href="#[ca8710]">&gt;&gt;</a>&nbsp;&nbsp;&nbsp;GPIO_SetBits
<LI><a href="#[ca874c]">&gt;&gt;</a>&nbsp;&nbsp;&nbsp;GPIO_ResetBits
</UL>
<BR>[Called By]<UL><LI><a href="#[ca892c]">&gt;&gt;</a>&nbsp;&nbsp;&nbsp;main
</UL>

<P><STRONG><a name="[ca7b58]"></a>MMC_Read_Block</STRONG> (Thumb, 82 bytes, Stack size 24 bytes, mmc.o(.text), UNUSED)
<BR><BR>[Calls]<UL><LI><a href="#[ca7b94]">&gt;&gt;</a>&nbsp;&nbsp;&nbsp;Write_Command_MMC
<LI><a href="#[ca7bd0]">&gt;&gt;</a>&nbsp;&nbsp;&nbsp;Read_Byte_MMC
<LI><a href="#[ca8710]">&gt;&gt;</a>&nbsp;&nbsp;&nbsp;GPIO_SetBits
</UL>
<BR>[Called By]<UL><LI><a href="#[ca7ae0]">&gt;&gt;</a>&nbsp;&nbsp;&nbsp;Read_CID_MMC
<LI><a href="#[ca7b1c]">&gt;&gt;</a>&nbsp;&nbsp;&nbsp;Read_CSD_MMC
</UL>

<P><STRONG><a name="[ca7b1c]"></a>Read_CSD_MMC</STRONG> (Thumb, 22 bytes, Stack size 0 bytes, mmc.o(.text), UNUSED)
<BR><BR>[Calls]<UL><LI><a href="#[ca7b58]">&gt;&gt;</a>&nbsp;&nbsp;&nbsp;MMC_Read_Block
</UL>

<P><STRONG><a name="[ca7ae0]"></a>Read_CID_MMC</STRONG> (Thumb, 22 bytes, Stack size 0 bytes, mmc.o(.text), UNUSED)
<BR><BR>[Calls]<UL><LI><a href="#[ca7b58]">&gt;&gt;</a>&nbsp;&nbsp;&nbsp;MMC_Read_Block
</UL>

<P><STRONG><a name="[ca7aa4]"></a>SD_Read_Sector</STRONG> (Thumb, 128 bytes, Stack size 32 bytes, mmc.o(.text))
<BR><BR>[Stack]<UL><LI>Max Depth = 84<LI>Call Chain = SD_Read_Sector &rArr; Write_Command_MMC &rArr; Read_Byte_MMC &rArr; delayNOP
</UL>
<BR>[Calls]<UL><LI><a href="#[ca7b94]">&gt;&gt;</a>&nbsp;&nbsp;&nbsp;Write_Command_MMC
<LI><a href="#[ca7bd0]">&gt;&gt;</a>&nbsp;&nbsp;&nbsp;Read_Byte_MMC
<LI><a href="#[ca7c0c]">&gt;&gt;</a>&nbsp;&nbsp;&nbsp;Write_Byte_MMC
<LI><a href="#[ca8710]">&gt;&gt;</a>&nbsp;&nbsp;&nbsp;GPIO_SetBits
<LI><a href="#[ca874c]">&gt;&gt;</a>&nbsp;&nbsp;&nbsp;GPIO_ResetBits
</UL>
<BR>[Address Reference Count : 1]<UL><LI> fat.o(.text)
</UL>
<P><STRONG><a name="[ca71bc]"></a>FAT32_ReadSector</STRONG> (Thumb, 16 bytes, Stack size 0 bytes, fat.o(.text))
<BR><BR>[Called By]<UL><LI><a href="#[ca6dfc]">&gt;&gt;</a>&nbsp;&nbsp;&nbsp;FAT32_Enter_Dir
<LI><a href="#[ca6f28]">&gt;&gt;</a>&nbsp;&nbsp;&nbsp;FAT32_GetNextCluster
<LI><a href="#[ca6f64]">&gt;&gt;</a>&nbsp;&nbsp;&nbsp;FAT32_Update_FSInfo_Last_Clu
<LI><a href="#[ca6fa0]">&gt;&gt;</a>&nbsp;&nbsp;&nbsp;FAT32_Update_FSInfo_Free_Clu
<LI><a href="#[ca6fdc]">&gt;&gt;</a>&nbsp;&nbsp;&nbsp;FAT32_Get_Remain_Cap
<LI><a href="#[ca7018]">&gt;&gt;</a>&nbsp;&nbsp;&nbsp;Search_Last_Usable_Cluster
<LI><a href="#[ca7054]">&gt;&gt;</a>&nbsp;&nbsp;&nbsp;FAT32_Get_Total_Size
<LI><a href="#[ca7090]">&gt;&gt;</a>&nbsp;&nbsp;&nbsp;FAT32_Find_DBR
<LI><a href="#[ca70cc]">&gt;&gt;</a>&nbsp;&nbsp;&nbsp;FAT32_is_MBR
<LI><a href="#[ca8878]">&gt;&gt;</a>&nbsp;&nbsp;&nbsp;FAT32_Read_File
<LI><a href="#[ca88b4]">&gt;&gt;</a>&nbsp;&nbsp;&nbsp;FAT32_Open_File
</UL>

<P><STRONG><a name="[ca7180]"></a>FAT32_WriteSector</STRONG> (Thumb, 6 bytes, Stack size 0 bytes, fat.o(.text), UNUSED)
<BR><BR>[Called By]<UL><LI><a href="#[ca6f64]">&gt;&gt;</a>&nbsp;&nbsp;&nbsp;FAT32_Update_FSInfo_Last_Clu
<LI><a href="#[ca6fa0]">&gt;&gt;</a>&nbsp;&nbsp;&nbsp;FAT32_Update_FSInfo_Free_Clu
</UL>

<P><STRONG><a name="[ca7144]"></a>LE2BE</STRONG> (Thumb, 30 bytes, Stack size 12 bytes, fat.o(.text))
<BR><BR>[Stack]<UL><LI>Max Depth = 12<LI>Call Chain = LE2BE
</UL>
<BR>[Called By]<UL><LI><a href="#[ca6dfc]">&gt;&gt;</a>&nbsp;&nbsp;&nbsp;FAT32_Enter_Dir
<LI><a href="#[ca6f28]">&gt;&gt;</a>&nbsp;&nbsp;&nbsp;FAT32_GetNextCluster
<LI><a href="#[ca6fdc]">&gt;&gt;</a>&nbsp;&nbsp;&nbsp;FAT32_Get_Remain_Cap
<LI><a href="#[ca7018]">&gt;&gt;</a>&nbsp;&nbsp;&nbsp;Search_Last_Usable_Cluster
<LI><a href="#[ca7054]">&gt;&gt;</a>&nbsp;&nbsp;&nbsp;FAT32_Get_Total_Size
<LI><a href="#[ca7090]">&gt;&gt;</a>&nbsp;&nbsp;&nbsp;FAT32_Find_DBR
<LI><a href="#[ca88b4]">&gt;&gt;</a>&nbsp;&nbsp;&nbsp;FAT32_Open_File
<LI><a href="#[ca88f0]">&gt;&gt;</a>&nbsp;&nbsp;&nbsp;FAT32_Init
</UL>

<P><STRONG><a name="[ca7108]"></a>L2U</STRONG> (Thumb, 14 bytes, Stack size 0 bytes, fat.o(.text))
<BR><BR>[Called By]<UL><LI><a href="#[ca6dfc]">&gt;&gt;</a>&nbsp;&nbsp;&nbsp;FAT32_Enter_Dir
<LI><a href="#[ca6e38]">&gt;&gt;</a>&nbsp;&nbsp;&nbsp;Str2Up
<LI><a href="#[ca6e74]">&gt;&gt;</a>&nbsp;&nbsp;&nbsp;FAT32_toFileName
</UL>

<P><STRONG><a name="[ca70cc]"></a>FAT32_is_MBR</STRONG> (Thumb, 26 bytes, Stack size 8 bytes, fat.o(.text), UNUSED)
<BR><BR>[Calls]<UL><LI><a href="#[ca71bc]">&gt;&gt;</a>&nbsp;&nbsp;&nbsp;FAT32_ReadSector
</UL>

<P><STRONG><a name="[ca7090]"></a>FAT32_Find_DBR</STRONG> (Thumb, 32 bytes, Stack size 8 bytes, fat.o(.text))
<BR><BR>[Stack]<UL><LI>Max Depth = 20<LI>Call Chain = FAT32_Find_DBR &rArr; LE2BE
</UL>
<BR>[Calls]<UL><LI><a href="#[ca7144]">&gt;&gt;</a>&nbsp;&nbsp;&nbsp;LE2BE
<LI><a href="#[ca71bc]">&gt;&gt;</a>&nbsp;&nbsp;&nbsp;FAT32_ReadSector
</UL>
<BR>[Called By]<UL><LI><a href="#[ca88f0]">&gt;&gt;</a>&nbsp;&nbsp;&nbsp;FAT32_Init
</UL>

<P><STRONG><a name="[ca7054]"></a>FAT32_Get_Total_Size</STRONG> (Thumb, 42 bytes, Stack size 8 bytes, fat.o(.text))
<BR><BR>[Stack]<UL><LI>Max Depth = 20<LI>Call Chain = FAT32_Get_Total_Size &rArr; LE2BE
</UL>
<BR>[Calls]<UL><LI><a href="#[ca7144]">&gt;&gt;</a>&nbsp;&nbsp;&nbsp;LE2BE
<LI><a href="#[ca71bc]">&gt;&gt;</a>&nbsp;&nbsp;&nbsp;FAT32_ReadSector
</UL>
<BR>[Called By]<UL><LI><a href="#[ca88f0]">&gt;&gt;</a>&nbsp;&nbsp;&nbsp;FAT32_Init
</UL>

<P><STRONG><a name="[ca7018]"></a>Search_Last_Usable_Cluster</STRONG> (Thumb, 28 bytes, Stack size 8 bytes, fat.o(.text))
<BR><BR>[Stack]<UL><LI>Max Depth = 20<LI>Call Chain = Search_Last_Usable_Cluster &rArr; LE2BE
</UL>
<BR>[Calls]<UL><LI><a href="#[ca7144]">&gt;&gt;</a>&nbsp;&nbsp;&nbsp;LE2BE
<LI><a href="#[ca71bc]">&gt;&gt;</a>&nbsp;&nbsp;&nbsp;FAT32_ReadSector
</UL>
<BR>[Called By]<UL><LI><a href="#[ca88f0]">&gt;&gt;</a>&nbsp;&nbsp;&nbsp;FAT32_Init
</UL>

<P><STRONG><a name="[ca88f0]"></a>FAT32_Init</STRONG> (Thumb, 140 bytes, Stack size 16 bytes, fat.o(.text))
<BR><BR>[Stack]<UL><LI>Max Depth = 36<LI>Call Chain = FAT32_Init &rArr; Search_Last_Usable_Cluster &rArr; LE2BE
</UL>
<BR>[Calls]<UL><LI><a href="#[ca7018]">&gt;&gt;</a>&nbsp;&nbsp;&nbsp;Search_Last_Usable_Cluster
<LI><a href="#[ca7054]">&gt;&gt;</a>&nbsp;&nbsp;&nbsp;FAT32_Get_Total_Size
<LI><a href="#[ca7090]">&gt;&gt;</a>&nbsp;&nbsp;&nbsp;FAT32_Find_DBR
<LI><a href="#[ca7144]">&gt;&gt;</a>&nbsp;&nbsp;&nbsp;LE2BE
</UL>
<BR>[Called By]<UL><LI><a href="#[ca892c]">&gt;&gt;</a>&nbsp;&nbsp;&nbsp;main
</UL>

<P><STRONG><a name="[ca6fdc]"></a>FAT32_Get_Remain_Cap</STRONG> (Thumb, 78 bytes, Stack size 8 bytes, fat.o(.text), UNUSED)
<BR><BR>[Calls]<UL><LI><a href="#[ca7144]">&gt;&gt;</a>&nbsp;&nbsp;&nbsp;LE2BE
<LI><a href="#[ca71bc]">&gt;&gt;</a>&nbsp;&nbsp;&nbsp;FAT32_ReadSector
</UL>
<BR>[Called By]<UL><LI><a href="#[ca6fa0]">&gt;&gt;</a>&nbsp;&nbsp;&nbsp;FAT32_Update_FSInfo_Free_Clu
</UL>

<P><STRONG><a name="[ca6fa0]"></a>FAT32_Update_FSInfo_Free_Clu</STRONG> (Thumb, 86 bytes, Stack size 16 bytes, fat.o(.text), UNUSED)
<BR><BR>[Calls]<UL><LI><a href="#[ca6fdc]">&gt;&gt;</a>&nbsp;&nbsp;&nbsp;FAT32_Get_Remain_Cap
<LI><a href="#[ca7180]">&gt;&gt;</a>&nbsp;&nbsp;&nbsp;FAT32_WriteSector
<LI><a href="#[ca71bc]">&gt;&gt;</a>&nbsp;&nbsp;&nbsp;FAT32_ReadSector
</UL>

<P><STRONG><a name="[ca6f64]"></a>FAT32_Update_FSInfo_Last_Clu</STRONG> (Thumb, 58 bytes, Stack size 16 bytes, fat.o(.text), UNUSED)
<BR><BR>[Calls]<UL><LI><a href="#[ca7180]">&gt;&gt;</a>&nbsp;&nbsp;&nbsp;FAT32_WriteSector
<LI><a href="#[ca71bc]">&gt;&gt;</a>&nbsp;&nbsp;&nbsp;FAT32_ReadSector
</UL>

<P><STRONG><a name="[ca6f28]"></a>FAT32_GetNextCluster</STRONG> (Thumb, 38 bytes, Stack size 8 bytes, fat.o(.text))
<BR><BR>[Stack]<UL><LI>Max Depth = 20<LI>Call Chain = FAT32_GetNextCluster &rArr; LE2BE
</UL>
<BR>[Calls]<UL><LI><a href="#[ca7144]">&gt;&gt;</a>&nbsp;&nbsp;&nbsp;LE2BE
<LI><a href="#[ca71bc]">&gt;&gt;</a>&nbsp;&nbsp;&nbsp;FAT32_ReadSector
</UL>
<BR>[Called By]<UL><LI><a href="#[ca6dc0]">&gt;&gt;</a>&nbsp;&nbsp;&nbsp;FAT32_Seek_File
<LI><a href="#[ca6dfc]">&gt;&gt;</a>&nbsp;&nbsp;&nbsp;FAT32_Enter_Dir
<LI><a href="#[ca8878]">&gt;&gt;</a>&nbsp;&nbsp;&nbsp;FAT32_Read_File
<LI><a href="#[ca88b4]">&gt;&gt;</a>&nbsp;&nbsp;&nbsp;FAT32_Open_File
</UL>

<P><STRONG><a name="[ca6eec]"></a>Compare_Dir_Name</STRONG> (Thumb, 28 bytes, Stack size 8 bytes, fat.o(.text))
<BR><BR>[Stack]<UL><LI>Max Depth = 8<LI>Call Chain = Compare_Dir_Name
</UL>
<BR>[Called By]<UL><LI><a href="#[ca6dfc]">&gt;&gt;</a>&nbsp;&nbsp;&nbsp;FAT32_Enter_Dir
</UL>

<P><STRONG><a name="[ca6eb0]"></a>FilenameMatch</STRONG> (Thumb, 80 bytes, Stack size 24 bytes, fat.o(.text))
<BR><BR>[Stack]<UL><LI>Max Depth = 24<LI>Call Chain = FilenameMatch
</UL>
<BR>[Calls]<UL><LI><a href="#[15a0a48]">&gt;&gt;</a>&nbsp;&nbsp;&nbsp;strchr
</UL>
<BR>[Called By]<UL><LI><a href="#[ca88b4]">&gt;&gt;</a>&nbsp;&nbsp;&nbsp;FAT32_Open_File
</UL>

<P><STRONG><a name="[ca6e74]"></a>FAT32_toFileName</STRONG> (Thumb, 98 bytes, Stack size 12 bytes, fat.o(.text))
<BR><BR>[Stack]<UL><LI>Max Depth = 12<LI>Call Chain = FAT32_toFileName
</UL>
<BR>[Calls]<UL><LI><a href="#[ca7108]">&gt;&gt;</a>&nbsp;&nbsp;&nbsp;L2U
</UL>
<BR>[Called By]<UL><LI><a href="#[ca88b4]">&gt;&gt;</a>&nbsp;&nbsp;&nbsp;FAT32_Open_File
</UL>

<P><STRONG><a name="[ca6e38]"></a>Str2Up</STRONG> (Thumb, 32 bytes, Stack size 8 bytes, fat.o(.text))
<BR><BR>[Stack]<UL><LI>Max Depth = 16<LI>Call Chain = Str2Up &rArr; strlen
</UL>
<BR>[Calls]<UL><LI><a href="#[ca7108]">&gt;&gt;</a>&nbsp;&nbsp;&nbsp;L2U
<LI><a href="#[15a0868]">&gt;&gt;</a>&nbsp;&nbsp;&nbsp;strlen
</UL>
<BR>[Called By]<UL><LI><a href="#[ca88b4]">&gt;&gt;</a>&nbsp;&nbsp;&nbsp;FAT32_Open_File
</UL>

<P><STRONG><a name="[ca6dfc]"></a>FAT32_Enter_Dir</STRONG> (Thumb, 322 bytes, Stack size 64 bytes, fat.o(.text))
<BR><BR>[Stack]<UL><LI>Max Depth = 84<LI>Call Chain = FAT32_Enter_Dir &rArr; FAT32_GetNextCluster &rArr; LE2BE
</UL>
<BR>[Calls]<UL><LI><a href="#[ca6eec]">&gt;&gt;</a>&nbsp;&nbsp;&nbsp;Compare_Dir_Name
<LI><a href="#[ca6f28]">&gt;&gt;</a>&nbsp;&nbsp;&nbsp;FAT32_GetNextCluster
<LI><a href="#[ca7108]">&gt;&gt;</a>&nbsp;&nbsp;&nbsp;L2U
<LI><a href="#[ca7144]">&gt;&gt;</a>&nbsp;&nbsp;&nbsp;LE2BE
<LI><a href="#[ca71bc]">&gt;&gt;</a>&nbsp;&nbsp;&nbsp;FAT32_ReadSector
<LI><a href="#[15a0958]">&gt;&gt;</a>&nbsp;&nbsp;&nbsp;strcpy
</UL>
<BR>[Called By]<UL><LI><a href="#[ca88b4]">&gt;&gt;</a>&nbsp;&nbsp;&nbsp;FAT32_Open_File
</UL>

<P><STRONG><a name="[ca88b4]"></a>FAT32_Open_File</STRONG> (Thumb, 656 bytes, Stack size 80 bytes, fat.o(.text))
<BR><BR>[Stack]<UL><LI>Max Depth = 200<LI>Call Chain = FAT32_Open_File &rArr; LCD_ShowString &rArr; LCD_ShowChar &rArr; LCD_SetRamAddr &rArr; Reg_Write &rArr; LCD_Write_Data16
</UL>
<BR>[Calls]<UL><LI><a href="#[ca6dfc]">&gt;&gt;</a>&nbsp;&nbsp;&nbsp;FAT32_Enter_Dir
<LI><a href="#[ca6e38]">&gt;&gt;</a>&nbsp;&nbsp;&nbsp;Str2Up
<LI><a href="#[ca6e74]">&gt;&gt;</a>&nbsp;&nbsp;&nbsp;FAT32_toFileName
<LI><a href="#[ca6eb0]">&gt;&gt;</a>&nbsp;&nbsp;&nbsp;FilenameMatch
<LI><a href="#[ca6f28]">&gt;&gt;</a>&nbsp;&nbsp;&nbsp;FAT32_GetNextCluster
<LI><a href="#[ca7144]">&gt;&gt;</a>&nbsp;&nbsp;&nbsp;LE2BE
<LI><a href="#[ca71bc]">&gt;&gt;</a>&nbsp;&nbsp;&nbsp;FAT32_ReadSector
<LI><a href="#[ca8a94]">&gt;&gt;</a>&nbsp;&nbsp;&nbsp;LCD_ShowString
<LI><a href="#[ca8ad0]">&gt;&gt;</a>&nbsp;&nbsp;&nbsp;LCD_ShowChar
<LI><a href="#[15a0958]">&gt;&gt;</a>&nbsp;&nbsp;&nbsp;strcpy
</UL>
<BR>[Called By]<UL><LI><a href="#[ca892c]">&gt;&gt;</a>&nbsp;&nbsp;&nbsp;main
</UL>

<P><STRONG><a name="[ca6dc0]"></a>FAT32_Seek_File</STRONG> (Thumb, 394 bytes, Stack size 40 bytes, fat.o(.text))
<BR><BR>[Stack]<UL><LI>Max Depth = 60<LI>Call Chain = FAT32_Seek_File &rArr; FAT32_GetNextCluster &rArr; LE2BE
</UL>
<BR>[Calls]<UL><LI><a href="#[ca6f28]">&gt;&gt;</a>&nbsp;&nbsp;&nbsp;FAT32_GetNextCluster
</UL>
<BR>[Called By]<UL><LI><a href="#[ca8878]">&gt;&gt;</a>&nbsp;&nbsp;&nbsp;FAT32_Read_File
</UL>

<P><STRONG><a name="[ca8878]"></a>FAT32_Read_File</STRONG> (Thumb, 586 bytes, Stack size 40 bytes, fat.o(.text))
<BR><BR>[Stack]<UL><LI>Max Depth = 100<LI>Call Chain = FAT32_Read_File &rArr; FAT32_Seek_File &rArr; FAT32_GetNextCluster &rArr; LE2BE
</UL>
<BR>[Calls]<UL><LI><a href="#[ca6dc0]">&gt;&gt;</a>&nbsp;&nbsp;&nbsp;FAT32_Seek_File
<LI><a href="#[ca6f28]">&gt;&gt;</a>&nbsp;&nbsp;&nbsp;FAT32_GetNextCluster
<LI><a href="#[ca71bc]">&gt;&gt;</a>&nbsp;&nbsp;&nbsp;FAT32_ReadSector
</UL>
<BR>[Called By]<UL><LI><a href="#[ca89e0]">&gt;&gt;</a>&nbsp;&nbsp;&nbsp;display_pic
</UL>

<P><STRONG><a name="[ca6d84]"></a>FAT32_File_Close</STRONG> (Thumb, 16 bytes, Stack size 0 bytes, fat.o(.text), UNUSED)

<P><STRONG><a name="[15a0a48]"></a>strchr</STRONG> (Thumb, 20 bytes, Stack size 0 bytes, strchr.o(.text))
<BR><BR>[Called By]<UL><LI><a href="#[ca6eb0]">&gt;&gt;</a>&nbsp;&nbsp;&nbsp;FilenameMatch
</UL>

<P><STRONG><a name="[15a0958]"></a>strcpy</STRONG> (Thumb, 74 bytes, Stack size 12 bytes, strcpy.o(.text))
<BR><BR>[Stack]<UL><LI>Max Depth = 12<LI>Call Chain = strcpy
</UL>
<BR>[Called By]<UL><LI><a href="#[ca6dfc]">&gt;&gt;</a>&nbsp;&nbsp;&nbsp;FAT32_Enter_Dir
<LI><a href="#[ca88b4]">&gt;&gt;</a>&nbsp;&nbsp;&nbsp;FAT32_Open_File
</UL>

<P><STRONG><a name="[15a0868]"></a>strlen</STRONG> (Thumb, 62 bytes, Stack size 8 bytes, strlen.o(.text))
<BR><BR>[Stack]<UL><LI>Max Depth = 8<LI>Call Chain = strlen
</UL>
<BR>[Called By]<UL><LI><a href="#[ca6e38]">&gt;&gt;</a>&nbsp;&nbsp;&nbsp;Str2Up
</UL>

<P><STRONG><a name="[15a0778]"></a>__use_two_region_memory</STRONG> (Thumb, 2 bytes, Stack size 0 bytes, heapauxi.o(.text), UNUSED)

<P><STRONG><a name="[15a073c]"></a>__rt_heap_escrow$2region</STRONG> (Thumb, 2 bytes, Stack size 0 bytes, heapauxi.o(.text), UNUSED)

<P><STRONG><a name="[15a0700]"></a>__rt_heap_expand$2region</STRONG> (Thumb, 2 bytes, Stack size 0 bytes, heapauxi.o(.text), UNUSED)

<P><STRONG><a name="[159fc38]"></a>__user_setup_stackheap</STRONG> (Thumb, 74 bytes, Stack size 8 bytes, sys_stackheap_outer.o(.text))
<BR><BR>[Stack]<UL><LI>Max Depth = 8 + Unknown Stack Size
<LI>Call Chain = __user_setup_stackheap
</UL>
<BR>[Calls]<UL><LI><a href="#[cac748]">&gt;&gt;</a>&nbsp;&nbsp;&nbsp;__user_initial_stackheap
<LI><a href="#[159f044]">&gt;&gt;</a>&nbsp;&nbsp;&nbsp;__user_perproc_libspace
</UL>
<BR>[Called By]<UL><LI><a href="#[159fd64]">&gt;&gt;</a>&nbsp;&nbsp;&nbsp;__rt_entry_sh
</UL>

<P><STRONG><a name="[159fad0]"></a>exit</STRONG> (Thumb, 12 bytes, Stack size 0 bytes, exit.o(.text))
<BR><BR>[Calls]<UL><LI><a href="#[159ef54]">&gt;&gt;</a>&nbsp;&nbsp;&nbsp;__rt_exit
</UL>
<BR>[Called By]<UL><LI><a href="#[159ff80]">&gt;&gt;</a>&nbsp;&nbsp;&nbsp;__rt_entry_main
</UL>

<P><STRONG><a name="[159f080]"></a>__user_libspace</STRONG> (Thumb, 8 bytes, Stack size 0 bytes, libspace.o(.text), UNUSED)

<P><STRONG><a name="[159f044]"></a>__user_perproc_libspace</STRONG> (Thumb, 0 bytes, Stack size 0 bytes, libspace.o(.text))
<BR><BR>[Called By]<UL><LI><a href="#[159fc38]">&gt;&gt;</a>&nbsp;&nbsp;&nbsp;__user_setup_stackheap
</UL>

<P><STRONG><a name="[159f008]"></a>__user_perthread_libspace</STRONG> (Thumb, 0 bytes, Stack size 0 bytes, libspace.o(.text), UNUSED)

<P><STRONG><a name="[159cfb0]"></a>_sys_exit</STRONG> (Thumb, 16 bytes, Stack size 0 bytes, sys_exit.o(.text))
<BR><BR>[Called By]<UL><LI><a href="#[159d2bc]">&gt;&gt;</a>&nbsp;&nbsp;&nbsp;__rt_exit_exit
</UL>

<P><STRONG><a name="[159c77c]"></a>__I$use$semihosting</STRONG> (Thumb, 0 bytes, Stack size 0 bytes, use_no_semi.o(.text))
<BR>[Address Reference Count : 1]<UL><LI> sys_exit.o(.text)
</UL>
<P><STRONG><a name="[159c740]"></a>__use_no_semihosting_swi</STRONG> (Thumb, 2 bytes, Stack size 0 bytes, use_no_semi.o(.text), UNUSED)

<P><STRONG><a name="[ca883c]"></a>FLASH_PrefetchBufferCmd</STRONG> (Thumb, 18 bytes, Stack size 0 bytes, stm32f10x_flash.o(i.FLASH_PrefetchBufferCmd))
<BR><BR>[Called By]<UL><LI><a href="#[ca8968]">&gt;&gt;</a>&nbsp;&nbsp;&nbsp;RCC_Configuration
</UL>

<P><STRONG><a name="[ca8800]"></a>FLASH_SetLatency</STRONG> (Thumb, 18 bytes, Stack size 0 bytes, stm32f10x_flash.o(i.FLASH_SetLatency))
<BR><BR>[Called By]<UL><LI><a href="#[ca8968]">&gt;&gt;</a>&nbsp;&nbsp;&nbsp;RCC_Configuration
</UL>

<P><STRONG><a name="[ca87c4]"></a>GPIO_Init</STRONG> (Thumb, 160 bytes, Stack size 20 bytes, stm32f10x_gpio.o(i.GPIO_Init))
<BR><BR>[Stack]<UL><LI>Max Depth = 20<LI>Call Chain = GPIO_Init
</UL>
<BR>[Called By]<UL><LI><a href="#[ca892c]">&gt;&gt;</a>&nbsp;&nbsp;&nbsp;main
</UL>

<P><STRONG><a name="[ca8788]"></a>GPIO_PinRemapConfig</STRONG> (Thumb, 66 bytes, Stack size 20 bytes, stm32f10x_gpio.o(i.GPIO_PinRemapConfig))
<BR><BR>[Stack]<UL><LI>Max Depth = 20<LI>Call Chain = GPIO_PinRemapConfig
</UL>
<BR>[Called By]<UL><LI><a href="#[ca892c]">&gt;&gt;</a>&nbsp;&nbsp;&nbsp;main
</UL>

<P><STRONG><a name="[ca7a68]"></a>GPIO_ReadInputDataBit</STRONG> (Thumb, 14 bytes, Stack size 0 bytes, stm32f10x_gpio.o(i.GPIO_ReadInputDataBit))
<BR><BR>[Called By]<UL><LI><a href="#[ca7bd0]">&gt;&gt;</a>&nbsp;&nbsp;&nbsp;Read_Byte_MMC
</UL>

<P><STRONG><a name="[ca874c]"></a>GPIO_ResetBits</STRONG> (Thumb, 4 bytes, Stack size 0 bytes, stm32f10x_gpio.o(i.GPIO_ResetBits))
<BR><BR>[Called By]<UL><LI><a href="#[ca7aa4]">&gt;&gt;</a>&nbsp;&nbsp;&nbsp;SD_Read_Sector
<LI><a href="#[ca7b94]">&gt;&gt;</a>&nbsp;&nbsp;&nbsp;Write_Command_MMC
<LI><a href="#[ca7bd0]">&gt;&gt;</a>&nbsp;&nbsp;&nbsp;Read_Byte_MMC
<LI><a href="#[ca7c0c]">&gt;&gt;</a>&nbsp;&nbsp;&nbsp;Write_Byte_MMC
<LI><a href="#[ca8620]">&gt;&gt;</a>&nbsp;&nbsp;&nbsp;MMC_Reset
<LI><a href="#[ca865c]">&gt;&gt;</a>&nbsp;&nbsp;&nbsp;MMC_Init
<LI><a href="#[ca8a94]">&gt;&gt;</a>&nbsp;&nbsp;&nbsp;LCD_ShowString
<LI><a href="#[ca8b48]">&gt;&gt;</a>&nbsp;&nbsp;&nbsp;LCD_Init
<LI><a href="#[ca8c38]">&gt;&gt;</a>&nbsp;&nbsp;&nbsp;LCD_Write_Data16
<LI><a href="#[ca8c74]">&gt;&gt;</a>&nbsp;&nbsp;&nbsp;LCD_Write
</UL>

<P><STRONG><a name="[ca8710]"></a>GPIO_SetBits</STRONG> (Thumb, 4 bytes, Stack size 0 bytes, stm32f10x_gpio.o(i.GPIO_SetBits))
<BR><BR>[Called By]<UL><LI><a href="#[ca7aa4]">&gt;&gt;</a>&nbsp;&nbsp;&nbsp;SD_Read_Sector
<LI><a href="#[ca7b58]">&gt;&gt;</a>&nbsp;&nbsp;&nbsp;MMC_Read_Block
<LI><a href="#[ca7b94]">&gt;&gt;</a>&nbsp;&nbsp;&nbsp;Write_Command_MMC
<LI><a href="#[ca7bd0]">&gt;&gt;</a>&nbsp;&nbsp;&nbsp;Read_Byte_MMC
<LI><a href="#[ca7c0c]">&gt;&gt;</a>&nbsp;&nbsp;&nbsp;Write_Byte_MMC
<LI><a href="#[ca7c48]">&gt;&gt;</a>&nbsp;&nbsp;&nbsp;MMC_Port_Init
<LI><a href="#[ca8620]">&gt;&gt;</a>&nbsp;&nbsp;&nbsp;MMC_Reset
<LI><a href="#[ca865c]">&gt;&gt;</a>&nbsp;&nbsp;&nbsp;MMC_Init
<LI><a href="#[ca892c]">&gt;&gt;</a>&nbsp;&nbsp;&nbsp;main
<LI><a href="#[ca8a94]">&gt;&gt;</a>&nbsp;&nbsp;&nbsp;LCD_ShowString
<LI><a href="#[ca8b48]">&gt;&gt;</a>&nbsp;&nbsp;&nbsp;LCD_Init
<LI><a href="#[ca8c38]">&gt;&gt;</a>&nbsp;&nbsp;&nbsp;LCD_Write_Data16
<LI><a href="#[ca8c74]">&gt;&gt;</a>&nbsp;&nbsp;&nbsp;LCD_Write
</UL>

<P><STRONG><a name="[ca86d4]"></a>GPIO_Write</STRONG> (Thumb, 4 bytes, Stack size 0 bytes, stm32f10x_gpio.o(i.GPIO_Write))
<BR><BR>[Called By]<UL><LI><a href="#[ca892c]">&gt;&gt;</a>&nbsp;&nbsp;&nbsp;main
</UL>

<P><STRONG><a name="[ca85e4]"></a>NVIC_SetVectorTable</STRONG> (Thumb, 12 bytes, Stack size 0 bytes, stm32f10x_nvic.o(i.NVIC_SetVectorTable))
<BR><BR>[Called By]<UL><LI><a href="#[ca89a4]">&gt;&gt;</a>&nbsp;&nbsp;&nbsp;NVIC_Configuration
</UL>

<P><STRONG><a name="[ca85a8]"></a>RCC_APB2PeriphClockCmd</STRONG> (Thumb, 18 bytes, Stack size 0 bytes, stm32f10x_rcc.o(i.RCC_APB2PeriphClockCmd))
<BR><BR>[Called By]<UL><LI><a href="#[ca892c]">&gt;&gt;</a>&nbsp;&nbsp;&nbsp;main
</UL>

<P><STRONG><a name="[ca856c]"></a>RCC_DeInit</STRONG> (Thumb, 48 bytes, Stack size 0 bytes, stm32f10x_rcc.o(i.RCC_DeInit))
<BR><BR>[Called By]<UL><LI><a href="#[ca8968]">&gt;&gt;</a>&nbsp;&nbsp;&nbsp;RCC_Configuration
</UL>

<P><STRONG><a name="[ca8530]"></a>RCC_GetFlagStatus</STRONG> (Thumb, 42 bytes, Stack size 0 bytes, stm32f10x_rcc.o(i.RCC_GetFlagStatus))
<BR><BR>[Called By]<UL><LI><a href="#[ca8314]">&gt;&gt;</a>&nbsp;&nbsp;&nbsp;RCC_WaitForHSEStartUp
<LI><a href="#[ca8968]">&gt;&gt;</a>&nbsp;&nbsp;&nbsp;RCC_Configuration
</UL>

<P><STRONG><a name="[ca84f4]"></a>RCC_GetSYSCLKSource</STRONG> (Thumb, 10 bytes, Stack size 0 bytes, stm32f10x_rcc.o(i.RCC_GetSYSCLKSource))
<BR><BR>[Called By]<UL><LI><a href="#[ca8968]">&gt;&gt;</a>&nbsp;&nbsp;&nbsp;RCC_Configuration
</UL>

<P><STRONG><a name="[ca84b8]"></a>RCC_HCLKConfig</STRONG> (Thumb, 14 bytes, Stack size 0 bytes, stm32f10x_rcc.o(i.RCC_HCLKConfig))
<BR><BR>[Called By]<UL><LI><a href="#[ca8968]">&gt;&gt;</a>&nbsp;&nbsp;&nbsp;RCC_Configuration
</UL>

<P><STRONG><a name="[ca847c]"></a>RCC_HSEConfig</STRONG> (Thumb, 48 bytes, Stack size 0 bytes, stm32f10x_rcc.o(i.RCC_HSEConfig))
<BR><BR>[Called By]<UL><LI><a href="#[ca8968]">&gt;&gt;</a>&nbsp;&nbsp;&nbsp;RCC_Configuration
</UL>

<P><STRONG><a name="[ca8440]"></a>RCC_PCLK1Config</STRONG> (Thumb, 14 bytes, Stack size 0 bytes, stm32f10x_rcc.o(i.RCC_PCLK1Config))
<BR><BR>[Called By]<UL><LI><a href="#[ca8968]">&gt;&gt;</a>&nbsp;&nbsp;&nbsp;RCC_Configuration
</UL>

<P><STRONG><a name="[ca8404]"></a>RCC_PCLK2Config</STRONG> (Thumb, 16 bytes, Stack size 0 bytes, stm32f10x_rcc.o(i.RCC_PCLK2Config))
<BR><BR>[Called By]<UL><LI><a href="#[ca8968]">&gt;&gt;</a>&nbsp;&nbsp;&nbsp;RCC_Configuration
</UL>

<P><STRONG><a name="[ca83c8]"></a>RCC_PLLCmd</STRONG> (Thumb, 6 bytes, Stack size 0 bytes, stm32f10x_rcc.o(i.RCC_PLLCmd))
<BR><BR>[Called By]<UL><LI><a href="#[ca8968]">&gt;&gt;</a>&nbsp;&nbsp;&nbsp;RCC_Configuration
</UL>

<P><STRONG><a name="[ca838c]"></a>RCC_PLLConfig</STRONG> (Thumb, 16 bytes, Stack size 0 bytes, stm32f10x_rcc.o(i.RCC_PLLConfig))
<BR><BR>[Called By]<UL><LI><a href="#[ca8968]">&gt;&gt;</a>&nbsp;&nbsp;&nbsp;RCC_Configuration
</UL>

<P><STRONG><a name="[ca8350]"></a>RCC_SYSCLKConfig</STRONG> (Thumb, 14 bytes, Stack size 0 bytes, stm32f10x_rcc.o(i.RCC_SYSCLKConfig))
<BR><BR>[Called By]<UL><LI><a href="#[ca8968]">&gt;&gt;</a>&nbsp;&nbsp;&nbsp;RCC_Configuration
</UL>

<P><STRONG><a name="[ca8314]"></a>RCC_WaitForHSEStartUp</STRONG> (Thumb, 46 bytes, Stack size 12 bytes, stm32f10x_rcc.o(i.RCC_WaitForHSEStartUp))
<BR><BR>[Stack]<UL><LI>Max Depth = 12<LI>Call Chain = RCC_WaitForHSEStartUp
</UL>
<BR>[Calls]<UL><LI><a href="#[ca8530]">&gt;&gt;</a>&nbsp;&nbsp;&nbsp;RCC_GetFlagStatus
</UL>
<BR>[Called By]<UL><LI><a href="#[ca8968]">&gt;&gt;</a>&nbsp;&nbsp;&nbsp;RCC_Configuration
</UL>
<P>
<H3>
Local Symbols
</H3><P>
<H3>
Undefined Global Symbols
</H3><HR></body></html>
