<html>
<body>
<pre>
<h1>µVision Build Log</h1>
<h2>Project:</h2>
J:\Users\Eric\Desktop\STM32\OV9655 Camera Board\code\STM32F2XX\DCMI_OV9655\Project\Project.uvproj
Project File Date:  08/09/2012

<h2>Output:</h2>
Build target 'Open207I'
linking...
Program Size: Code=20740 RO-data=1980 RW-data=48 ZI-data=1632  
FromELF: creating hex file...
".\Output\Project.axf" - 0 Error(s), 0 Warning(s).
Build target 'Open207I'
linking...
Program Size: Code=20740 RO-data=1980 RW-data=48 ZI-data=1632  
FromELF: creating hex file...
".\Output\Project.axf" - 0 Error(s), 0 Warning(s).
Build target 'Open207I'
compiling config.c...
linking...
Program Size: Code=20740 RO-data=1980 RW-data=48 ZI-data=1632  
FromELF: creating hex file...
".\Output\Project.axf" - 0 Error(s), 0 Warning(s).
Build target 'Open207I'
compiling main.c...
linking...
Program Size: Code=20740 RO-data=1980 RW-data=48 ZI-data=1632  
FromELF: creating hex file...
".\Output\Project.axf" - 0 Error(s), 0 Warning(s).
Build target 'Open207I'
linking...
.\Output\Project.axf: Error: L6218E: Undefined symbol USART_Configuration (referred from main.o).
Target not created
Build target 'Open207I'
compiling usart.c...
linking...
Program Size: Code=20740 RO-data=1980 RW-data=48 ZI-data=1632  
FromELF: creating hex file...
".\Output\Project.axf" - 0 Error(s), 0 Warning(s).
Build target 'Open207I'
linking...
Program Size: Code=20740 RO-data=1980 RW-data=48 ZI-data=1632  
FromELF: creating hex file...
".\Output\Project.axf" - 0 Error(s), 0 Warning(s).
Build target 'Open207I'
compiling main.c...
compiling stm32f2xx_it.c...
compiling LCD.c...
linking...
Program Size: Code=20740 RO-data=1980 RW-data=48 ZI-data=1632  
FromELF: creating hex file...
".\Output\Project.axf" - 0 Error(s), 0 Warning(s).
