<html>
<body>
<pre>
<h1>µVision Build Log</h1>
<h2>Project:</h2>
J:\Users\Eric\Desktop\STM32\OV9655 Camera Board\code\STM32F4XX\DCMI_OV9655\Project\Project.uvproj
Project File Date:  08/21/2012

<h2>Output:</h2>
Rebuild target 'Open407I-C'
compiling main.c...
compiling SCCB.C...
compiling AsciiLib.c...
compiling LCD.c...
compiling usart.c...
compiling stm32f4xx_it.c...
compiling dcmi_OV9655.c...
assembling startup_stm32f4xx.s...
compiling misc.c...
compiling stm32f4xx_dcmi.c...
compiling stm32f4xx_dma.c...
compiling stm32f4xx_fsmc.c...
compiling stm32f4xx_gpio.c...
compiling stm32f4xx_i2c.c...
compiling stm32f4xx_rcc.c...
compiling stm32f4xx_usart.c...
compiling system_stm32f4xx.c...
linking...
Program Size: Code=21118 RO-data=1986 RW-data=52 ZI-data=1636  
FromELF: creating hex file...
".\Output\Project.axf" - 0 Error(s), 0 Warning(s).
