ARM Linker, 5.03 [Build 69] [MDK-ARM Lite]

==============================================================================

Section Cross References

    main.o(.text) refers to header.o(.text) for sysTickInit
    main.o(.text) refers to lcd.o(.text) for LCD_SetRamAddr
    main.o(.text) refers to stm32f10x_nvic.o(.text) for NVIC_SetVectorTable
    main.o(.text) refers to stm32f10x_rcc.o(.text) for RCC_DeInit
    main.o(.text) refers to stm32f10x_flash.o(.text) for FLASH_PrefetchBufferCmd
    main.o(.text) refers to header.o(.data) for runTimeMs
    main.o(.text) refers to main.o(.bss) for LCD_buffer
    main.o(.text) refers to main.o(.data) for mycolor
    main.o(.text) refers to main.o(.constdata) for .constdata
    main.o(.text) refers to stm32f10x_systick.o(.text) for SysTick_CLKSourceConfig
    main.o(.text) refers to stm32f10x_lib.o(.text) for debug
    main.o(.text) refers to stm32f10x_gpio.o(.text) for GPIO_PinRemapConfig
    main.o(.text) refers to stm32f10x_lib.o(.data) for GPIOA
    lcd.o(.text) refers to main.o(.text) for Delay
    lcd.o(.text) refers to stm32f10x_lib.o(.data) for GPIOB
    lcd.o(.text) refers to lcd.o(.data) for colors
    lcd.o(.text) refers to lcd.o(.constdata) for Font8x16
    stm32f10x_vector.o(STACK) refers (Special) to heapauxi.o(.text) for __use_two_region_memory
    stm32f10x_vector.o(HEAP) refers (Special) to heapauxi.o(.text) for __use_two_region_memory
    stm32f10x_vector.o(RESET) refers (Special) to heapauxi.o(.text) for __use_two_region_memory
    stm32f10x_vector.o(RESET) refers to stm32f10x_vector.o(STACK) for __initial_sp
    stm32f10x_vector.o(RESET) refers to stm32f10x_vector.o(.text) for Reset_Handler
    stm32f10x_vector.o(RESET) refers to stm32f10x_it.o(.text) for NMIException
    stm32f10x_vector.o(RESET) refers to header.o(.text) for SysTickHandler
    stm32f10x_vector.o(.text) refers (Special) to heapauxi.o(.text) for __use_two_region_memory
    stm32f10x_vector.o(.text) refers to __main.o(!!!main) for __main
    stm32f10x_vector.o(.text) refers to stm32f10x_vector.o(HEAP) for Heap_Mem
    stm32f10x_vector.o(.text) refers to stm32f10x_vector.o(STACK) for Stack_Mem
    header.o(.text) refers to stm32f10x_systick.o(.text) for SysTick_SetReload
    header.o(.text) refers to header.o(.data) for runTimeMs
    header.o(.text) refers to header.o(.bss) for tickFuncs
    stm32f10x_flash.o(.text) refers to main.o(.text) for assert_failed
    stm32f10x_flash.o(.text) refers to stm32f10x_lib.o(.data) for FLASH
    stm32f10x_gpio.o(.text) refers to main.o(.text) for assert_failed
    stm32f10x_gpio.o(.text) refers to stm32f10x_rcc.o(.text) for RCC_APB2PeriphResetCmd
    stm32f10x_gpio.o(.text) refers to stm32f10x_lib.o(.data) for AFIO
    stm32f10x_lib.o(.text) refers to stm32f10x_lib.o(.data) for ADC1
    stm32f10x_nvic.o(.text) refers to main.o(.text) for assert_failed
    stm32f10x_nvic.o(.text) refers to cortexm3_macro.o(.text) for __SETPRIMASK
    stm32f10x_nvic.o(.text) refers to stm32f10x_lib.o(.data) for NVIC
    stm32f10x_rcc.o(.text) refers to main.o(.text) for assert_failed
    stm32f10x_rcc.o(.text) refers to stm32f10x_lib.o(.data) for RCC
    stm32f10x_rcc.o(.text) refers to stm32f10x_rcc.o(.constdata) for APBAHBPrescTable
    stm32f10x_systick.o(.text) refers to main.o(.text) for assert_failed
    stm32f10x_systick.o(.text) refers to stm32f10x_lib.o(.data) for SysTick
    __main.o(!!!main) refers to rtentry.o(.ARM.Collect$$rtentry$$00000000) for __rt_entry
    rtentry.o(.ARM.Collect$$rtentry$$00000000) refers (Special) to rtentry2.o(.ARM.Collect$$rtentry$$0000000A) for __rt_entry_li
    rtentry.o(.ARM.Collect$$rtentry$$00000000) refers (Special) to rtentry2.o(.ARM.Collect$$rtentry$$0000000D) for __rt_entry_main
    rtentry.o(.ARM.Collect$$rtentry$$00000000) refers (Special) to rtentry2.o(.ARM.Collect$$rtentry$$0000000C) for __rt_entry_postli_1
    rtentry.o(.ARM.Collect$$rtentry$$00000000) refers (Special) to rtentry2.o(.ARM.Collect$$rtentry$$00000009) for __rt_entry_postsh_1
    rtentry.o(.ARM.Collect$$rtentry$$00000000) refers (Special) to rtentry2.o(.ARM.Collect$$rtentry$$00000002) for __rt_entry_presh_1
    rtentry.o(.ARM.Collect$$rtentry$$00000000) refers (Special) to rtentry4.o(.ARM.Collect$$rtentry$$00000004) for __rt_entry_sh
    rtentry2.o(.ARM.Collect$$rtentry$$00000008) refers to boardinit2.o(.text) for _platform_post_stackheap_init
    rtentry2.o(.ARM.Collect$$rtentry$$0000000A) refers to libinit.o(.ARM.Collect$$libinit$$00000000) for __rt_lib_init
    rtentry2.o(.ARM.Collect$$rtentry$$0000000B) refers to boardinit3.o(.text) for _platform_post_lib_init
    rtentry2.o(.ARM.Collect$$rtentry$$0000000D) refers to main.o(.text) for main
    rtentry2.o(.ARM.Collect$$rtentry$$0000000D) refers to exit.o(.text) for exit
    rtentry2.o(.ARM.exidx) refers to rtentry2.o(.ARM.Collect$$rtentry$$00000001) for .ARM.Collect$$rtentry$$00000001
    rtentry2.o(.ARM.exidx) refers to rtentry2.o(.ARM.Collect$$rtentry$$00000008) for .ARM.Collect$$rtentry$$00000008
    rtentry2.o(.ARM.exidx) refers to rtentry2.o(.ARM.Collect$$rtentry$$0000000A) for .ARM.Collect$$rtentry$$0000000A
    rtentry2.o(.ARM.exidx) refers to rtentry2.o(.ARM.Collect$$rtentry$$0000000B) for .ARM.Collect$$rtentry$$0000000B
    rtentry2.o(.ARM.exidx) refers to rtentry2.o(.ARM.Collect$$rtentry$$0000000D) for .ARM.Collect$$rtentry$$0000000D
    rtentry4.o(.ARM.Collect$$rtentry$$00000004) refers to sys_stackheap_outer.o(.text) for __user_setup_stackheap
    rtentry4.o(.ARM.exidx) refers to rtentry4.o(.ARM.Collect$$rtentry$$00000004) for .ARM.Collect$$rtentry$$00000004
    sys_stackheap_outer.o(.text) refers to libspace.o(.text) for __user_perproc_libspace
    sys_stackheap_outer.o(.text) refers to stm32f10x_vector.o(.text) for __user_initial_stackheap
    exit.o(.text) refers to rtexit.o(.ARM.Collect$$rtexit$$00000000) for __rt_exit
    libinit.o(.ARM.Collect$$libinit$$00000000) refers (Special) to libinit2.o(.ARM.Collect$$libinit$$0000002C) for __rt_lib_init_alloca_1
    libinit.o(.ARM.Collect$$libinit$$00000000) refers (Special) to libinit2.o(.ARM.Collect$$libinit$$0000002A) for __rt_lib_init_argv_1
    libinit.o(.ARM.Collect$$libinit$$00000000) refers (Special) to libinit2.o(.ARM.Collect$$libinit$$00000019) for __rt_lib_init_atexit_1
    libinit.o(.ARM.Collect$$libinit$$00000000) refers (Special) to libinit2.o(.ARM.Collect$$libinit$$0000001F) for __rt_lib_init_clock_1
    libinit.o(.ARM.Collect$$libinit$$00000000) refers (Special) to libinit2.o(.ARM.Collect$$libinit$$00000030) for __rt_lib_init_cpp_1
    libinit.o(.ARM.Collect$$libinit$$00000000) refers (Special) to libinit2.o(.ARM.Collect$$libinit$$0000002E) for __rt_lib_init_exceptions_1
    libinit.o(.ARM.Collect$$libinit$$00000000) refers (Special) to libinit2.o(.ARM.Collect$$libinit$$00000002) for __rt_lib_init_fp_1
    libinit.o(.ARM.Collect$$libinit$$00000000) refers (Special) to libinit2.o(.ARM.Collect$$libinit$$0000001D) for __rt_lib_init_fp_trap_1
    libinit.o(.ARM.Collect$$libinit$$00000000) refers (Special) to libinit2.o(.ARM.Collect$$libinit$$00000021) for __rt_lib_init_getenv_1
    libinit.o(.ARM.Collect$$libinit$$00000000) refers (Special) to libinit2.o(.ARM.Collect$$libinit$$00000008) for __rt_lib_init_heap_1
    libinit.o(.ARM.Collect$$libinit$$00000000) refers (Special) to libinit2.o(.ARM.Collect$$libinit$$0000000F) for __rt_lib_init_lc_collate_1
    libinit.o(.ARM.Collect$$libinit$$00000000) refers (Special) to libinit2.o(.ARM.Collect$$libinit$$00000011) for __rt_lib_init_lc_ctype_1
    libinit.o(.ARM.Collect$$libinit$$00000000) refers (Special) to libinit2.o(.ARM.Collect$$libinit$$00000013) for __rt_lib_init_lc_monetary_1
    libinit.o(.ARM.Collect$$libinit$$00000000) refers (Special) to libinit2.o(.ARM.Collect$$libinit$$00000015) for __rt_lib_init_lc_numeric_1
    libinit.o(.ARM.Collect$$libinit$$00000000) refers (Special) to libinit2.o(.ARM.Collect$$libinit$$00000017) for __rt_lib_init_lc_time_1
    libinit.o(.ARM.Collect$$libinit$$00000000) refers (Special) to libinit2.o(.ARM.Collect$$libinit$$0000000C) for __rt_lib_init_rand_1
    libinit.o(.ARM.Collect$$libinit$$00000000) refers (Special) to libinit2.o(.ARM.Collect$$libinit$$00000031) for __rt_lib_init_return
    libinit.o(.ARM.Collect$$libinit$$00000000) refers (Special) to libinit2.o(.ARM.Collect$$libinit$$0000001B) for __rt_lib_init_signal_1
    libinit.o(.ARM.Collect$$libinit$$00000000) refers (Special) to libinit2.o(.ARM.Collect$$libinit$$00000023) for __rt_lib_init_stdio_1
    libinit.o(.ARM.Collect$$libinit$$00000000) refers (Special) to libinit2.o(.ARM.Collect$$libinit$$0000000A) for __rt_lib_init_user_alloc_1
    libspace.o(.text) refers to libspace.o(.bss) for __libspace_start
    rtexit.o(.ARM.Collect$$rtexit$$00000000) refers (Special) to rtexit2.o(.ARM.Collect$$rtexit$$00000004) for __rt_exit_exit
    rtexit.o(.ARM.Collect$$rtexit$$00000000) refers (Special) to rtexit2.o(.ARM.Collect$$rtexit$$00000003) for __rt_exit_ls
    rtexit.o(.ARM.Collect$$rtexit$$00000000) refers (Special) to rtexit2.o(.ARM.Collect$$rtexit$$00000002) for __rt_exit_prels_1
    rtexit.o(.ARM.exidx) refers (Special) to rtexit2.o(.ARM.Collect$$rtexit$$00000004) for __rt_exit_exit
    rtexit.o(.ARM.exidx) refers (Special) to rtexit2.o(.ARM.Collect$$rtexit$$00000003) for __rt_exit_ls
    rtexit.o(.ARM.exidx) refers (Special) to rtexit2.o(.ARM.Collect$$rtexit$$00000002) for __rt_exit_prels_1
    rtexit.o(.ARM.exidx) refers to rtexit.o(.ARM.Collect$$rtexit$$00000000) for .ARM.Collect$$rtexit$$00000000
    libinit2.o(.ARM.Collect$$libinit$$0000000E) refers to libinit2.o(.ARM.Collect$$libinit$$0000000D) for .ARM.Collect$$libinit$$0000000D
    libinit2.o(.ARM.Collect$$libinit$$00000010) refers to libinit2.o(.ARM.Collect$$libinit$$0000000D) for .ARM.Collect$$libinit$$0000000D
    libinit2.o(.ARM.Collect$$libinit$$00000012) refers to libinit2.o(.ARM.Collect$$libinit$$0000000D) for .ARM.Collect$$libinit$$0000000D
    libinit2.o(.ARM.Collect$$libinit$$00000014) refers to libinit2.o(.ARM.Collect$$libinit$$0000000D) for .ARM.Collect$$libinit$$0000000D
    libinit2.o(.ARM.Collect$$libinit$$00000016) refers to libinit2.o(.ARM.Collect$$libinit$$0000000D) for .ARM.Collect$$libinit$$0000000D
    libinit2.o(.ARM.Collect$$libinit$$00000024) refers to argv_veneer.o(.emb_text) for __ARM_argv_veneer
    libinit2.o(.ARM.Collect$$libinit$$00000025) refers to argv_veneer.o(.emb_text) for __ARM_argv_veneer
    rtexit2.o(.ARM.Collect$$rtexit$$00000003) refers to libshutdown.o(.ARM.Collect$$libshutdown$$00000000) for __rt_lib_shutdown
    rtexit2.o(.ARM.Collect$$rtexit$$00000004) refers to sys_exit.o(.text) for _sys_exit
    rtexit2.o(.ARM.exidx) refers to rtexit2.o(.ARM.Collect$$rtexit$$00000001) for .ARM.Collect$$rtexit$$00000001
    rtexit2.o(.ARM.exidx) refers to rtexit2.o(.ARM.Collect$$rtexit$$00000003) for .ARM.Collect$$rtexit$$00000003
    rtexit2.o(.ARM.exidx) refers to rtexit2.o(.ARM.Collect$$rtexit$$00000004) for .ARM.Collect$$rtexit$$00000004
    argv_veneer.o(.emb_text) refers to no_argv.o(.text) for __ARM_get_argv
    sys_exit.o(.text) refers (Special) to use_no_semi.o(.text) for __I$use$semihosting
    sys_exit.o(.text) refers (Special) to indicate_semi.o(.text) for __semihosting_library_function
    _get_argv_nomalloc.o(.text) refers (Special) to hrguard.o(.text) for __heap_region$guard
    _get_argv_nomalloc.o(.text) refers to defsig_rtmem_outer.o(.text) for __rt_SIGRTMEM
    _get_argv_nomalloc.o(.text) refers to sys_command.o(.text) for _sys_command_string
    libshutdown.o(.ARM.Collect$$libshutdown$$00000000) refers (Special) to libshutdown2.o(.ARM.Collect$$libshutdown$$00000006) for __rt_lib_shutdown_fp_trap_1
    libshutdown.o(.ARM.Collect$$libshutdown$$00000000) refers (Special) to libshutdown2.o(.ARM.Collect$$libshutdown$$0000000E) for __rt_lib_shutdown_heap_1
    libshutdown.o(.ARM.Collect$$libshutdown$$00000000) refers (Special) to libshutdown2.o(.ARM.Collect$$libshutdown$$0000000F) for __rt_lib_shutdown_return
    libshutdown.o(.ARM.Collect$$libshutdown$$00000000) refers (Special) to libshutdown2.o(.ARM.Collect$$libshutdown$$00000009) for __rt_lib_shutdown_signal_1
    libshutdown.o(.ARM.Collect$$libshutdown$$00000000) refers (Special) to libshutdown2.o(.ARM.Collect$$libshutdown$$00000003) for __rt_lib_shutdown_stdio_1
    libshutdown.o(.ARM.Collect$$libshutdown$$00000000) refers (Special) to libshutdown2.o(.ARM.Collect$$libshutdown$$0000000B) for __rt_lib_shutdown_user_alloc_1
    sys_command.o(.text) refers (Special) to use_no_semi.o(.text) for __I$use$semihosting
    sys_command.o(.text) refers (Special) to indicate_semi.o(.text) for __semihosting_library_function
    defsig_rtmem_outer.o(.text) refers to defsig_rtmem_inner.o(.text) for __rt_SIGRTMEM_inner
    defsig_rtmem_outer.o(.text) refers to defsig_exit.o(.text) for __sig_exit
    defsig_rtmem_formal.o(.text) refers to rt_raise.o(.text) for __rt_raise
    rt_raise.o(.text) refers to __raise.o(.text) for __raise
    rt_raise.o(.text) refers to sys_exit.o(.text) for _sys_exit
    defsig_exit.o(.text) refers to sys_exit.o(.text) for _sys_exit
    defsig_rtmem_inner.o(.text) refers to defsig_general.o(.text) for __default_signal_display
    __raise.o(.text) refers to defsig.o(CL$$defsig) for __default_signal_handler
    defsig_general.o(.text) refers to sys_wrch.o(.text) for _ttywrch
    sys_wrch.o(.text) refers (Special) to use_no_semi.o(.text) for __I$use$semihosting
    sys_wrch.o(.text) refers (Special) to indicate_semi.o(.text) for __semihosting_library_function
    defsig.o(CL$$defsig) refers to defsig_rtmem_inner.o(.text) for __rt_SIGRTMEM_inner
    defsig_abrt_inner.o(.text) refers to defsig_general.o(.text) for __default_signal_display
    defsig_fpe_inner.o(.text) refers to defsig_general.o(.text) for __default_signal_display
    defsig_rtred_inner.o(.text) refers to defsig_general.o(.text) for __default_signal_display
    defsig_stak_inner.o(.text) refers to defsig_general.o(.text) for __default_signal_display
    defsig_pvfn_inner.o(.text) refers to defsig_general.o(.text) for __default_signal_display
    defsig_cppl_inner.o(.text) refers to defsig_general.o(.text) for __default_signal_display
    defsig_segv_inner.o(.text) refers to defsig_general.o(.text) for __default_signal_display
    defsig_other.o(.text) refers to defsig_general.o(.text) for __default_signal_display


==============================================================================

Image Symbol Table

    Local Symbols

    Symbol Name                              Value     Ov Type        Size  Object(Section)

    ../clib/angel/boardlib.s                 0x00000000   Number         0  boardinit1.o ABSOLUTE
    ../clib/angel/boardlib.s                 0x00000000   Number         0  boardinit2.o ABSOLUTE
    ../clib/angel/boardlib.s                 0x00000000   Number         0  boardinit3.o ABSOLUTE
    ../clib/angel/boardlib.s                 0x00000000   Number         0  boardshut.o ABSOLUTE
    ../clib/angel/handlers.s                 0x00000000   Number         0  __scatter_zi.o ABSOLUTE
    ../clib/angel/handlers.s                 0x00000000   Number         0  __scatter_copy.o ABSOLUTE
    ../clib/angel/kernel.s                   0x00000000   Number         0  rtentry.o ABSOLUTE
    ../clib/angel/kernel.s                   0x00000000   Number         0  rtentry4.o ABSOLUTE
    ../clib/angel/kernel.s                   0x00000000   Number         0  rtexit.o ABSOLUTE
    ../clib/angel/kernel.s                   0x00000000   Number         0  rtexit2.o ABSOLUTE
    ../clib/angel/kernel.s                   0x00000000   Number         0  rtentry2.o ABSOLUTE
    ../clib/angel/rt.s                       0x00000000   Number         0  rt_raise.o ABSOLUTE
    ../clib/angel/scatter.s                  0x00000000   Number         0  __scatter.o ABSOLUTE
    ../clib/angel/startup.s                  0x00000000   Number         0  __main.o ABSOLUTE
    ../clib/angel/sys.s                      0x00000000   Number         0  sys_stackheap_outer.o ABSOLUTE
    ../clib/angel/sys.s                      0x00000000   Number         0  libspace.o ABSOLUTE
    ../clib/angel/sys.s                      0x00000000   Number         0  use_no_semi.o ABSOLUTE
    ../clib/angel/sys.s                      0x00000000   Number         0  indicate_semi.o ABSOLUTE
    ../clib/angel/sysapp.c                   0x00000000   Number         0  sys_exit.o ABSOLUTE
    ../clib/angel/sysapp.c                   0x00000000   Number         0  sys_command.o ABSOLUTE
    ../clib/angel/sysapp.c                   0x00000000   Number         0  sys_wrch.o ABSOLUTE
    ../clib/armsys.c                         0x00000000   Number         0  argv_veneer.o ABSOLUTE
    ../clib/armsys.c                         0x00000000   Number         0  argv_veneer.o ABSOLUTE
    ../clib/armsys.c                         0x00000000   Number         0  _get_argv_nomalloc.o ABSOLUTE
    ../clib/armsys.c                         0x00000000   Number         0  no_argv.o ABSOLUTE
    ../clib/heapalloc.c                      0x00000000   Number         0  hrguard.o ABSOLUTE
    ../clib/heapaux.c                        0x00000000   Number         0  heapauxi.o ABSOLUTE
    ../clib/libinit.s                        0x00000000   Number         0  libshutdown2.o ABSOLUTE
    ../clib/libinit.s                        0x00000000   Number         0  libinit2.o ABSOLUTE
    ../clib/libinit.s                        0x00000000   Number         0  libshutdown.o ABSOLUTE
    ../clib/libinit.s                        0x00000000   Number         0  libinit.o ABSOLUTE
    ../clib/signal.c                         0x00000000   Number         0  defsig_rtred_inner.o ABSOLUTE
    ../clib/signal.c                         0x00000000   Number         0  defsig_general.o ABSOLUTE
    ../clib/signal.c                         0x00000000   Number         0  defsig_fpe_inner.o ABSOLUTE
    ../clib/signal.c                         0x00000000   Number         0  defsig_segv_inner.o ABSOLUTE
    ../clib/signal.c                         0x00000000   Number         0  defsig_abrt_inner.o ABSOLUTE
    ../clib/signal.c                         0x00000000   Number         0  defsig_rtmem_outer.o ABSOLUTE
    ../clib/signal.c                         0x00000000   Number         0  defsig_rtmem_inner.o ABSOLUTE
    ../clib/signal.c                         0x00000000   Number         0  defsig_other.o ABSOLUTE
    ../clib/signal.c                         0x00000000   Number         0  __raise.o ABSOLUTE
    ../clib/signal.c                         0x00000000   Number         0  defsig_exit.o ABSOLUTE
    ../clib/signal.c                         0x00000000   Number         0  defsig_rtmem_formal.o ABSOLUTE
    ../clib/signal.c                         0x00000000   Number         0  defsig_pvfn_inner.o ABSOLUTE
    ../clib/signal.c                         0x00000000   Number         0  defsig_cppl_inner.o ABSOLUTE
    ../clib/signal.c                         0x00000000   Number         0  defsig_stak_inner.o ABSOLUTE
    ../clib/signal.s                         0x00000000   Number         0  defsig.o ABSOLUTE
    ../clib/stdlib.c                         0x00000000   Number         0  exit.o ABSOLUTE
    ../fplib/fpinit.s                        0x00000000   Number         0  fpinit.o ABSOLUTE
    .\stm32f10x_vector.s                     0x00000000   Number         0  stm32f10x_vector.o ABSOLUTE
    J:\Keil\ARM\FW\FWLib\library\src\stm32f10x_flash.c 0x00000000   Number         0  stm32f10x_flash.o ABSOLUTE
    J:\Keil\ARM\FW\FWLib\library\src\stm32f10x_gpio.c 0x00000000   Number         0  stm32f10x_gpio.o ABSOLUTE
    J:\Keil\ARM\FW\FWLib\library\src\stm32f10x_lib.c 0x00000000   Number         0  stm32f10x_lib.o ABSOLUTE
    J:\Keil\ARM\FW\FWLib\library\src\stm32f10x_nvic.c 0x00000000   Number         0  stm32f10x_nvic.o ABSOLUTE
    J:\Keil\ARM\FW\FWLib\library\src\stm32f10x_rcc.c 0x00000000   Number         0  stm32f10x_rcc.o ABSOLUTE
    J:\Keil\ARM\FW\FWLib\library\src\stm32f10x_systick.c 0x00000000   Number         0  stm32f10x_systick.o ABSOLUTE
    J:\Keil\ARM\FW\FWLib\project\RVMDK\cortexm3_macro.s 0x00000000   Number         0  cortexm3_macro.o ABSOLUTE
    Lcd.c                                    0x00000000   Number         0  lcd.o ABSOLUTE
    dc.s                                     0x00000000   Number         0  dc.o ABSOLUTE
    header.c                                 0x00000000   Number         0  header.o ABSOLUTE
    main.c                                   0x00000000   Number         0  main.o ABSOLUTE
    stm32f10x_it.c                           0x00000000   Number         0  stm32f10x_it.o ABSOLUTE
    RESET                                    0x08000000   Section      304  stm32f10x_vector.o(RESET)
    !!!main                                  0x08000130   Section        8  __main.o(!!!main)
    !!!scatter                               0x08000138   Section       52  __scatter.o(!!!scatter)
    !!handler_copy                           0x0800016c   Section       26  __scatter_copy.o(!!handler_copy)
    !!handler_zi                             0x08000188   Section       28  __scatter_zi.o(!!handler_zi)
    .ARM.Collect$$libinit$$00000000          0x080001a4   Section        2  libinit.o(.ARM.Collect$$libinit$$00000000)
    .ARM.Collect$$libinit$$00000002          0x080001a6   Section        0  libinit2.o(.ARM.Collect$$libinit$$00000002)
    .ARM.Collect$$libinit$$00000008          0x080001a6   Section        0  libinit2.o(.ARM.Collect$$libinit$$00000008)
    .ARM.Collect$$libinit$$0000000A          0x080001a6   Section        0  libinit2.o(.ARM.Collect$$libinit$$0000000A)
    .ARM.Collect$$libinit$$0000000C          0x080001a6   Section        0  libinit2.o(.ARM.Collect$$libinit$$0000000C)
    .ARM.Collect$$libinit$$0000000F          0x080001a6   Section        0  libinit2.o(.ARM.Collect$$libinit$$0000000F)
    .ARM.Collect$$libinit$$00000011          0x080001a6   Section        0  libinit2.o(.ARM.Collect$$libinit$$00000011)
    .ARM.Collect$$libinit$$00000013          0x080001a6   Section        0  libinit2.o(.ARM.Collect$$libinit$$00000013)
    .ARM.Collect$$libinit$$00000015          0x080001a6   Section        0  libinit2.o(.ARM.Collect$$libinit$$00000015)
    .ARM.Collect$$libinit$$00000017          0x080001a6   Section        0  libinit2.o(.ARM.Collect$$libinit$$00000017)
    .ARM.Collect$$libinit$$00000019          0x080001a6   Section        0  libinit2.o(.ARM.Collect$$libinit$$00000019)
    .ARM.Collect$$libinit$$0000001B          0x080001a6   Section        0  libinit2.o(.ARM.Collect$$libinit$$0000001B)
    .ARM.Collect$$libinit$$0000001D          0x080001a6   Section        0  libinit2.o(.ARM.Collect$$libinit$$0000001D)
    .ARM.Collect$$libinit$$0000001F          0x080001a6   Section        0  libinit2.o(.ARM.Collect$$libinit$$0000001F)
    .ARM.Collect$$libinit$$00000021          0x080001a6   Section        0  libinit2.o(.ARM.Collect$$libinit$$00000021)
    .ARM.Collect$$libinit$$00000023          0x080001a6   Section        0  libinit2.o(.ARM.Collect$$libinit$$00000023)
    .ARM.Collect$$libinit$$0000002A          0x080001a6   Section        0  libinit2.o(.ARM.Collect$$libinit$$0000002A)
    .ARM.Collect$$libinit$$0000002C          0x080001a6   Section        0  libinit2.o(.ARM.Collect$$libinit$$0000002C)
    .ARM.Collect$$libinit$$0000002E          0x080001a6   Section        0  libinit2.o(.ARM.Collect$$libinit$$0000002E)
    .ARM.Collect$$libinit$$00000030          0x080001a6   Section        0  libinit2.o(.ARM.Collect$$libinit$$00000030)
    .ARM.Collect$$libinit$$00000031          0x080001a6   Section        2  libinit2.o(.ARM.Collect$$libinit$$00000031)
    .ARM.Collect$$libshutdown$$00000000      0x080001a8   Section        2  libshutdown.o(.ARM.Collect$$libshutdown$$00000000)
    .ARM.Collect$$libshutdown$$00000003      0x080001aa   Section        0  libshutdown2.o(.ARM.Collect$$libshutdown$$00000003)
    .ARM.Collect$$libshutdown$$00000006      0x080001aa   Section        0  libshutdown2.o(.ARM.Collect$$libshutdown$$00000006)
    .ARM.Collect$$libshutdown$$00000009      0x080001aa   Section        0  libshutdown2.o(.ARM.Collect$$libshutdown$$00000009)
    .ARM.Collect$$libshutdown$$0000000B      0x080001aa   Section        0  libshutdown2.o(.ARM.Collect$$libshutdown$$0000000B)
    .ARM.Collect$$libshutdown$$0000000E      0x080001aa   Section        0  libshutdown2.o(.ARM.Collect$$libshutdown$$0000000E)
    .ARM.Collect$$libshutdown$$0000000F      0x080001aa   Section        2  libshutdown2.o(.ARM.Collect$$libshutdown$$0000000F)
    .ARM.Collect$$rtentry$$00000000          0x080001ac   Section        0  rtentry.o(.ARM.Collect$$rtentry$$00000000)
    .ARM.Collect$$rtentry$$00000002          0x080001ac   Section        0  rtentry2.o(.ARM.Collect$$rtentry$$00000002)
    .ARM.Collect$$rtentry$$00000004          0x080001ac   Section        6  rtentry4.o(.ARM.Collect$$rtentry$$00000004)
    .ARM.Collect$$rtentry$$00000009          0x080001b2   Section        0  rtentry2.o(.ARM.Collect$$rtentry$$00000009)
    .ARM.Collect$$rtentry$$0000000A          0x080001b2   Section        4  rtentry2.o(.ARM.Collect$$rtentry$$0000000A)
    .ARM.Collect$$rtentry$$0000000C          0x080001b6   Section        0  rtentry2.o(.ARM.Collect$$rtentry$$0000000C)
    .ARM.Collect$$rtentry$$0000000D          0x080001b6   Section        8  rtentry2.o(.ARM.Collect$$rtentry$$0000000D)
    .ARM.Collect$$rtexit$$00000000           0x080001be   Section        2  rtexit.o(.ARM.Collect$$rtexit$$00000000)
    .ARM.Collect$$rtexit$$00000002           0x080001c0   Section        0  rtexit2.o(.ARM.Collect$$rtexit$$00000002)
    .ARM.Collect$$rtexit$$00000003           0x080001c0   Section        4  rtexit2.o(.ARM.Collect$$rtexit$$00000003)
    .ARM.Collect$$rtexit$$00000004           0x080001c4   Section        6  rtexit2.o(.ARM.Collect$$rtexit$$00000004)
    .text                                    0x080001cc   Section        0  main.o(.text)
    .text                                    0x080006b8   Section        0  lcd.o(.text)
    .text                                    0x08000d70   Section       36  stm32f10x_vector.o(.text)
    .text                                    0x08000d94   Section        0  stm32f10x_it.o(.text)
    .text                                    0x08000e24   Section        0  header.o(.text)
    .text                                    0x08000eb8   Section        0  stm32f10x_flash.o(.text)
    delay                                    0x08000fb3   Thumb Code    26  stm32f10x_flash.o(.text)
    .text                                    0x08001688   Section        0  stm32f10x_gpio.o(.text)
    .text                                    0x08002034   Section        0  stm32f10x_lib.o(.text)
    .text                                    0x080023a0   Section        0  stm32f10x_nvic.o(.text)
    .text                                    0x08003010   Section        0  stm32f10x_rcc.o(.text)
    .text                                    0x080038bc   Section        0  stm32f10x_systick.o(.text)
    .text                                    0x08003a30   Section      122  cortexm3_macro.o(.text)
    .text                                    0x08003aaa   Section        0  heapauxi.o(.text)
    .text                                    0x08003ab0   Section       74  sys_stackheap_outer.o(.text)
    .text                                    0x08003afa   Section        0  exit.o(.text)
    .text                                    0x08003b08   Section        8  libspace.o(.text)
    .text                                    0x08003b10   Section        0  sys_exit.o(.text)
    .text                                    0x08003b1c   Section        2  use_no_semi.o(.text)
    .text                                    0x08003b1e   Section        0  indicate_semi.o(.text)
    .constdata                               0x08003b20   Section        9  main.o(.constdata)
    .constdata                               0x08003b2c   Section     8244  lcd.o(.constdata)
    .constdata                               0x08005b60   Section       20  stm32f10x_rcc.o(.constdata)
    APBAHBPrescTable                         0x08005b60   Data          16  stm32f10x_rcc.o(.constdata)
    ADCPrescTable                            0x08005b70   Data           4  stm32f10x_rcc.o(.constdata)
    .data                                    0x20000000   Section        7  main.o(.data)
    .data                                    0x20000008   Section       16  lcd.o(.data)
    .data                                    0x20000018   Section        5  header.o(.data)
    .data                                    0x20000020   Section      260  stm32f10x_lib.o(.data)
    .bss                                     0x20000124   Section    12322  main.o(.bss)
    .bss                                     0x20003148   Section       40  header.o(.bss)
    .bss                                     0x20003170   Section       96  libspace.o(.bss)
    HEAP                                     0x200031d0   Section     1024  stm32f10x_vector.o(HEAP)
    Heap_Mem                                 0x200031d0   Data        1024  stm32f10x_vector.o(HEAP)
    STACK                                    0x200035d0   Section     1024  stm32f10x_vector.o(STACK)
    Stack_Mem                                0x200035d0   Data        1024  stm32f10x_vector.o(STACK)
    __initial_sp                             0x200039d0   Data           0  stm32f10x_vector.o(STACK)

    Global Symbols

    Symbol Name                              Value     Ov Type        Size  Object(Section)

    BuildAttributes$$THM_ISAv4$P$D$K$B$S$PE$A:L22UL41UL21$X:L11$S22US41US21$IEEE1$IW$USESV6$~STKCKD$USESV7$~SHL$OSPACE$ROPI$EBA8$UX$STANDARDLIB$REQ8$PRES8$EABIv2 0x00000000   Number         0  anon$$obj.o ABSOLUTE
    __ARM_use_no_argv                        0x00000000   Number         0  main.o ABSOLUTE
    __ARM_exceptions_init                     - Undefined Weak Reference
    __alloca_initialize                       - Undefined Weak Reference
    __cpp_initialize__aeabi_                  - Undefined Weak Reference
    __cxa_finalize                            - Undefined Weak Reference
    __rt_locale                               - Undefined Weak Reference
    __sigvec_lookup                           - Undefined Weak Reference
    _atexit_init                              - Undefined Weak Reference
    _call_atexit_fns                          - Undefined Weak Reference
    _clock_init                               - Undefined Weak Reference
    _fp_trap_init                             - Undefined Weak Reference
    _fp_trap_shutdown                         - Undefined Weak Reference
    _get_lc_collate                           - Undefined Weak Reference
    _get_lc_ctype                             - Undefined Weak Reference
    _get_lc_monetary                          - Undefined Weak Reference
    _get_lc_numeric                           - Undefined Weak Reference
    _get_lc_time                              - Undefined Weak Reference
    _getenv_init                              - Undefined Weak Reference
    _handle_redirection                       - Undefined Weak Reference
    _init_alloc                               - Undefined Weak Reference
    _init_user_alloc                          - Undefined Weak Reference
    _initio                                   - Undefined Weak Reference
    _rand_init                                - Undefined Weak Reference
    _signal_finish                            - Undefined Weak Reference
    _signal_init                              - Undefined Weak Reference
    _terminate_alloc                          - Undefined Weak Reference
    _terminate_user_alloc                     - Undefined Weak Reference
    _terminateio                              - Undefined Weak Reference
    __Vectors                                0x08000000   Data           4  stm32f10x_vector.o(RESET)
    __main                                   0x08000131   Thumb Code     8  __main.o(!!!main)
    __scatterload                            0x08000139   Thumb Code     0  __scatter.o(!!!scatter)
    __scatterload_rt2                        0x08000139   Thumb Code    44  __scatter.o(!!!scatter)
    __scatterload_rt2_thumb_only             0x08000139   Thumb Code     0  __scatter.o(!!!scatter)
    __scatterload_null                       0x08000147   Thumb Code     0  __scatter.o(!!!scatter)
    __scatterload_copy                       0x0800016d   Thumb Code    26  __scatter_copy.o(!!handler_copy)
    __scatterload_zeroinit                   0x08000189   Thumb Code    28  __scatter_zi.o(!!handler_zi)
    __rt_lib_init                            0x080001a5   Thumb Code     0  libinit.o(.ARM.Collect$$libinit$$00000000)
    __rt_lib_init_alloca_1                   0x080001a7   Thumb Code     0  libinit2.o(.ARM.Collect$$libinit$$0000002C)
    __rt_lib_init_argv_1                     0x080001a7   Thumb Code     0  libinit2.o(.ARM.Collect$$libinit$$0000002A)
    __rt_lib_init_atexit_1                   0x080001a7   Thumb Code     0  libinit2.o(.ARM.Collect$$libinit$$00000019)
    __rt_lib_init_clock_1                    0x080001a7   Thumb Code     0  libinit2.o(.ARM.Collect$$libinit$$0000001F)
    __rt_lib_init_cpp_1                      0x080001a7   Thumb Code     0  libinit2.o(.ARM.Collect$$libinit$$00000030)
    __rt_lib_init_exceptions_1               0x080001a7   Thumb Code     0  libinit2.o(.ARM.Collect$$libinit$$0000002E)
    __rt_lib_init_fp_1                       0x080001a7   Thumb Code     0  libinit2.o(.ARM.Collect$$libinit$$00000002)
    __rt_lib_init_fp_trap_1                  0x080001a7   Thumb Code     0  libinit2.o(.ARM.Collect$$libinit$$0000001D)
    __rt_lib_init_getenv_1                   0x080001a7   Thumb Code     0  libinit2.o(.ARM.Collect$$libinit$$00000021)
    __rt_lib_init_heap_1                     0x080001a7   Thumb Code     0  libinit2.o(.ARM.Collect$$libinit$$00000008)
    __rt_lib_init_lc_collate_1               0x080001a7   Thumb Code     0  libinit2.o(.ARM.Collect$$libinit$$0000000F)
    __rt_lib_init_lc_ctype_1                 0x080001a7   Thumb Code     0  libinit2.o(.ARM.Collect$$libinit$$00000011)
    __rt_lib_init_lc_monetary_1              0x080001a7   Thumb Code     0  libinit2.o(.ARM.Collect$$libinit$$00000013)
    __rt_lib_init_lc_numeric_1               0x080001a7   Thumb Code     0  libinit2.o(.ARM.Collect$$libinit$$00000015)
    __rt_lib_init_lc_time_1                  0x080001a7   Thumb Code     0  libinit2.o(.ARM.Collect$$libinit$$00000017)
    __rt_lib_init_rand_1                     0x080001a7   Thumb Code     0  libinit2.o(.ARM.Collect$$libinit$$0000000C)
    __rt_lib_init_return                     0x080001a7   Thumb Code     0  libinit2.o(.ARM.Collect$$libinit$$00000031)
    __rt_lib_init_signal_1                   0x080001a7   Thumb Code     0  libinit2.o(.ARM.Collect$$libinit$$0000001B)
    __rt_lib_init_stdio_1                    0x080001a7   Thumb Code     0  libinit2.o(.ARM.Collect$$libinit$$00000023)
    __rt_lib_init_user_alloc_1               0x080001a7   Thumb Code     0  libinit2.o(.ARM.Collect$$libinit$$0000000A)
    __rt_lib_shutdown                        0x080001a9   Thumb Code     0  libshutdown.o(.ARM.Collect$$libshutdown$$00000000)
    __rt_lib_shutdown_fp_trap_1              0x080001ab   Thumb Code     0  libshutdown2.o(.ARM.Collect$$libshutdown$$00000006)
    __rt_lib_shutdown_heap_1                 0x080001ab   Thumb Code     0  libshutdown2.o(.ARM.Collect$$libshutdown$$0000000E)
    __rt_lib_shutdown_return                 0x080001ab   Thumb Code     0  libshutdown2.o(.ARM.Collect$$libshutdown$$0000000F)
    __rt_lib_shutdown_signal_1               0x080001ab   Thumb Code     0  libshutdown2.o(.ARM.Collect$$libshutdown$$00000009)
    __rt_lib_shutdown_stdio_1                0x080001ab   Thumb Code     0  libshutdown2.o(.ARM.Collect$$libshutdown$$00000003)
    __rt_lib_shutdown_user_alloc_1           0x080001ab   Thumb Code     0  libshutdown2.o(.ARM.Collect$$libshutdown$$0000000B)
    __rt_entry                               0x080001ad   Thumb Code     0  rtentry.o(.ARM.Collect$$rtentry$$00000000)
    __rt_entry_presh_1                       0x080001ad   Thumb Code     0  rtentry2.o(.ARM.Collect$$rtentry$$00000002)
    __rt_entry_sh                            0x080001ad   Thumb Code     0  rtentry4.o(.ARM.Collect$$rtentry$$00000004)
    __rt_entry_li                            0x080001b3   Thumb Code     0  rtentry2.o(.ARM.Collect$$rtentry$$0000000A)
    __rt_entry_postsh_1                      0x080001b3   Thumb Code     0  rtentry2.o(.ARM.Collect$$rtentry$$00000009)
    __rt_entry_main                          0x080001b7   Thumb Code     0  rtentry2.o(.ARM.Collect$$rtentry$$0000000D)
    __rt_entry_postli_1                      0x080001b7   Thumb Code     0  rtentry2.o(.ARM.Collect$$rtentry$$0000000C)
    __rt_exit                                0x080001bf   Thumb Code     0  rtexit.o(.ARM.Collect$$rtexit$$00000000)
    __rt_exit_ls                             0x080001c1   Thumb Code     0  rtexit2.o(.ARM.Collect$$rtexit$$00000003)
    __rt_exit_prels_1                        0x080001c1   Thumb Code     0  rtexit2.o(.ARM.Collect$$rtexit$$00000002)
    __rt_exit_exit                           0x080001c5   Thumb Code     0  rtexit2.o(.ARM.Collect$$rtexit$$00000004)
    delay                                    0x080001cd   Thumb Code    18  main.o(.text)
    myinit                                   0x080001df   Thumb Code     8  main.o(.text)
    mydelayms                                0x080001e7   Thumb Code    22  main.o(.text)
    fillColor                                0x080001fd   Thumb Code    44  main.o(.text)
    setPixel                                 0x08000229   Thumb Code    22  main.o(.text)
    drawLine                                 0x0800023f   Thumb Code   148  main.o(.text)
    drawSquare                               0x080002d3   Thumb Code    56  main.o(.text)
    getPixel                                 0x0800030b   Thumb Code    90  main.o(.text)
    LCD_refresh                              0x08000365   Thumb Code    54  main.o(.text)
    mytest                                   0x0800039b   Thumb Code    70  main.o(.text)
    getFilterPixel                           0x080003e1   Thumb Code   446  main.o(.text)
    NVIC_Configuration                       0x0800059f   Thumb Code    14  main.o(.text)
    RCC_Configuration                        0x080005ad   Thumb Code   140  main.o(.text)
    main                                     0x08000639   Thumb Code   104  main.o(.text)
    Delay                                    0x080006a1   Thumb Code     2  main.o(.text)
    assert_failed                            0x080006a3   Thumb Code     4  main.o(.text)
    LCD_Write                                0x080006b9   Thumb Code   142  lcd.o(.text)
    LCD_Write_Data16                         0x08000747   Thumb Code   108  lcd.o(.text)
    Reg_Write                                0x080007b3   Thumb Code    22  lcd.o(.text)
    LCD_SetRamAddr                           0x080007c9   Thumb Code    86  lcd.o(.text)
    delay_ms                                 0x0800081f   Thumb Code    22  lcd.o(.text)
    LCD_Init                                 0x08000835   Thumb Code   904  lcd.o(.text)
    LCD_clear                                0x08000bbd   Thumb Code    44  lcd.o(.text)
    LCD_ShowChar                             0x08000be9   Thumb Code   140  lcd.o(.text)
    LCD_ShowString                           0x08000c75   Thumb Code    50  lcd.o(.text)
    ChineseChar                              0x08000ca7   Thumb Code   184  lcd.o(.text)
    Reset_Handler                            0x08000d71   Thumb Code     4  stm32f10x_vector.o(.text)
    __user_initial_stackheap                 0x08000d75   Thumb Code     0  stm32f10x_vector.o(.text)
    NMIException                             0x08000d95   Thumb Code     2  stm32f10x_it.o(.text)
    HardFaultException                       0x08000d97   Thumb Code     4  stm32f10x_it.o(.text)
    MemManageException                       0x08000d9b   Thumb Code     4  stm32f10x_it.o(.text)
    BusFaultException                        0x08000d9f   Thumb Code     4  stm32f10x_it.o(.text)
    UsageFaultException                      0x08000da3   Thumb Code     4  stm32f10x_it.o(.text)
    DebugMonitor                             0x08000da7   Thumb Code     2  stm32f10x_it.o(.text)
    SVCHandler                               0x08000da9   Thumb Code     2  stm32f10x_it.o(.text)
    PendSVC                                  0x08000dab   Thumb Code     2  stm32f10x_it.o(.text)
    WWDG_IRQHandler                          0x08000dad   Thumb Code     2  stm32f10x_it.o(.text)
    PVD_IRQHandler                           0x08000daf   Thumb Code     2  stm32f10x_it.o(.text)
    TAMPER_IRQHandler                        0x08000db1   Thumb Code     2  stm32f10x_it.o(.text)
    RTC_IRQHandler                           0x08000db3   Thumb Code     2  stm32f10x_it.o(.text)
    FLASH_IRQHandler                         0x08000db5   Thumb Code     2  stm32f10x_it.o(.text)
    RCC_IRQHandler                           0x08000db7   Thumb Code     2  stm32f10x_it.o(.text)
    EXTI0_IRQHandler                         0x08000db9   Thumb Code     2  stm32f10x_it.o(.text)
    EXTI1_IRQHandler                         0x08000dbb   Thumb Code     2  stm32f10x_it.o(.text)
    EXTI2_IRQHandler                         0x08000dbd   Thumb Code     2  stm32f10x_it.o(.text)
    EXTI3_IRQHandler                         0x08000dbf   Thumb Code     2  stm32f10x_it.o(.text)
    EXTI4_IRQHandler                         0x08000dc1   Thumb Code     2  stm32f10x_it.o(.text)
    DMA1_Channel1_IRQHandler                 0x08000dc3   Thumb Code     2  stm32f10x_it.o(.text)
    DMA1_Channel2_IRQHandler                 0x08000dc5   Thumb Code     2  stm32f10x_it.o(.text)
    DMA1_Channel3_IRQHandler                 0x08000dc7   Thumb Code     2  stm32f10x_it.o(.text)
    DMA1_Channel4_IRQHandler                 0x08000dc9   Thumb Code     2  stm32f10x_it.o(.text)
    DMA1_Channel5_IRQHandler                 0x08000dcb   Thumb Code     2  stm32f10x_it.o(.text)
    DMA1_Channel6_IRQHandler                 0x08000dcd   Thumb Code     2  stm32f10x_it.o(.text)
    DMA1_Channel7_IRQHandler                 0x08000dcf   Thumb Code     2  stm32f10x_it.o(.text)
    ADC1_2_IRQHandler                        0x08000dd1   Thumb Code     2  stm32f10x_it.o(.text)
    USB_HP_CAN_TX_IRQHandler                 0x08000dd3   Thumb Code     2  stm32f10x_it.o(.text)
    USB_LP_CAN_RX0_IRQHandler                0x08000dd5   Thumb Code     2  stm32f10x_it.o(.text)
    CAN_RX1_IRQHandler                       0x08000dd7   Thumb Code     2  stm32f10x_it.o(.text)
    CAN_SCE_IRQHandler                       0x08000dd9   Thumb Code     2  stm32f10x_it.o(.text)
    EXTI9_5_IRQHandler                       0x08000ddb   Thumb Code     2  stm32f10x_it.o(.text)
    TIM1_BRK_IRQHandler                      0x08000ddd   Thumb Code     2  stm32f10x_it.o(.text)
    TIM1_UP_IRQHandler                       0x08000ddf   Thumb Code     2  stm32f10x_it.o(.text)
    TIM1_TRG_COM_IRQHandler                  0x08000de1   Thumb Code     2  stm32f10x_it.o(.text)
    TIM1_CC_IRQHandler                       0x08000de3   Thumb Code     2  stm32f10x_it.o(.text)
    TIM2_IRQHandler                          0x08000de5   Thumb Code     2  stm32f10x_it.o(.text)
    TIM3_IRQHandler                          0x08000de7   Thumb Code     2  stm32f10x_it.o(.text)
    TIM4_IRQHandler                          0x08000de9   Thumb Code     2  stm32f10x_it.o(.text)
    I2C1_EV_IRQHandler                       0x08000deb   Thumb Code     2  stm32f10x_it.o(.text)
    I2C1_ER_IRQHandler                       0x08000ded   Thumb Code     2  stm32f10x_it.o(.text)
    I2C2_EV_IRQHandler                       0x08000def   Thumb Code     2  stm32f10x_it.o(.text)
    I2C2_ER_IRQHandler                       0x08000df1   Thumb Code     2  stm32f10x_it.o(.text)
    SPI1_IRQHandler                          0x08000df3   Thumb Code     2  stm32f10x_it.o(.text)
    SPI2_IRQHandler                          0x08000df5   Thumb Code     2  stm32f10x_it.o(.text)
    USART1_IRQHandler                        0x08000df7   Thumb Code     2  stm32f10x_it.o(.text)
    USART2_IRQHandler                        0x08000df9   Thumb Code     2  stm32f10x_it.o(.text)
    USART3_IRQHandler                        0x08000dfb   Thumb Code     2  stm32f10x_it.o(.text)
    EXTI15_10_IRQHandler                     0x08000dfd   Thumb Code     2  stm32f10x_it.o(.text)
    RTCAlarm_IRQHandler                      0x08000dff   Thumb Code     2  stm32f10x_it.o(.text)
    USBWakeUp_IRQHandler                     0x08000e01   Thumb Code     2  stm32f10x_it.o(.text)
    TIM8_BRK_IRQHandler                      0x08000e03   Thumb Code     2  stm32f10x_it.o(.text)
    TIM8_UP_IRQHandler                       0x08000e05   Thumb Code     2  stm32f10x_it.o(.text)
    TIM8_TRG_COM_IRQHandler                  0x08000e07   Thumb Code     2  stm32f10x_it.o(.text)
    TIM8_CC_IRQHandler                       0x08000e09   Thumb Code     2  stm32f10x_it.o(.text)
    ADC3_IRQHandler                          0x08000e0b   Thumb Code     2  stm32f10x_it.o(.text)
    FSMC_IRQHandler                          0x08000e0d   Thumb Code     2  stm32f10x_it.o(.text)
    SDIO_IRQHandler                          0x08000e0f   Thumb Code     2  stm32f10x_it.o(.text)
    TIM5_IRQHandler                          0x08000e11   Thumb Code     2  stm32f10x_it.o(.text)
    SPI3_IRQHandler                          0x08000e13   Thumb Code     2  stm32f10x_it.o(.text)
    UART4_IRQHandler                         0x08000e15   Thumb Code     2  stm32f10x_it.o(.text)
    UART5_IRQHandler                         0x08000e17   Thumb Code     2  stm32f10x_it.o(.text)
    TIM6_IRQHandler                          0x08000e19   Thumb Code     2  stm32f10x_it.o(.text)
    TIM7_IRQHandler                          0x08000e1b   Thumb Code     2  stm32f10x_it.o(.text)
    DMA2_Channel1_IRQHandler                 0x08000e1d   Thumb Code     2  stm32f10x_it.o(.text)
    DMA2_Channel2_IRQHandler                 0x08000e1f   Thumb Code     2  stm32f10x_it.o(.text)
    DMA2_Channel3_IRQHandler                 0x08000e21   Thumb Code     2  stm32f10x_it.o(.text)
    DMA2_Channel4_5_IRQHandler               0x08000e23   Thumb Code     2  stm32f10x_it.o(.text)
    getTime                                  0x08000e25   Thumb Code     6  header.o(.text)
    sysTickInit                              0x08000e2b   Thumb Code    24  header.o(.text)
    registerTick                             0x08000e43   Thumb Code    46  header.o(.text)
    SysTickHandler                           0x08000e71   Thumb Code    60  header.o(.text)
    FLASH_SetLatency                         0x08000eb9   Thumb Code    56  stm32f10x_flash.o(.text)
    FLASH_HalfCycleAccessCmd                 0x08000ef1   Thumb Code    52  stm32f10x_flash.o(.text)
    FLASH_PrefetchBufferCmd                  0x08000f25   Thumb Code    52  stm32f10x_flash.o(.text)
    FLASH_Unlock                             0x08000f59   Thumb Code    18  stm32f10x_flash.o(.text)
    FLASH_Lock                               0x08000f6b   Thumb Code    18  stm32f10x_flash.o(.text)
    FLASH_GetStatus                          0x08000f7d   Thumb Code    54  stm32f10x_flash.o(.text)
    FLASH_WaitForLastOperation               0x08000fcd   Thumb Code    42  stm32f10x_flash.o(.text)
    FLASH_ErasePage                          0x08000ff7   Thumb Code   116  stm32f10x_flash.o(.text)
    FLASH_EraseAllPages                      0x0800106b   Thumb Code    86  stm32f10x_flash.o(.text)
    FLASH_EraseOptionBytes                   0x080010c1   Thumb Code   180  stm32f10x_flash.o(.text)
    FLASH_ProgramWord                        0x08001175   Thumb Code   136  stm32f10x_flash.o(.text)
    FLASH_ProgramHalfWord                    0x080011fd   Thumb Code    96  stm32f10x_flash.o(.text)
    FLASH_ProgramOptionByteData              0x0800125d   Thumb Code   190  stm32f10x_flash.o(.text)
    FLASH_EnableWriteProtection              0x0800131b   Thumb Code   214  stm32f10x_flash.o(.text)
    FLASH_ReadOutProtection                  0x080013f1   Thumb Code   216  stm32f10x_flash.o(.text)
    FLASH_UserOptionByteConfig               0x080014c9   Thumb Code   168  stm32f10x_flash.o(.text)
    FLASH_GetUserOptionByte                  0x08001571   Thumb Code    10  stm32f10x_flash.o(.text)
    FLASH_GetWriteProtectionOptionByte       0x0800157b   Thumb Code     8  stm32f10x_flash.o(.text)
    FLASH_GetReadOutProtectionStatus         0x08001583   Thumb Code    22  stm32f10x_flash.o(.text)
    FLASH_GetPrefetchBufferStatus            0x08001599   Thumb Code    22  stm32f10x_flash.o(.text)
    FLASH_ITConfig                           0x080015af   Thumb Code    82  stm32f10x_flash.o(.text)
    FLASH_GetFlagStatus                      0x08001601   Thumb Code    84  stm32f10x_flash.o(.text)
    FLASH_ClearFlag                          0x08001655   Thumb Code    34  stm32f10x_flash.o(.text)
    GPIO_DeInit                              0x08001689   Thumb Code   240  stm32f10x_gpio.o(.text)
    GPIO_AFIODeInit                          0x08001779   Thumb Code    20  stm32f10x_gpio.o(.text)
    GPIO_Init                                0x0800178d   Thumb Code   378  stm32f10x_gpio.o(.text)
    GPIO_StructInit                          0x08001907   Thumb Code    16  stm32f10x_gpio.o(.text)
    GPIO_ReadInputDataBit                    0x08001917   Thumb Code   166  stm32f10x_gpio.o(.text)
    GPIO_ReadInputData                       0x080019bd   Thumb Code    64  stm32f10x_gpio.o(.text)
    GPIO_ReadOutputDataBit                   0x080019fd   Thumb Code   258  stm32f10x_gpio.o(.text)
    GPIO_ReadOutputData                      0x08001aff   Thumb Code    66  stm32f10x_gpio.o(.text)
    GPIO_SetBits                             0x08001b41   Thumb Code    86  stm32f10x_gpio.o(.text)
    GPIO_ResetBits                           0x08001b97   Thumb Code    86  stm32f10x_gpio.o(.text)
    GPIO_WriteBit                            0x08001bed   Thumb Code   188  stm32f10x_gpio.o(.text)
    GPIO_Write                               0x08001ca9   Thumb Code    66  stm32f10x_gpio.o(.text)
    GPIO_PinLockConfig                       0x08001ceb   Thumb Code   100  stm32f10x_gpio.o(.text)
    GPIO_EventOutputConfig                   0x08001d4f   Thumb Code   142  stm32f10x_gpio.o(.text)
    GPIO_EventOutputCmd                      0x08001ddd   Thumb Code    30  stm32f10x_gpio.o(.text)
    GPIO_PinRemapConfig                      0x08001dfb   Thumb Code   368  stm32f10x_gpio.o(.text)
    GPIO_EXTILineConfig                      0x08001f6b   Thumb Code   196  stm32f10x_gpio.o(.text)
    debug                                    0x08002035   Thumb Code   428  stm32f10x_lib.o(.text)
    NVIC_DeInit                              0x080023a1   Thumb Code    68  stm32f10x_nvic.o(.text)
    NVIC_SCBDeInit                           0x080023e5   Thumb Code    94  stm32f10x_nvic.o(.text)
    NVIC_PriorityGroupConfig                 0x08002443   Thumb Code    56  stm32f10x_nvic.o(.text)
    NVIC_Init                                0x0800247b   Thumb Code   600  stm32f10x_nvic.o(.text)
    NVIC_StructInit                          0x080026d3   Thumb Code    12  stm32f10x_nvic.o(.text)
    NVIC_SETPRIMASK                          0x080026df   Thumb Code     8  stm32f10x_nvic.o(.text)
    NVIC_RESETPRIMASK                        0x080026e7   Thumb Code     8  stm32f10x_nvic.o(.text)
    NVIC_SETFAULTMASK                        0x080026ef   Thumb Code     8  stm32f10x_nvic.o(.text)
    NVIC_RESETFAULTMASK                      0x080026f7   Thumb Code     8  stm32f10x_nvic.o(.text)
    NVIC_BASEPRICONFIG                       0x080026ff   Thumb Code    26  stm32f10x_nvic.o(.text)
    NVIC_GetBASEPRI                          0x08002719   Thumb Code     8  stm32f10x_nvic.o(.text)
    NVIC_GetCurrentPendingIRQChannel         0x08002721   Thumb Code    12  stm32f10x_nvic.o(.text)
    NVIC_GetIRQChannelPendingBitStatus       0x0800272d   Thumb Code   372  stm32f10x_nvic.o(.text)
    NVIC_SetIRQChannelPendingBit             0x080028a1   Thumb Code   264  stm32f10x_nvic.o(.text)
    NVIC_ClearIRQChannelPendingBit           0x080029a9   Thumb Code   282  stm32f10x_nvic.o(.text)
    NVIC_GetCurrentActiveHandler             0x08002ac3   Thumb Code    12  stm32f10x_nvic.o(.text)
    NVIC_GetIRQChannelActiveBitStatus        0x08002acf   Thumb Code   302  stm32f10x_nvic.o(.text)
    NVIC_GetCPUID                            0x08002bfd   Thumb Code     8  stm32f10x_nvic.o(.text)
    NVIC_SetVectorTable                      0x08002c05   Thumb Code    68  stm32f10x_nvic.o(.text)
    NVIC_GenerateSystemReset                 0x08002c49   Thumb Code    10  stm32f10x_nvic.o(.text)
    NVIC_GenerateCoreReset                   0x08002c53   Thumb Code    12  stm32f10x_nvic.o(.text)
    NVIC_SystemLPConfig                      0x08002c5f   Thumb Code   112  stm32f10x_nvic.o(.text)
    NVIC_SystemHandlerConfig                 0x08002ccf   Thumb Code   104  stm32f10x_nvic.o(.text)
    NVIC_SystemHandlerPriorityConfig         0x08002d37   Thumb Code   222  stm32f10x_nvic.o(.text)
    NVIC_GetSystemHandlerPendingBitStatus    0x08002e15   Thumb Code    82  stm32f10x_nvic.o(.text)
    NVIC_SetSystemHandlerPendingBit          0x08002e67   Thumb Code    60  stm32f10x_nvic.o(.text)
    NVIC_ClearSystemHandlerPendingBit        0x08002ea3   Thumb Code    58  stm32f10x_nvic.o(.text)
    NVIC_GetSystemHandlerActiveBitStatus     0x08002edd   Thumb Code   106  stm32f10x_nvic.o(.text)
    NVIC_GetFaultHandlerSources              0x08002f47   Thumb Code   114  stm32f10x_nvic.o(.text)
    NVIC_GetFaultAddress                     0x08002fb9   Thumb Code    58  stm32f10x_nvic.o(.text)
    RCC_DeInit                               0x08003011   Thumb Code    90  stm32f10x_rcc.o(.text)
    RCC_HSEConfig                            0x0800306b   Thumb Code   116  stm32f10x_rcc.o(.text)
    RCC_GetFlagStatus                        0x080030df   Thumb Code   124  stm32f10x_rcc.o(.text)
    RCC_WaitForHSEStartUp                    0x0800315b   Thumb Code    54  stm32f10x_rcc.o(.text)
    RCC_AdjustHSICalibrationValue            0x08003191   Thumb Code    42  stm32f10x_rcc.o(.text)
    RCC_HSICmd                               0x080031bb   Thumb Code    28  stm32f10x_rcc.o(.text)
    RCC_PLLConfig                            0x080031d7   Thumb Code   156  stm32f10x_rcc.o(.text)
    RCC_PLLCmd                               0x08003273   Thumb Code    28  stm32f10x_rcc.o(.text)
    RCC_SYSCLKConfig                         0x0800328f   Thumb Code    48  stm32f10x_rcc.o(.text)
    RCC_GetSYSCLKSource                      0x080032bf   Thumb Code    12  stm32f10x_rcc.o(.text)
    RCC_HCLKConfig                           0x080032cb   Thumb Code    72  stm32f10x_rcc.o(.text)
    RCC_PCLK1Config                          0x08003313   Thumb Code    64  stm32f10x_rcc.o(.text)
    RCC_PCLK2Config                          0x08003353   Thumb Code    66  stm32f10x_rcc.o(.text)
    RCC_ITConfig                             0x08003395   Thumb Code    70  stm32f10x_rcc.o(.text)
    RCC_USBCLKConfig                         0x080033db   Thumb Code   106  stm32f10x_rcc.o(.text)
    RCC_ADCCLKConfig                         0x08003445   Thumb Code    60  stm32f10x_rcc.o(.text)
    RCC_LSEConfig                            0x08003481   Thumb Code    72  stm32f10x_rcc.o(.text)
    RCC_LSICmd                               0x080034c9   Thumb Code    30  stm32f10x_rcc.o(.text)
    RCC_RTCCLKConfig                         0x080034e7   Thumb Code    52  stm32f10x_rcc.o(.text)
    RCC_RTCCLKCmd                            0x0800351b   Thumb Code    32  stm32f10x_rcc.o(.text)
    RCC_GetClocksFreq                        0x0800353b   Thumb Code   208  stm32f10x_rcc.o(.text)
    RCC_AHBPeriphClockCmd                    0x0800360b   Thumb Code    86  stm32f10x_rcc.o(.text)
    RCC_APB2PeriphClockCmd                   0x08003661   Thumb Code    86  stm32f10x_rcc.o(.text)
    RCC_APB1PeriphClockCmd                   0x080036b7   Thumb Code    82  stm32f10x_rcc.o(.text)
    RCC_APB2PeriphResetCmd                   0x08003709   Thumb Code    86  stm32f10x_rcc.o(.text)
    RCC_APB1PeriphResetCmd                   0x0800375f   Thumb Code    82  stm32f10x_rcc.o(.text)
    RCC_BackupResetCmd                       0x080037b1   Thumb Code    32  stm32f10x_rcc.o(.text)
    RCC_ClockSecuritySystemCmd               0x080037d1   Thumb Code    30  stm32f10x_rcc.o(.text)
    RCC_MCOConfig                            0x080037ef   Thumb Code    42  stm32f10x_rcc.o(.text)
    RCC_ClearFlag                            0x08003819   Thumb Code    18  stm32f10x_rcc.o(.text)
    RCC_GetITStatus                          0x0800382b   Thumb Code   106  stm32f10x_rcc.o(.text)
    RCC_ClearITPendingBit                    0x08003895   Thumb Code    32  stm32f10x_rcc.o(.text)
    SysTick_CLKSourceConfig                  0x080038bd   Thumb Code    62  stm32f10x_systick.o(.text)
    SysTick_SetReload                        0x080038fb   Thumb Code    30  stm32f10x_systick.o(.text)
    SysTick_CounterCmd                       0x08003919   Thumb Code    78  stm32f10x_systick.o(.text)
    SysTick_ITConfig                         0x08003967   Thumb Code    58  stm32f10x_systick.o(.text)
    SysTick_GetCounter                       0x080039a1   Thumb Code     8  stm32f10x_systick.o(.text)
    SysTick_GetFlagStatus                    0x080039a9   Thumb Code    74  stm32f10x_systick.o(.text)
    __WFI                                    0x08003a31   Thumb Code     0  cortexm3_macro.o(.text)
    __WFE                                    0x08003a35   Thumb Code     0  cortexm3_macro.o(.text)
    __SEV                                    0x08003a39   Thumb Code     0  cortexm3_macro.o(.text)
    __ISB                                    0x08003a3d   Thumb Code     0  cortexm3_macro.o(.text)
    __DSB                                    0x08003a43   Thumb Code     0  cortexm3_macro.o(.text)
    __DMB                                    0x08003a49   Thumb Code     0  cortexm3_macro.o(.text)
    __SVC                                    0x08003a4f   Thumb Code     0  cortexm3_macro.o(.text)
    __MRS_CONTROL                            0x08003a53   Thumb Code     0  cortexm3_macro.o(.text)
    __MSR_CONTROL                            0x08003a59   Thumb Code     0  cortexm3_macro.o(.text)
    __MRS_PSP                                0x08003a63   Thumb Code     0  cortexm3_macro.o(.text)
    __MSR_PSP                                0x08003a69   Thumb Code     0  cortexm3_macro.o(.text)
    __MRS_MSP                                0x08003a6f   Thumb Code     0  cortexm3_macro.o(.text)
    __MSR_MSP                                0x08003a75   Thumb Code     0  cortexm3_macro.o(.text)
    __RESETPRIMASK                           0x08003a7b   Thumb Code     0  cortexm3_macro.o(.text)
    __SETPRIMASK                             0x08003a7f   Thumb Code     0  cortexm3_macro.o(.text)
    __READ_PRIMASK                           0x08003a83   Thumb Code     0  cortexm3_macro.o(.text)
    __SETFAULTMASK                           0x08003a89   Thumb Code     0  cortexm3_macro.o(.text)
    __RESETFAULTMASK                         0x08003a8d   Thumb Code     0  cortexm3_macro.o(.text)
    __READ_FAULTMASK                         0x08003a91   Thumb Code     0  cortexm3_macro.o(.text)
    __BASEPRICONFIG                          0x08003a97   Thumb Code     0  cortexm3_macro.o(.text)
    __GetBASEPRI                             0x08003a9d   Thumb Code     0  cortexm3_macro.o(.text)
    __REV_HalfWord                           0x08003aa3   Thumb Code     0  cortexm3_macro.o(.text)
    __REV_Word                               0x08003aa7   Thumb Code     0  cortexm3_macro.o(.text)
    __use_two_region_memory                  0x08003aab   Thumb Code     2  heapauxi.o(.text)
    __rt_heap_escrow$2region                 0x08003aad   Thumb Code     2  heapauxi.o(.text)
    __rt_heap_expand$2region                 0x08003aaf   Thumb Code     2  heapauxi.o(.text)
    __user_setup_stackheap                   0x08003ab1   Thumb Code    74  sys_stackheap_outer.o(.text)
    exit                                     0x08003afb   Thumb Code    12  exit.o(.text)
    __user_libspace                          0x08003b09   Thumb Code     8  libspace.o(.text)
    __user_perproc_libspace                  0x08003b09   Thumb Code     0  libspace.o(.text)
    __user_perthread_libspace                0x08003b09   Thumb Code     0  libspace.o(.text)
    _sys_exit                                0x08003b11   Thumb Code     8  sys_exit.o(.text)
    __I$use$semihosting                      0x08003b1d   Thumb Code     0  use_no_semi.o(.text)
    __use_no_semihosting_swi                 0x08003b1d   Thumb Code     2  use_no_semi.o(.text)
    __semihosting_library_function           0x08003b1f   Thumb Code     0  indicate_semi.o(.text)
    hz32                                     0x08003b2c   Data         528  lcd.o(.constdata)
    hz24                                     0x08003d3c   Data        1368  lcd.o(.constdata)
    hz16                                     0x08004294   Data         192  lcd.o(.constdata)
    Font8x16                                 0x08004354   Data        1536  lcd.o(.constdata)
    Font16x24                                0x08004954   Data        4608  lcd.o(.constdata)
    Region$$Table$$Base                      0x08005b74   Number         0  anon$$obj.o(Region$$Table)
    Region$$Table$$Limit                     0x08005b94   Number         0  anon$$obj.o(Region$$Table)
    mycolor                                  0x20000000   Data           2  main.o(.data)
    GPIO_InitStructure                       0x20000002   Data           4  main.o(.data)
    HSEStartUpStatus                         0x20000006   Data           1  main.o(.data)
    colors                                   0x20000008   Data          16  lcd.o(.data)
    runTimeMs                                0x20000018   Data           4  header.o(.data)
    tickFuncLen                              0x2000001c   Data           1  header.o(.data)
    TIM2                                     0x20000020   Data           4  stm32f10x_lib.o(.data)
    TIM3                                     0x20000024   Data           4  stm32f10x_lib.o(.data)
    TIM4                                     0x20000028   Data           4  stm32f10x_lib.o(.data)
    TIM5                                     0x2000002c   Data           4  stm32f10x_lib.o(.data)
    TIM6                                     0x20000030   Data           4  stm32f10x_lib.o(.data)
    TIM7                                     0x20000034   Data           4  stm32f10x_lib.o(.data)
    RTC                                      0x20000038   Data           4  stm32f10x_lib.o(.data)
    WWDG                                     0x2000003c   Data           4  stm32f10x_lib.o(.data)
    IWDG                                     0x20000040   Data           4  stm32f10x_lib.o(.data)
    SPI2                                     0x20000044   Data           4  stm32f10x_lib.o(.data)
    SPI3                                     0x20000048   Data           4  stm32f10x_lib.o(.data)
    USART2                                   0x2000004c   Data           4  stm32f10x_lib.o(.data)
    USART3                                   0x20000050   Data           4  stm32f10x_lib.o(.data)
    UART4                                    0x20000054   Data           4  stm32f10x_lib.o(.data)
    UART5                                    0x20000058   Data           4  stm32f10x_lib.o(.data)
    I2C1                                     0x2000005c   Data           4  stm32f10x_lib.o(.data)
    I2C2                                     0x20000060   Data           4  stm32f10x_lib.o(.data)
    CAN                                      0x20000064   Data           4  stm32f10x_lib.o(.data)
    BKP                                      0x20000068   Data           4  stm32f10x_lib.o(.data)
    PWR                                      0x2000006c   Data           4  stm32f10x_lib.o(.data)
    DAC                                      0x20000070   Data           4  stm32f10x_lib.o(.data)
    AFIO                                     0x20000074   Data           4  stm32f10x_lib.o(.data)
    EXTI                                     0x20000078   Data           4  stm32f10x_lib.o(.data)
    GPIOA                                    0x2000007c   Data           4  stm32f10x_lib.o(.data)
    GPIOB                                    0x20000080   Data           4  stm32f10x_lib.o(.data)
    GPIOC                                    0x20000084   Data           4  stm32f10x_lib.o(.data)
    GPIOD                                    0x20000088   Data           4  stm32f10x_lib.o(.data)
    GPIOE                                    0x2000008c   Data           4  stm32f10x_lib.o(.data)
    GPIOF                                    0x20000090   Data           4  stm32f10x_lib.o(.data)
    GPIOG                                    0x20000094   Data           4  stm32f10x_lib.o(.data)
    ADC1                                     0x20000098   Data           4  stm32f10x_lib.o(.data)
    ADC2                                     0x2000009c   Data           4  stm32f10x_lib.o(.data)
    TIM1                                     0x200000a0   Data           4  stm32f10x_lib.o(.data)
    SPI1                                     0x200000a4   Data           4  stm32f10x_lib.o(.data)
    TIM8                                     0x200000a8   Data           4  stm32f10x_lib.o(.data)
    USART1                                   0x200000ac   Data           4  stm32f10x_lib.o(.data)
    ADC3                                     0x200000b0   Data           4  stm32f10x_lib.o(.data)
    SDIO                                     0x200000b4   Data           4  stm32f10x_lib.o(.data)
    DMA1                                     0x200000b8   Data           4  stm32f10x_lib.o(.data)
    DMA2                                     0x200000bc   Data           4  stm32f10x_lib.o(.data)
    DMA1_Channel1                            0x200000c0   Data           4  stm32f10x_lib.o(.data)
    DMA1_Channel2                            0x200000c4   Data           4  stm32f10x_lib.o(.data)
    DMA1_Channel3                            0x200000c8   Data           4  stm32f10x_lib.o(.data)
    DMA1_Channel4                            0x200000cc   Data           4  stm32f10x_lib.o(.data)
    DMA1_Channel5                            0x200000d0   Data           4  stm32f10x_lib.o(.data)
    DMA1_Channel6                            0x200000d4   Data           4  stm32f10x_lib.o(.data)
    DMA1_Channel7                            0x200000d8   Data           4  stm32f10x_lib.o(.data)
    DMA2_Channel1                            0x200000dc   Data           4  stm32f10x_lib.o(.data)
    DMA2_Channel2                            0x200000e0   Data           4  stm32f10x_lib.o(.data)
    DMA2_Channel3                            0x200000e4   Data           4  stm32f10x_lib.o(.data)
    DMA2_Channel4                            0x200000e8   Data           4  stm32f10x_lib.o(.data)
    DMA2_Channel5                            0x200000ec   Data           4  stm32f10x_lib.o(.data)
    RCC                                      0x200000f0   Data           4  stm32f10x_lib.o(.data)
    CRC                                      0x200000f4   Data           4  stm32f10x_lib.o(.data)
    FLASH                                    0x200000f8   Data           4  stm32f10x_lib.o(.data)
    OB                                       0x200000fc   Data           4  stm32f10x_lib.o(.data)
    FSMC_Bank1                               0x20000100   Data           4  stm32f10x_lib.o(.data)
    FSMC_Bank1E                              0x20000104   Data           4  stm32f10x_lib.o(.data)
    FSMC_Bank2                               0x20000108   Data           4  stm32f10x_lib.o(.data)
    FSMC_Bank3                               0x2000010c   Data           4  stm32f10x_lib.o(.data)
    FSMC_Bank4                               0x20000110   Data           4  stm32f10x_lib.o(.data)
    DBGMCU                                   0x20000114   Data           4  stm32f10x_lib.o(.data)
    SysTick                                  0x20000118   Data           4  stm32f10x_lib.o(.data)
    NVIC                                     0x2000011c   Data           4  stm32f10x_lib.o(.data)
    SCB                                      0x20000120   Data           4  stm32f10x_lib.o(.data)
    LCD_buffer                               0x20000124   Data       12322  main.o(.bss)
    tickFuncs                                0x20003148   Data          40  header.o(.bss)
    __libspace_start                         0x20003170   Data          96  libspace.o(.bss)
    __temporary_stack_top$libspace           0x200031d0   Data           0  libspace.o(.bss)



==============================================================================

Memory Map of the image

  Image Entry point : 0x08000131

  Load Region LR_IROM1 (Base: 0x08000000, Size: 0x00005cb8, Max: 0x00010000, ABSOLUTE)

    Execution Region ER_IROM1 (Base: 0x08000000, Size: 0x00005b94, Max: 0x00010000, ABSOLUTE)

    Base Addr    Size         Type   Attr      Idx    E Section Name        Object

    0x08000000   0x00000130   Data   RO          136    RESET               stm32f10x_vector.o
    0x08000130   0x00000008   Code   RO          348  * !!!main             c_w.l(__main.o)
    0x08000138   0x00000034   Code   RO          502    !!!scatter          c_w.l(__scatter.o)
    0x0800016c   0x0000001a   Code   RO          504    !!handler_copy      c_w.l(__scatter_copy.o)
    0x08000186   0x00000002   PAD
    0x08000188   0x0000001c   Code   RO          506    !!handler_zi        c_w.l(__scatter_zi.o)
    0x080001a4   0x00000002   Code   RO          375    .ARM.Collect$$libinit$$00000000  c_w.l(libinit.o)
    0x080001a6   0x00000000   Code   RO          382    .ARM.Collect$$libinit$$00000002  c_w.l(libinit2.o)
    0x080001a6   0x00000000   Code   RO          385    .ARM.Collect$$libinit$$00000008  c_w.l(libinit2.o)
    0x080001a6   0x00000000   Code   RO          387    .ARM.Collect$$libinit$$0000000A  c_w.l(libinit2.o)
    0x080001a6   0x00000000   Code   RO          389    .ARM.Collect$$libinit$$0000000C  c_w.l(libinit2.o)
    0x080001a6   0x00000000   Code   RO          392    .ARM.Collect$$libinit$$0000000F  c_w.l(libinit2.o)
    0x080001a6   0x00000000   Code   RO          394    .ARM.Collect$$libinit$$00000011  c_w.l(libinit2.o)
    0x080001a6   0x00000000   Code   RO          396    .ARM.Collect$$libinit$$00000013  c_w.l(libinit2.o)
    0x080001a6   0x00000000   Code   RO          398    .ARM.Collect$$libinit$$00000015  c_w.l(libinit2.o)
    0x080001a6   0x00000000   Code   RO          400    .ARM.Collect$$libinit$$00000017  c_w.l(libinit2.o)
    0x080001a6   0x00000000   Code   RO          402    .ARM.Collect$$libinit$$00000019  c_w.l(libinit2.o)
    0x080001a6   0x00000000   Code   RO          404    .ARM.Collect$$libinit$$0000001B  c_w.l(libinit2.o)
    0x080001a6   0x00000000   Code   RO          406    .ARM.Collect$$libinit$$0000001D  c_w.l(libinit2.o)
    0x080001a6   0x00000000   Code   RO          408    .ARM.Collect$$libinit$$0000001F  c_w.l(libinit2.o)
    0x080001a6   0x00000000   Code   RO          410    .ARM.Collect$$libinit$$00000021  c_w.l(libinit2.o)
    0x080001a6   0x00000000   Code   RO          412    .ARM.Collect$$libinit$$00000023  c_w.l(libinit2.o)
    0x080001a6   0x00000000   Code   RO          416    .ARM.Collect$$libinit$$0000002A  c_w.l(libinit2.o)
    0x080001a6   0x00000000   Code   RO          418    .ARM.Collect$$libinit$$0000002C  c_w.l(libinit2.o)
    0x080001a6   0x00000000   Code   RO          420    .ARM.Collect$$libinit$$0000002E  c_w.l(libinit2.o)
    0x080001a6   0x00000000   Code   RO          422    .ARM.Collect$$libinit$$00000030  c_w.l(libinit2.o)
    0x080001a6   0x00000002   Code   RO          423    .ARM.Collect$$libinit$$00000031  c_w.l(libinit2.o)
    0x080001a8   0x00000002   Code   RO          443    .ARM.Collect$$libshutdown$$00000000  c_w.l(libshutdown.o)
    0x080001aa   0x00000000   Code   RO          457    .ARM.Collect$$libshutdown$$00000003  c_w.l(libshutdown2.o)
    0x080001aa   0x00000000   Code   RO          460    .ARM.Collect$$libshutdown$$00000006  c_w.l(libshutdown2.o)
    0x080001aa   0x00000000   Code   RO          463    .ARM.Collect$$libshutdown$$00000009  c_w.l(libshutdown2.o)
    0x080001aa   0x00000000   Code   RO          465    .ARM.Collect$$libshutdown$$0000000B  c_w.l(libshutdown2.o)
    0x080001aa   0x00000000   Code   RO          468    .ARM.Collect$$libshutdown$$0000000E  c_w.l(libshutdown2.o)
    0x080001aa   0x00000002   Code   RO          469    .ARM.Collect$$libshutdown$$0000000F  c_w.l(libshutdown2.o)
    0x080001ac   0x00000000   Code   RO          350    .ARM.Collect$$rtentry$$00000000  c_w.l(rtentry.o)
    0x080001ac   0x00000000   Code   RO          352    .ARM.Collect$$rtentry$$00000002  c_w.l(rtentry2.o)
    0x080001ac   0x00000006   Code   RO          364    .ARM.Collect$$rtentry$$00000004  c_w.l(rtentry4.o)
    0x080001b2   0x00000000   Code   RO          354    .ARM.Collect$$rtentry$$00000009  c_w.l(rtentry2.o)
    0x080001b2   0x00000004   Code   RO          355    .ARM.Collect$$rtentry$$0000000A  c_w.l(rtentry2.o)
    0x080001b6   0x00000000   Code   RO          357    .ARM.Collect$$rtentry$$0000000C  c_w.l(rtentry2.o)
    0x080001b6   0x00000008   Code   RO          358    .ARM.Collect$$rtentry$$0000000D  c_w.l(rtentry2.o)
    0x080001be   0x00000002   Code   RO          379    .ARM.Collect$$rtexit$$00000000  c_w.l(rtexit.o)
    0x080001c0   0x00000000   Code   RO          425    .ARM.Collect$$rtexit$$00000002  c_w.l(rtexit2.o)
    0x080001c0   0x00000004   Code   RO          426    .ARM.Collect$$rtexit$$00000003  c_w.l(rtexit2.o)
    0x080001c4   0x00000006   Code   RO          427    .ARM.Collect$$rtexit$$00000004  c_w.l(rtexit2.o)
    0x080001ca   0x00000002   PAD
    0x080001cc   0x000004ec   Code   RO            1    .text               main.o
    0x080006b8   0x000006b8   Code   RO          113    .text               lcd.o
    0x08000d70   0x00000024   Code   RO          137    .text               stm32f10x_vector.o
    0x08000d94   0x00000090   Code   RO          142    .text               stm32f10x_it.o
    0x08000e24   0x00000094   Code   RO          157    .text               header.o
    0x08000eb8   0x000007d0   Code   RO          176    .text               STM32F10xR.LIB(stm32f10x_flash.o)
    0x08001688   0x000009ac   Code   RO          204    .text               STM32F10xR.LIB(stm32f10x_gpio.o)
    0x08002034   0x0000036c   Code   RO          222    .text               STM32F10xR.LIB(stm32f10x_lib.o)
    0x080023a0   0x00000c70   Code   RO          303    .text               STM32F10xR.LIB(stm32f10x_nvic.o)
    0x08003010   0x000008ac   Code   RO          315    .text               STM32F10xR.LIB(stm32f10x_rcc.o)
    0x080038bc   0x00000174   Code   RO          329    .text               STM32F10xR.LIB(stm32f10x_systick.o)
    0x08003a30   0x0000007a   Code   RO          341    .text               STM32F10xR.LIB(cortexm3_macro.o)
    0x08003aaa   0x00000006   Code   RO          346    .text               c_w.l(heapauxi.o)
    0x08003ab0   0x0000004a   Code   RO          366    .text               c_w.l(sys_stackheap_outer.o)
    0x08003afa   0x0000000c   Code   RO          368    .text               c_w.l(exit.o)
    0x08003b06   0x00000002   PAD
    0x08003b08   0x00000008   Code   RO          376    .text               c_w.l(libspace.o)
    0x08003b10   0x0000000c   Code   RO          435    .text               c_w.l(sys_exit.o)
    0x08003b1c   0x00000002   Code   RO          446    .text               c_w.l(use_no_semi.o)
    0x08003b1e   0x00000000   Code   RO          448    .text               c_w.l(indicate_semi.o)
    0x08003b1e   0x00000002   PAD
    0x08003b20   0x00000009   Data   RO            3    .constdata          main.o
    0x08003b29   0x00000003   PAD
    0x08003b2c   0x00002034   Data   RO          114    .constdata          lcd.o
    0x08005b60   0x00000014   Data   RO          316    .constdata          STM32F10xR.LIB(stm32f10x_rcc.o)
    0x08005b74   0x00000020   Data   RO          500    Region$$Table       anon$$obj.o


    Execution Region RW_IRAM1 (Base: 0x20000000, Size: 0x000039d0, Max: 0x00005000, ABSOLUTE)

    Base Addr    Size         Type   Attr      Idx    E Section Name        Object

    0x20000000   0x00000007   Data   RW            4    .data               main.o
    0x20000007   0x00000001   PAD
    0x20000008   0x00000010   Data   RW          115    .data               lcd.o
    0x20000018   0x00000005   Data   RW          159    .data               header.o
    0x2000001d   0x00000003   PAD
    0x20000020   0x00000104   Data   RW          223    .data               STM32F10xR.LIB(stm32f10x_lib.o)
    0x20000124   0x00003022   Zero   RW            2    .bss                main.o
    0x20003146   0x00000002   PAD
    0x20003148   0x00000028   Zero   RW          158    .bss                header.o
    0x20003170   0x00000060   Zero   RW          377    .bss                c_w.l(libspace.o)
    0x200031d0   0x00000400   Zero   RW          135    HEAP                stm32f10x_vector.o
    0x200035d0   0x00000400   Zero   RW          134    STACK               stm32f10x_vector.o


==============================================================================

Image component sizes


      Code (inc. data)   RO Data    RW Data    ZI Data      Debug   Object Name

       148         12          0          5         40       1504   header.o
      1720         28       8244         16          0       5037   lcd.o
      1260         38          9          7      12322      13994   main.o
       144          0          0          0          0       7217   stm32f10x_it.o
        36         22        304          0       2048        344   stm32f10x_vector.o

    ----------------------------------------------------------------------
      3308        100       8592         32      14412      28096   Object Totals
         0          0         32          0          0          0   (incl. Generated)
         0          0          3          4          2          0   (incl. Padding)

    ----------------------------------------------------------------------

      Code (inc. data)   RO Data    RW Data    ZI Data      Debug   Library Member Name

       122          0          0          0          0        348   cortexm3_macro.o
      2000         94          0          0          0     187431   stm32f10x_flash.o
      2476        164          0          0          0      20151   stm32f10x_gpio.o
       876        448          0        260          0     183837   stm32f10x_lib.o
      3184        120          0          0          0       8788   stm32f10x_nvic.o
      2220        128         20          0          0       9608   stm32f10x_rcc.o
       372         62          0          0          0       1577   stm32f10x_systick.o
         8          0          0          0          0         68   __main.o
        52          8          0          0          0          0   __scatter.o
        26          0          0          0          0          0   __scatter_copy.o
        28          0          0          0          0          0   __scatter_zi.o
        12          0          0          0          0         72   exit.o
         6          0          0          0          0        152   heapauxi.o
         0          0          0          0          0          0   indicate_semi.o
         2          0          0          0          0          0   libinit.o
         2          0          0          0          0          0   libinit2.o
         2          0          0          0          0          0   libshutdown.o
         2          0          0          0          0          0   libshutdown2.o
         8          4          0          0         96         68   libspace.o
         0          0          0          0          0          0   rtentry.o
        12          0          0          0          0          0   rtentry2.o
         6          0          0          0          0          0   rtentry4.o
         2          0          0          0          0          0   rtexit.o
        10          0          0          0          0          0   rtexit2.o
        12          4          0          0          0         68   sys_exit.o
        74          0          0          0          0         80   sys_stackheap_outer.o
         2          0          0          0          0         68   use_no_semi.o

    ----------------------------------------------------------------------
     11524       1032         20        260         96     412316   Library Totals
         8          0          0          0          0          0   (incl. Padding)

    ----------------------------------------------------------------------

      Code (inc. data)   RO Data    RW Data    ZI Data      Debug   Library Name

     11250       1016         20        260          0     411740   STM32F10xR.LIB
       266         16          0          0         96        576   c_w.l

    ----------------------------------------------------------------------
     11524       1032         20        260         96     412316   Library Totals

    ----------------------------------------------------------------------

==============================================================================


      Code (inc. data)   RO Data    RW Data    ZI Data      Debug   

     14832       1132       8612        292      14508     439060   Grand Totals
     14832       1132       8612        292      14508     439060   ELF Image Totals
     14832       1132       8612        292          0          0   ROM Totals

==============================================================================

    Total RO  Size (Code + RO Data)                23444 (  22.89kB)
    Total RW  Size (RW Data + ZI Data)             14800 (  14.45kB)
    Total ROM Size (Code + RO Data + RW Data)      23736 (  23.18kB)

==============================================================================

