<html>
<body>
<pre>
<h1>µVision Build Log</h1>
<h2>Project:</h2>
J:\Users\Eric\Documents\singleChipProject\LCD\screenTest-backup\STM32_3.2_LCD.uvproj
Project File Date:  06/26/2013

<h2>Output:</h2>
Rebuild target 'STM32_3.2TFT'
compiling main.c...
main.c(37): warning:  #1295-D: Deprecated declaration LCD_refresh - give arg types
main.c(132): warning:  #111-D: statement is unreachable
main.c(268): warning:  #128-D: loop is not reachable
compiling Lcd.c...
assembling stm32f10x_vector.s...
compiling stm32f10x_it.c...
compiling header.c...
linking...
Program Size: Code=14832 RO-data=8612 RW-data=292 ZI-data=14508  
FromELF: creating hex file...
".\out\main.axf" - 0 Error(s), 3 Warning(s).
