ARM Linker, 5.03 [Build 69] [MDK-ARM Lite]

==============================================================================

Section Cross References

    startup_stm32f10x_hd.o(RESET) refers to startup_stm32f10x_hd.o(.text) for Reset_Handler
    startup_stm32f10x_hd.o(RESET) refers to stm32f10x_it.o(.text) for NMI_Handler
    startup_stm32f10x_hd.o(RESET) refers to usart.o(.text) for USART1_IRQHandler
    startup_stm32f10x_hd.o(.text) refers to startup_stm32f10x_hd.o(STACK) for __initial_sp
    startup_stm32f10x_hd.o(.text) refers to entry.o(.ARM.Collect$$$$00000000) for __main
    main.o(.text) refers to misc.o(.text) for NVIC_SetVectorTable
    main.o(.text) refers to system_stm32f10x.o(.text) for SystemInit
    main.o(.text) refers to ili932x.o(.text) for LCD_Init
    main.o(.text) refers to ov7670.o(.text) for Camera_Configuration
    main.o(.text) refers to stm32f10x_rcc.o(.text) for RCC_APB2PeriphClockCmd
    main.o(.text) refers to stm32f10x_gpio.o(.text) for GPIO_Init
    main.o(.text) refers to main.o(.data) for TimingDelay
    main.o(.text) refers to system_stm32f10x.o(.constdata) for SystemFrequency
    main.o(.text) refers to ili932x.o(.data) for BACK_COLOR
    main.o(.text) refers to bmp.o(.constdata) for gImage_11
    main.o(.text) refers to stm32f10x_it.o(.data) for VsyncCnt
    stm32f10x_it.o(.text) refers to stm32f10x_exti.o(.text) for EXTI_GetITStatus
    stm32f10x_it.o(.text) refers to main.o(.text) for TimingDelay_Decrement
    stm32f10x_it.o(.text) refers to stm32f10x_it.o(.data) for VsyncCnt
    usart.o(.text) refers to strlen.o(.text) for strlen
    usart.o(.text) refers to stm32f10x_usart.o(.text) for USART_Init
    ili932x.o(.text) refers to stm32f10x_rcc.o(.text) for RCC_APB2PeriphClockCmd
    ili932x.o(.text) refers to stm32f10x_gpio.o(.text) for GPIO_Init
    ili932x.o(.text) refers to ov7670.o(.text) for DelayNS
    ili932x.o(.text) refers to ili932x.o(.data) for DeviceCode
    ili932x.o(.text) refers to ili932x.o(.constdata) for ASCII_1206
    ili932x.o(.text) refers to hz16.o(.text) for findHzIndex
    hz16.o(.text) refers to ili932x.o(.constdata) for GBHZ_16
    ov7670.o(.text) refers to stm32f10x_gpio.o(.text) for GPIO_EXTILineConfig
    ov7670.o(.text) refers to stm32f10x_exti.o(.text) for EXTI_Init
    ov7670.o(.text) refers to stm32f10x_rcc.o(.text) for RCC_APB2PeriphClockCmd
    ov7670.o(.text) refers to sccb.o(.text) for startSCCB
    ov7670.o(.text) refers to ov7670.o(.constdata) for change_reg
    sccb.o(.text) refers to stm32f10x_rcc.o(.text) for RCC_APB2PeriphClockCmd
    sccb.o(.text) refers to stm32f10x_gpio.o(.text) for GPIO_Init
    sdcard.o(.text) refers to stm32f10x_sdio.o(.text) for SDIO_ClearFlag
    sdcard.o(.text) refers to sdcard.o(.data) for CardType
    sdcard.o(.text) refers to sdcard.o(.bss) for SDIO_CmdInitStructure
    sdcard.o(.text) refers to stm32f10x_gpio.o(.text) for GPIO_Init
    sdcard.o(.text) refers to stm32f10x_rcc.o(.text) for RCC_AHBPeriphClockCmd
    sdcard.o(.text) refers to stm32f10x_dma.o(.text) for DMA_ClearFlag
    ccsbcs.o(.text) refers to ccsbcs.o(.constdata) for Tbl
    diskio.o(.text) refers to sdcard.o(.text) for SD_Init
    diskio.o(.text) refers to stm32f10x_gpio.o(.text) for GPIO_ReadInputDataBit
    diskio.o(.text) refers to main.o(.data) for gEquipStatus
    ff.o(.text) refers to diskio.o(.text) for disk_write
    ff.o(.text) refers to ccsbcs.o(.text) for ff_wtoupper
    ff.o(.text) refers to ff.o(.constdata) for LfnOfs
    ff.o(.text) refers to ff.o(.data) for FatFs
    ff.o(.text) refers to ff.o(.bss) for LfnBuf
    stm32f10x_gpio.o(.text) refers to stm32f10x_rcc.o(.text) for RCC_APB2PeriphResetCmd
    stm32f10x_rcc.o(.text) refers to stm32f10x_rcc.o(.data) for APBAHBPrescTable
    stm32f10x_spi.o(.text) refers to stm32f10x_rcc.o(.text) for RCC_APB2PeriphResetCmd
    stm32f10x_usart.o(.text) refers to stm32f10x_rcc.o(.text) for RCC_APB2PeriphResetCmd
    entry.o(.ARM.Collect$$$$00000000) refers (Special) to entry10a.o(.ARM.Collect$$$$0000000D) for __rt_final_cpp
    entry.o(.ARM.Collect$$$$00000000) refers (Special) to entry11a.o(.ARM.Collect$$$$0000000F) for __rt_final_exit
    entry.o(.ARM.Collect$$$$00000000) refers (Special) to entry7b.o(.ARM.Collect$$$$00000008) for _main_clock
    entry.o(.ARM.Collect$$$$00000000) refers (Special) to entry8b.o(.ARM.Collect$$$$0000000A) for _main_cpp_init
    entry.o(.ARM.Collect$$$$00000000) refers (Special) to entry9a.o(.ARM.Collect$$$$0000000B) for _main_init
    entry.o(.ARM.Collect$$$$00000000) refers (Special) to entry5.o(.ARM.Collect$$$$00000004) for _main_scatterload
    entry.o(.ARM.Collect$$$$00000000) refers (Special) to entry2.o(.ARM.Collect$$$$00000001) for _main_stk
    entry2.o(.ARM.Collect$$$$00000001) refers to entry2.o(.ARM.Collect$$$$00002712) for __lit__00000000
    entry2.o(.ARM.Collect$$$$00002712) refers to startup_stm32f10x_hd.o(STACK) for __initial_sp
    entry2.o(__vectab_stack_and_reset_area) refers to startup_stm32f10x_hd.o(STACK) for __initial_sp
    entry2.o(__vectab_stack_and_reset_area) refers to entry.o(.ARM.Collect$$$$00000000) for __main
    entry5.o(.ARM.Collect$$$$00000004) refers to init.o(.text) for __scatterload
    entry9a.o(.ARM.Collect$$$$0000000B) refers to main.o(.text) for main
    entry9b.o(.ARM.Collect$$$$0000000C) refers to main.o(.text) for main
    init.o(.text) refers to entry5.o(.ARM.Collect$$$$00000004) for __main_after_scatterload


==============================================================================

Removing Unused input sections from the image.

    Removing core_cm3.o(.emb_text), (32 bytes).
    Removing startup_stm32f10x_hd.o(HEAP), (1024 bytes).
    Removing main.o(.bss), (3289 bytes).
    Removing main.o(.constdata), (1408 bytes).
    Removing stm32f10x_it.o(.constdata), (1408 bytes).
    Removing sdcard.o(.text), (8592 bytes).
    Removing sdcard.o(.bss), (100 bytes).
    Removing sdcard.o(.data), (40 bytes).
    Removing ccsbcs.o(.text), (128 bytes).
    Removing ccsbcs.o(.constdata), (1216 bytes).
    Removing diskio.o(.text), (336 bytes).
    Removing ff.o(.text), (9576 bytes).
    Removing ff.o(.bss), (512 bytes).
    Removing ff.o(.constdata), (141 bytes).
    Removing ff.o(.data), (6 bytes).
    Removing stm32f10x_flash.o(.text), (1332 bytes).
    Removing stm32f10x_spi.o(.text), (780 bytes).
    Removing stm32f10x_dma.o(.text), (584 bytes).
    Removing stm32f10x_sdio.o(.text), (472 bytes).

19 unused section(s) (total 30976 bytes) removed from the image.

==============================================================================

Image Symbol Table

    Local Symbols

    Symbol Name                              Value     Ov Type        Size  Object(Section)

    ../clib/microlib/init/entry.s            0x00000000   Number         0  entry.o ABSOLUTE
    ../clib/microlib/init/entry.s            0x00000000   Number         0  entry11b.o ABSOLUTE
    ../clib/microlib/init/entry.s            0x00000000   Number         0  entry11a.o ABSOLUTE
    ../clib/microlib/init/entry.s            0x00000000   Number         0  entry10b.o ABSOLUTE
    ../clib/microlib/init/entry.s            0x00000000   Number         0  entry10a.o ABSOLUTE
    ../clib/microlib/init/entry.s            0x00000000   Number         0  entry9b.o ABSOLUTE
    ../clib/microlib/init/entry.s            0x00000000   Number         0  entry9a.o ABSOLUTE
    ../clib/microlib/init/entry.s            0x00000000   Number         0  entry8b.o ABSOLUTE
    ../clib/microlib/init/entry.s            0x00000000   Number         0  entry8a.o ABSOLUTE
    ../clib/microlib/init/entry.s            0x00000000   Number         0  entry7b.o ABSOLUTE
    ../clib/microlib/init/entry.s            0x00000000   Number         0  entry7a.o ABSOLUTE
    ../clib/microlib/init/entry.s            0x00000000   Number         0  entry5.o ABSOLUTE
    ../clib/microlib/init/entry.s            0x00000000   Number         0  entry2.o ABSOLUTE
    ../clib/microlib/string/strlen.c         0x00000000   Number         0  strlen.o ABSOLUTE
    Source\CMSIS\Core\CM3\core_cm3.c         0x00000000   Number         0  core_cm3.o ABSOLUTE
    Source\CMSIS\Core\CM3\startup\arm\startup_stm32f10x_hd.s 0x00000000   Number         0  startup_stm32f10x_hd.o ABSOLUTE
    Source\CMSIS\Core\CM3\system_stm32f10x.c 0x00000000   Number         0  system_stm32f10x.o ABSOLUTE
    Source\STM32F10x_StdPeriph_Driver\src\misc.c 0x00000000   Number         0  misc.o ABSOLUTE
    Source\STM32F10x_StdPeriph_Driver\src\stm32f10x_dma.c 0x00000000   Number         0  stm32f10x_dma.o ABSOLUTE
    Source\STM32F10x_StdPeriph_Driver\src\stm32f10x_exti.c 0x00000000   Number         0  stm32f10x_exti.o ABSOLUTE
    Source\STM32F10x_StdPeriph_Driver\src\stm32f10x_flash.c 0x00000000   Number         0  stm32f10x_flash.o ABSOLUTE
    Source\STM32F10x_StdPeriph_Driver\src\stm32f10x_gpio.c 0x00000000   Number         0  stm32f10x_gpio.o ABSOLUTE
    Source\STM32F10x_StdPeriph_Driver\src\stm32f10x_rcc.c 0x00000000   Number         0  stm32f10x_rcc.o ABSOLUTE
    Source\STM32F10x_StdPeriph_Driver\src\stm32f10x_sdio.c 0x00000000   Number         0  stm32f10x_sdio.o ABSOLUTE
    Source\STM32F10x_StdPeriph_Driver\src\stm32f10x_spi.c 0x00000000   Number         0  stm32f10x_spi.o ABSOLUTE
    Source\STM32F10x_StdPeriph_Driver\src\stm32f10x_usart.c 0x00000000   Number         0  stm32f10x_usart.o ABSOLUTE
    Source\User\LCD_Driver\ILI932x.c         0x00000000   Number         0  ili932x.o ABSOLUTE
    Source\User\LCD_Driver\bmp.c             0x00000000   Number         0  bmp.o ABSOLUTE
    Source\User\LCD_Driver\hz16.c            0x00000000   Number         0  hz16.o ABSOLUTE
    Source\User\Main\USART.c                 0x00000000   Number         0  usart.o ABSOLUTE
    Source\User\Main\main.c                  0x00000000   Number         0  main.o ABSOLUTE
    Source\User\Main\stm32f10x_it.c          0x00000000   Number         0  stm32f10x_it.o ABSOLUTE
    Source\User\OV7670\OV7670.c              0x00000000   Number         0  ov7670.o ABSOLUTE
    Source\User\OV7670\SCCB.c                0x00000000   Number         0  sccb.o ABSOLUTE
    Source\User\SDCARD\sdcard.c              0x00000000   Number         0  sdcard.o ABSOLUTE
    Source\User\fatfs\ccsbcs.c               0x00000000   Number         0  ccsbcs.o ABSOLUTE
    Source\User\fatfs\diskio.c               0x00000000   Number         0  diskio.o ABSOLUTE
    Source\User\fatfs\ff.c                   0x00000000   Number         0  ff.o ABSOLUTE
    Source\\CMSIS\\Core\\CM3\\core_cm3.c     0x00000000   Number         0  core_cm3.o ABSOLUTE
    dc.s                                     0x00000000   Number         0  dc.o ABSOLUTE
    handlers.s                               0x00000000   Number         0  handlers.o ABSOLUTE
    init.s                                   0x00000000   Number         0  init.o ABSOLUTE
    RESET                                    0x08000000   Section      304  startup_stm32f10x_hd.o(RESET)
    .ARM.Collect$$$$00000000                 0x08000130   Section        0  entry.o(.ARM.Collect$$$$00000000)
    .ARM.Collect$$$$00000001                 0x08000130   Section        4  entry2.o(.ARM.Collect$$$$00000001)
    .ARM.Collect$$$$00000004                 0x08000134   Section        4  entry5.o(.ARM.Collect$$$$00000004)
    .ARM.Collect$$$$00000008                 0x08000138   Section        0  entry7b.o(.ARM.Collect$$$$00000008)
    .ARM.Collect$$$$0000000A                 0x08000138   Section        0  entry8b.o(.ARM.Collect$$$$0000000A)
    .ARM.Collect$$$$0000000B                 0x08000138   Section        8  entry9a.o(.ARM.Collect$$$$0000000B)
    .ARM.Collect$$$$0000000D                 0x08000140   Section        0  entry10a.o(.ARM.Collect$$$$0000000D)
    .ARM.Collect$$$$0000000F                 0x08000140   Section        0  entry11a.o(.ARM.Collect$$$$0000000F)
    .ARM.Collect$$$$00002712                 0x08000140   Section        4  entry2.o(.ARM.Collect$$$$00002712)
    __lit__00000000                          0x08000140   Data           4  entry2.o(.ARM.Collect$$$$00002712)
    .text                                    0x08000144   Section        0  system_stm32f10x.o(.text)
    SetSysClockTo72                          0x08000145   Thumb Code   218  system_stm32f10x.o(.text)
    SetSysClock                              0x0800021f   Thumb Code     8  system_stm32f10x.o(.text)
    .text                                    0x0800027c   Section       48  startup_stm32f10x_hd.o(.text)
    .text                                    0x080002ac   Section        0  main.o(.text)
    .text                                    0x08000744   Section        0  stm32f10x_it.o(.text)
    .text                                    0x080007c0   Section        0  usart.o(.text)
    .text                                    0x0800090c   Section        0  ili932x.o(.text)
    .text                                    0x080017c4   Section        0  hz16.o(.text)
    .text                                    0x0800180c   Section        0  ov7670.o(.text)
    .text                                    0x08001b8c   Section        0  sccb.o(.text)
    .text                                    0x08001db8   Section        0  misc.o(.text)
    .text                                    0x08001e94   Section        0  stm32f10x_gpio.o(.text)
    .text                                    0x080021cc   Section        0  stm32f10x_rcc.o(.text)
    .text                                    0x08002570   Section        0  stm32f10x_usart.o(.text)
    .text                                    0x08002914   Section        0  stm32f10x_exti.o(.text)
    .text                                    0x08002a30   Section        0  strlen.o(.text)
    .text                                    0x08002a40   Section       36  init.o(.text)
    i.__scatterload_copy                     0x08002a64   Section       14  handlers.o(i.__scatterload_copy)
    i.__scatterload_null                     0x08002a72   Section        2  handlers.o(i.__scatterload_null)
    i.__scatterload_zeroinit                 0x08002a74   Section       14  handlers.o(i.__scatterload_zeroinit)
    .constdata                               0x08002a84   Section       20  system_stm32f10x.o(.constdata)
    .constdata                               0x08002a98   Section     6624  ili932x.o(.constdata)
    change_reg                               0x08003ef8   Data        1408  ili932x.o(.constdata)
    .constdata                               0x08004478   Section    19206  bmp.o(.constdata)
    .constdata                               0x08008f80   Section     1408  ov7670.o(.constdata)
    change_reg                               0x08008f80   Data        1408  ov7670.o(.constdata)
    .data                                    0x20000000   Section       64  main.o(.data)
    KEY_UP                                   0x20000024   Data           1  main.o(.data)
    TimingDelay                              0x2000003c   Data           4  main.o(.data)
    .data                                    0x20000040   Section        1  stm32f10x_it.o(.data)
    .data                                    0x20000042   Section        6  ili932x.o(.data)
    DeviceCode                               0x20000046   Data           2  ili932x.o(.data)
    .data                                    0x20000048   Section       20  stm32f10x_rcc.o(.data)
    APBAHBPrescTable                         0x20000048   Data          16  stm32f10x_rcc.o(.data)
    ADCPrescTable                            0x20000058   Data           4  stm32f10x_rcc.o(.data)
    STACK                                    0x20000060   Section     1024  startup_stm32f10x_hd.o(STACK)

    Global Symbols

    Symbol Name                              Value     Ov Type        Size  Object(Section)

    BuildAttributes$$THM_ISAv4$P$D$K$B$S$PE$A:L22UL41UL21$X:L11$S22US41US21$IEEE1$IW$USESV6$~STKCKD$USESV7$~SHL$OSPACE$EBA8$MICROLIB$REQ8$PRES8$EABIv2 0x00000000   Number         0  anon$$obj.o ABSOLUTE
    __ARM_use_no_argv                        0x00000000   Number         0  main.o ABSOLUTE
    __cpp_initialize__aeabi_                  - Undefined Weak Reference
    __cxa_finalize                            - Undefined Weak Reference
    __decompress                              - Undefined Weak Reference
    _clock_init                               - Undefined Weak Reference
    _microlib_exit                            - Undefined Weak Reference
    __Vectors_Size                           0x00000130   Number         0  startup_stm32f10x_hd.o ABSOLUTE
    __Vectors                                0x08000000   Data           4  startup_stm32f10x_hd.o(RESET)
    __Vectors_End                            0x08000130   Data           0  startup_stm32f10x_hd.o(RESET)
    __main                                   0x08000131   Thumb Code     0  entry.o(.ARM.Collect$$$$00000000)
    _main_stk                                0x08000131   Thumb Code     0  entry2.o(.ARM.Collect$$$$00000001)
    _main_scatterload                        0x08000135   Thumb Code     0  entry5.o(.ARM.Collect$$$$00000004)
    __main_after_scatterload                 0x08000139   Thumb Code     0  entry5.o(.ARM.Collect$$$$00000004)
    _main_clock                              0x08000139   Thumb Code     0  entry7b.o(.ARM.Collect$$$$00000008)
    _main_cpp_init                           0x08000139   Thumb Code     0  entry8b.o(.ARM.Collect$$$$0000000A)
    _main_init                               0x08000139   Thumb Code     0  entry9a.o(.ARM.Collect$$$$0000000B)
    __rt_final_cpp                           0x08000141   Thumb Code     0  entry10a.o(.ARM.Collect$$$$0000000D)
    __rt_final_exit                          0x08000141   Thumb Code     0  entry11a.o(.ARM.Collect$$$$0000000F)
    SystemInit                               0x08000227   Thumb Code    70  system_stm32f10x.o(.text)
    SystemInit_ExtMemCtl                     0x0800027d   Thumb Code     2  startup_stm32f10x_hd.o(.text)
    Reset_Handler                            0x0800027f   Thumb Code    14  startup_stm32f10x_hd.o(.text)
    ADC1_2_IRQHandler                        0x0800029f   Thumb Code     0  startup_stm32f10x_hd.o(.text)
    ADC3_IRQHandler                          0x0800029f   Thumb Code     0  startup_stm32f10x_hd.o(.text)
    CAN1_RX1_IRQHandler                      0x0800029f   Thumb Code     0  startup_stm32f10x_hd.o(.text)
    CAN1_SCE_IRQHandler                      0x0800029f   Thumb Code     0  startup_stm32f10x_hd.o(.text)
    DMA1_Channel1_IRQHandler                 0x0800029f   Thumb Code     0  startup_stm32f10x_hd.o(.text)
    DMA1_Channel2_IRQHandler                 0x0800029f   Thumb Code     0  startup_stm32f10x_hd.o(.text)
    DMA1_Channel3_IRQHandler                 0x0800029f   Thumb Code     0  startup_stm32f10x_hd.o(.text)
    DMA1_Channel4_IRQHandler                 0x0800029f   Thumb Code     0  startup_stm32f10x_hd.o(.text)
    DMA1_Channel5_IRQHandler                 0x0800029f   Thumb Code     0  startup_stm32f10x_hd.o(.text)
    DMA1_Channel6_IRQHandler                 0x0800029f   Thumb Code     0  startup_stm32f10x_hd.o(.text)
    DMA1_Channel7_IRQHandler                 0x0800029f   Thumb Code     0  startup_stm32f10x_hd.o(.text)
    DMA2_Channel1_IRQHandler                 0x0800029f   Thumb Code     0  startup_stm32f10x_hd.o(.text)
    DMA2_Channel2_IRQHandler                 0x0800029f   Thumb Code     0  startup_stm32f10x_hd.o(.text)
    DMA2_Channel3_IRQHandler                 0x0800029f   Thumb Code     0  startup_stm32f10x_hd.o(.text)
    DMA2_Channel4_5_IRQHandler               0x0800029f   Thumb Code     0  startup_stm32f10x_hd.o(.text)
    EXTI0_IRQHandler                         0x0800029f   Thumb Code     0  startup_stm32f10x_hd.o(.text)
    EXTI1_IRQHandler                         0x0800029f   Thumb Code     0  startup_stm32f10x_hd.o(.text)
    EXTI2_IRQHandler                         0x0800029f   Thumb Code     0  startup_stm32f10x_hd.o(.text)
    EXTI3_IRQHandler                         0x0800029f   Thumb Code     0  startup_stm32f10x_hd.o(.text)
    EXTI4_IRQHandler                         0x0800029f   Thumb Code     0  startup_stm32f10x_hd.o(.text)
    EXTI9_5_IRQHandler                       0x0800029f   Thumb Code     0  startup_stm32f10x_hd.o(.text)
    FLASH_IRQHandler                         0x0800029f   Thumb Code     0  startup_stm32f10x_hd.o(.text)
    FSMC_IRQHandler                          0x0800029f   Thumb Code     0  startup_stm32f10x_hd.o(.text)
    I2C1_ER_IRQHandler                       0x0800029f   Thumb Code     0  startup_stm32f10x_hd.o(.text)
    I2C1_EV_IRQHandler                       0x0800029f   Thumb Code     0  startup_stm32f10x_hd.o(.text)
    I2C2_ER_IRQHandler                       0x0800029f   Thumb Code     0  startup_stm32f10x_hd.o(.text)
    I2C2_EV_IRQHandler                       0x0800029f   Thumb Code     0  startup_stm32f10x_hd.o(.text)
    PVD_IRQHandler                           0x0800029f   Thumb Code     0  startup_stm32f10x_hd.o(.text)
    RCC_IRQHandler                           0x0800029f   Thumb Code     0  startup_stm32f10x_hd.o(.text)
    RTCAlarm_IRQHandler                      0x0800029f   Thumb Code     0  startup_stm32f10x_hd.o(.text)
    RTC_IRQHandler                           0x0800029f   Thumb Code     0  startup_stm32f10x_hd.o(.text)
    SDIO_IRQHandler                          0x0800029f   Thumb Code     0  startup_stm32f10x_hd.o(.text)
    SPI1_IRQHandler                          0x0800029f   Thumb Code     0  startup_stm32f10x_hd.o(.text)
    SPI2_IRQHandler                          0x0800029f   Thumb Code     0  startup_stm32f10x_hd.o(.text)
    SPI3_IRQHandler                          0x0800029f   Thumb Code     0  startup_stm32f10x_hd.o(.text)
    TAMPER_IRQHandler                        0x0800029f   Thumb Code     0  startup_stm32f10x_hd.o(.text)
    TIM1_BRK_IRQHandler                      0x0800029f   Thumb Code     0  startup_stm32f10x_hd.o(.text)
    TIM1_CC_IRQHandler                       0x0800029f   Thumb Code     0  startup_stm32f10x_hd.o(.text)
    TIM1_TRG_COM_IRQHandler                  0x0800029f   Thumb Code     0  startup_stm32f10x_hd.o(.text)
    TIM1_UP_IRQHandler                       0x0800029f   Thumb Code     0  startup_stm32f10x_hd.o(.text)
    TIM2_IRQHandler                          0x0800029f   Thumb Code     0  startup_stm32f10x_hd.o(.text)
    TIM3_IRQHandler                          0x0800029f   Thumb Code     0  startup_stm32f10x_hd.o(.text)
    TIM4_IRQHandler                          0x0800029f   Thumb Code     0  startup_stm32f10x_hd.o(.text)
    TIM5_IRQHandler                          0x0800029f   Thumb Code     0  startup_stm32f10x_hd.o(.text)
    TIM6_IRQHandler                          0x0800029f   Thumb Code     0  startup_stm32f10x_hd.o(.text)
    TIM7_IRQHandler                          0x0800029f   Thumb Code     0  startup_stm32f10x_hd.o(.text)
    TIM8_BRK_IRQHandler                      0x0800029f   Thumb Code     0  startup_stm32f10x_hd.o(.text)
    TIM8_CC_IRQHandler                       0x0800029f   Thumb Code     0  startup_stm32f10x_hd.o(.text)
    TIM8_TRG_COM_IRQHandler                  0x0800029f   Thumb Code     0  startup_stm32f10x_hd.o(.text)
    TIM8_UP_IRQHandler                       0x0800029f   Thumb Code     0  startup_stm32f10x_hd.o(.text)
    UART4_IRQHandler                         0x0800029f   Thumb Code     0  startup_stm32f10x_hd.o(.text)
    UART5_IRQHandler                         0x0800029f   Thumb Code     0  startup_stm32f10x_hd.o(.text)
    USART2_IRQHandler                        0x0800029f   Thumb Code     0  startup_stm32f10x_hd.o(.text)
    USART3_IRQHandler                        0x0800029f   Thumb Code     0  startup_stm32f10x_hd.o(.text)
    USBWakeUp_IRQHandler                     0x0800029f   Thumb Code     0  startup_stm32f10x_hd.o(.text)
    USB_HP_CAN1_TX_IRQHandler                0x0800029f   Thumb Code     0  startup_stm32f10x_hd.o(.text)
    USB_LP_CAN1_RX0_IRQHandler               0x0800029f   Thumb Code     0  startup_stm32f10x_hd.o(.text)
    WWDG_IRQHandler                          0x0800029f   Thumb Code     0  startup_stm32f10x_hd.o(.text)
    Delay                                    0x080002ad   Thumb Code    20  main.o(.text)
    NVIC_Configuration                       0x080002c1   Thumb Code    52  main.o(.text)
    main                                     0x080002f5   Thumb Code   586  main.o(.text)
    Refreshes_Screen                         0x0800053f   Thumb Code    32  main.o(.text)
    GPIO_Configuration                       0x0800055f   Thumb Code   184  main.o(.text)
    TimingDelay_Decrement                    0x08000617   Thumb Code    18  main.o(.text)
    KEY_Scan                                 0x08000629   Thumb Code    76  main.o(.text)
    EXTI15_10_IRQHandler                     0x08000745   Thumb Code    80  stm32f10x_it.o(.text)
    NMI_Handler                              0x08000795   Thumb Code     2  stm32f10x_it.o(.text)
    HardFault_Handler                        0x08000797   Thumb Code     4  stm32f10x_it.o(.text)
    MemManage_Handler                        0x0800079b   Thumb Code     4  stm32f10x_it.o(.text)
    BusFault_Handler                         0x0800079f   Thumb Code     4  stm32f10x_it.o(.text)
    UsageFault_Handler                       0x080007a3   Thumb Code     4  stm32f10x_it.o(.text)
    SVC_Handler                              0x080007a7   Thumb Code     2  stm32f10x_it.o(.text)
    DebugMon_Handler                         0x080007a9   Thumb Code     2  stm32f10x_it.o(.text)
    PendSV_Handler                           0x080007ab   Thumb Code     2  stm32f10x_it.o(.text)
    SysTick_Handler                          0x080007ad   Thumb Code     8  stm32f10x_it.o(.text)
    USART1_Send_Byte                         0x080007c1   Thumb Code    24  usart.o(.text)
    USART_Send_Enter                         0x080007d9   Thumb Code    16  usart.o(.text)
    USART_Send_Str                           0x080007e9   Thumb Code    52  usart.o(.text)
    u32tostr                                 0x0800081d   Thumb Code    88  usart.o(.text)
    USART_Put_Num                            0x08000875   Thumb Code    24  usart.o(.text)
    USART_Put_Inf                            0x0800088d   Thumb Code    26  usart.o(.text)
    USART_Configuration                      0x080008a7   Thumb Code    62  usart.o(.text)
    USART1_IRQHandler                        0x080008e5   Thumb Code    30  usart.o(.text)
    Write_Dat                                0x0800090d   Thumb Code    40  ili932x.o(.text)
    Write_Cmd                                0x08000935   Thumb Code    36  ili932x.o(.text)
    LCD_WriteReg                             0x08000959   Thumb Code    20  ili932x.o(.text)
    LCD_ReadReg                              0x0800096d   Thumb Code   114  ili932x.o(.text)
    LCD_ReadDat                              0x080009df   Thumb Code    98  ili932x.o(.text)
    LCD_Configuration                        0x08000a41   Thumb Code    96  ili932x.o(.text)
    LCD_WriteRAM_Prepare                     0x08000aa1   Thumb Code    10  ili932x.o(.text)
    LCD_SetCursor                            0x08000aab   Thumb Code    86  ili932x.o(.text)
    LCD_Clear                                0x08000b01   Thumb Code    38  ili932x.o(.text)
    LCD_Delay                                0x08000b27   Thumb Code    38  ili932x.o(.text)
    LCD_Init                                 0x08000b4d   Thumb Code  1312  ili932x.o(.text)
    LCD_DrawPoint                            0x0800106d   Thumb Code    30  ili932x.o(.text)
    LCD_SetDisplayWindow                     0x0800108b   Thumb Code   130  ili932x.o(.text)
    LCD_ShowChar                             0x0800110d   Thumb Code   310  ili932x.o(.text)
    LCD_ShowString                           0x08001243   Thumb Code    74  ili932x.o(.text)
    WriteOneASCII                            0x0800128d   Thumb Code   132  ili932x.o(.text)
    WriteOneHzChar                           0x08001311   Thumb Code   166  ili932x.o(.text)
    WriteString                              0x080013b7   Thumb Code   202  ili932x.o(.text)
    Num_power                                0x08001481   Thumb Code    22  ili932x.o(.text)
    LCD_ShowNum                              0x08001497   Thumb Code   148  ili932x.o(.text)
    LCD_WriteBMP                             0x0800152b   Thumb Code   186  ili932x.o(.text)
    LCD_DrawLine                             0x080015e5   Thumb Code   176  ili932x.o(.text)
    Draw_Circle                              0x08001695   Thumb Code   176  ili932x.o(.text)
    LCD_Fill                                 0x08001745   Thumb Code   128  ili932x.o(.text)
    findHzIndex                              0x080017c5   Thumb Code    68  hz16.o(.text)
    EXTI_Configuration                       0x0800180d   Thumb Code    48  ov7670.o(.text)
    FIFO_GPIO_Configuration                  0x0800183d   Thumb Code    60  ov7670.o(.text)
    Camera_Configuration                     0x08001879   Thumb Code    12  ov7670.o(.text)
    OV7670_GPIO_Init                         0x08001885   Thumb Code    34  ov7670.o(.text)
    XCLK_init_ON                             0x080018a7   Thumb Code    46  ov7670.o(.text)
    XCLK_init_OFF                            0x080018d5   Thumb Code    40  ov7670.o(.text)
    wrOV7670Reg                              0x080018fd   Thumb Code    78  ov7670.o(.text)
    rdOV7660Reg                              0x0800194b   Thumb Code   102  ov7670.o(.text)
    OV7660_config_window                     0x080019b1   Thumb Code   186  ov7670.o(.text)
    my_delay_ms                              0x08001a6b   Thumb Code    28  ov7670.o(.text)
    OV7660_init                              0x08001a87   Thumb Code   130  ov7670.o(.text)
    set_qvga                                 0x08001b09   Thumb Code   106  ov7670.o(.text)
    DelayNS                                  0x08001b73   Thumb Code    14  ov7670.o(.text)
    DelaySCCB                                0x08001b8d   Thumb Code    12  sccb.o(.text)
    SCCB_GPIO_Config                         0x08001b99   Thumb Code    40  sccb.o(.text)
    SCCB_SID_GPIO_OUTPUT                     0x08001bc1   Thumb Code    40  sccb.o(.text)
    SCCB_SID_GPIO_INPUT                      0x08001be9   Thumb Code    34  sccb.o(.text)
    startSCCB                                0x08001c0b   Thumb Code    64  sccb.o(.text)
    stopSCCB                                 0x08001c4b   Thumb Code    48  sccb.o(.text)
    noAck                                    0x08001c7b   Thumb Code    64  sccb.o(.text)
    SCCBwriteByte                            0x08001cbb   Thumb Code   148  sccb.o(.text)
    SCCBreadByte                             0x08001d4f   Thumb Code    90  sccb.o(.text)
    NVIC_PriorityGroupConfig                 0x08001db9   Thumb Code    10  misc.o(.text)
    NVIC_Init                                0x08001dc3   Thumb Code   102  misc.o(.text)
    NVIC_SetVectorTable                      0x08001e29   Thumb Code    14  misc.o(.text)
    NVIC_SystemLPConfig                      0x08001e37   Thumb Code    34  misc.o(.text)
    SysTick_CLKSourceConfig                  0x08001e59   Thumb Code    40  misc.o(.text)
    GPIO_DeInit                              0x08001e95   Thumb Code   172  stm32f10x_gpio.o(.text)
    GPIO_AFIODeInit                          0x08001f41   Thumb Code    20  stm32f10x_gpio.o(.text)
    GPIO_Init                                0x08001f55   Thumb Code   274  stm32f10x_gpio.o(.text)
    GPIO_StructInit                          0x08002067   Thumb Code    16  stm32f10x_gpio.o(.text)
    GPIO_ReadInputDataBit                    0x08002077   Thumb Code    18  stm32f10x_gpio.o(.text)
    GPIO_ReadInputData                       0x08002089   Thumb Code     8  stm32f10x_gpio.o(.text)
    GPIO_ReadOutputDataBit                   0x08002091   Thumb Code    18  stm32f10x_gpio.o(.text)
    GPIO_ReadOutputData                      0x080020a3   Thumb Code     8  stm32f10x_gpio.o(.text)
    GPIO_SetBits                             0x080020ab   Thumb Code     4  stm32f10x_gpio.o(.text)
    GPIO_ResetBits                           0x080020af   Thumb Code     4  stm32f10x_gpio.o(.text)
    GPIO_WriteBit                            0x080020b3   Thumb Code    10  stm32f10x_gpio.o(.text)
    GPIO_Write                               0x080020bd   Thumb Code     4  stm32f10x_gpio.o(.text)
    GPIO_PinLockConfig                       0x080020c1   Thumb Code    18  stm32f10x_gpio.o(.text)
    GPIO_EventOutputConfig                   0x080020d3   Thumb Code    26  stm32f10x_gpio.o(.text)
    GPIO_EventOutputCmd                      0x080020ed   Thumb Code     6  stm32f10x_gpio.o(.text)
    GPIO_PinRemapConfig                      0x080020f3   Thumb Code   106  stm32f10x_gpio.o(.text)
    GPIO_EXTILineConfig                      0x0800215d   Thumb Code    66  stm32f10x_gpio.o(.text)
    GPIO_ETH_MediaInterfaceConfig            0x0800219f   Thumb Code     6  stm32f10x_gpio.o(.text)
    RCC_DeInit                               0x080021cd   Thumb Code    64  stm32f10x_rcc.o(.text)
    RCC_HSEConfig                            0x0800220d   Thumb Code    70  stm32f10x_rcc.o(.text)
    RCC_GetFlagStatus                        0x08002253   Thumb Code    56  stm32f10x_rcc.o(.text)
    RCC_WaitForHSEStartUp                    0x0800228b   Thumb Code    56  stm32f10x_rcc.o(.text)
    RCC_AdjustHSICalibrationValue            0x080022c3   Thumb Code    20  stm32f10x_rcc.o(.text)
    RCC_HSICmd                               0x080022d7   Thumb Code     6  stm32f10x_rcc.o(.text)
    RCC_PLLConfig                            0x080022dd   Thumb Code    24  stm32f10x_rcc.o(.text)
    RCC_PLLCmd                               0x080022f5   Thumb Code     6  stm32f10x_rcc.o(.text)
    RCC_SYSCLKConfig                         0x080022fb   Thumb Code    18  stm32f10x_rcc.o(.text)
    RCC_GetSYSCLKSource                      0x0800230d   Thumb Code    10  stm32f10x_rcc.o(.text)
    RCC_HCLKConfig                           0x08002317   Thumb Code    18  stm32f10x_rcc.o(.text)
    RCC_PCLK1Config                          0x08002329   Thumb Code    18  stm32f10x_rcc.o(.text)
    RCC_PCLK2Config                          0x0800233b   Thumb Code    20  stm32f10x_rcc.o(.text)
    RCC_ITConfig                             0x0800234f   Thumb Code    26  stm32f10x_rcc.o(.text)
    RCC_USBCLKConfig                         0x08002369   Thumb Code     6  stm32f10x_rcc.o(.text)
    RCC_ADCCLKConfig                         0x0800236f   Thumb Code    18  stm32f10x_rcc.o(.text)
    RCC_LSEConfig                            0x08002381   Thumb Code    44  stm32f10x_rcc.o(.text)
    RCC_LSICmd                               0x080023ad   Thumb Code     6  stm32f10x_rcc.o(.text)
    RCC_RTCCLKConfig                         0x080023b3   Thumb Code    12  stm32f10x_rcc.o(.text)
    RCC_RTCCLKCmd                            0x080023bf   Thumb Code     8  stm32f10x_rcc.o(.text)
    RCC_GetClocksFreq                        0x080023c7   Thumb Code   192  stm32f10x_rcc.o(.text)
    RCC_AHBPeriphClockCmd                    0x08002487   Thumb Code    26  stm32f10x_rcc.o(.text)
    RCC_APB2PeriphClockCmd                   0x080024a1   Thumb Code    26  stm32f10x_rcc.o(.text)
    RCC_APB1PeriphClockCmd                   0x080024bb   Thumb Code    26  stm32f10x_rcc.o(.text)
    RCC_APB2PeriphResetCmd                   0x080024d5   Thumb Code    26  stm32f10x_rcc.o(.text)
    RCC_APB1PeriphResetCmd                   0x080024ef   Thumb Code    26  stm32f10x_rcc.o(.text)
    RCC_BackupResetCmd                       0x08002509   Thumb Code     8  stm32f10x_rcc.o(.text)
    RCC_ClockSecuritySystemCmd               0x08002511   Thumb Code     6  stm32f10x_rcc.o(.text)
    RCC_MCOConfig                            0x08002517   Thumb Code     6  stm32f10x_rcc.o(.text)
    RCC_ClearFlag                            0x0800251d   Thumb Code    14  stm32f10x_rcc.o(.text)
    RCC_GetITStatus                          0x0800252b   Thumb Code    20  stm32f10x_rcc.o(.text)
    RCC_ClearITPendingBit                    0x0800253f   Thumb Code     6  stm32f10x_rcc.o(.text)
    USART_DeInit                             0x08002571   Thumb Code   134  stm32f10x_usart.o(.text)
    USART_Init                               0x080025f7   Thumb Code   156  stm32f10x_usart.o(.text)
    USART_StructInit                         0x08002693   Thumb Code    24  stm32f10x_usart.o(.text)
    USART_ClockInit                          0x080026ab   Thumb Code    34  stm32f10x_usart.o(.text)
    USART_ClockStructInit                    0x080026cd   Thumb Code    12  stm32f10x_usart.o(.text)
    USART_Cmd                                0x080026d9   Thumb Code    24  stm32f10x_usart.o(.text)
    USART_ITConfig                           0x080026f1   Thumb Code    74  stm32f10x_usart.o(.text)
    USART_DMACmd                             0x0800273b   Thumb Code    18  stm32f10x_usart.o(.text)
    USART_SetAddress                         0x0800274d   Thumb Code    18  stm32f10x_usart.o(.text)
    USART_WakeUpConfig                       0x0800275f   Thumb Code    18  stm32f10x_usart.o(.text)
    USART_ReceiverWakeUpCmd                  0x08002771   Thumb Code    24  stm32f10x_usart.o(.text)
    USART_LINBreakDetectLengthConfig         0x08002789   Thumb Code    18  stm32f10x_usart.o(.text)
    USART_LINCmd                             0x0800279b   Thumb Code    24  stm32f10x_usart.o(.text)
    USART_SendData                           0x080027b3   Thumb Code     8  stm32f10x_usart.o(.text)
    USART_ReceiveData                        0x080027bb   Thumb Code    10  stm32f10x_usart.o(.text)
    USART_SendBreak                          0x080027c5   Thumb Code    10  stm32f10x_usart.o(.text)
    USART_SetGuardTime                       0x080027cf   Thumb Code    16  stm32f10x_usart.o(.text)
    USART_SetPrescaler                       0x080027df   Thumb Code    16  stm32f10x_usart.o(.text)
    USART_SmartCardCmd                       0x080027ef   Thumb Code    24  stm32f10x_usart.o(.text)
    USART_SmartCardNACKCmd                   0x08002807   Thumb Code    24  stm32f10x_usart.o(.text)
    USART_HalfDuplexCmd                      0x0800281f   Thumb Code    24  stm32f10x_usart.o(.text)
    USART_IrDAConfig                         0x08002837   Thumb Code    18  stm32f10x_usart.o(.text)
    USART_IrDACmd                            0x08002849   Thumb Code    24  stm32f10x_usart.o(.text)
    USART_GetFlagStatus                      0x08002861   Thumb Code    26  stm32f10x_usart.o(.text)
    USART_ClearFlag                          0x0800287b   Thumb Code    18  stm32f10x_usart.o(.text)
    USART_GetITStatus                        0x0800288d   Thumb Code    84  stm32f10x_usart.o(.text)
    USART_ClearITPendingBit                  0x080028e1   Thumb Code    30  stm32f10x_usart.o(.text)
    EXTI_DeInit                              0x08002915   Thumb Code    28  stm32f10x_exti.o(.text)
    EXTI_Init                                0x08002931   Thumb Code   142  stm32f10x_exti.o(.text)
    EXTI_StructInit                          0x080029bf   Thumb Code    16  stm32f10x_exti.o(.text)
    EXTI_GenerateSWInterrupt                 0x080029cf   Thumb Code    16  stm32f10x_exti.o(.text)
    EXTI_GetFlagStatus                       0x080029df   Thumb Code    22  stm32f10x_exti.o(.text)
    EXTI_ClearFlag                           0x080029f5   Thumb Code     8  stm32f10x_exti.o(.text)
    EXTI_GetITStatus                         0x080029fd   Thumb Code    34  stm32f10x_exti.o(.text)
    EXTI_ClearITPendingBit                   0x08002a1f   Thumb Code     8  stm32f10x_exti.o(.text)
    strlen                                   0x08002a31   Thumb Code    14  strlen.o(.text)
    __scatterload                            0x08002a41   Thumb Code    28  init.o(.text)
    __scatterload_rt2                        0x08002a41   Thumb Code     0  init.o(.text)
    __scatterload_copy                       0x08002a65   Thumb Code    14  handlers.o(i.__scatterload_copy)
    __scatterload_null                       0x08002a73   Thumb Code     2  handlers.o(i.__scatterload_null)
    __scatterload_zeroinit                   0x08002a75   Thumb Code    14  handlers.o(i.__scatterload_zeroinit)
    SystemFrequency                          0x08002a84   Data           4  system_stm32f10x.o(.constdata)
    SystemFrequency_SysClk                   0x08002a88   Data           4  system_stm32f10x.o(.constdata)
    SystemFrequency_AHBClk                   0x08002a8c   Data           4  system_stm32f10x.o(.constdata)
    SystemFrequency_APB1Clk                  0x08002a90   Data           4  system_stm32f10x.o(.constdata)
    SystemFrequency_APB2Clk                  0x08002a94   Data           4  system_stm32f10x.o(.constdata)
    GBHZ_16                                  0x08002a98   Data        1020  ili932x.o(.constdata)
    ASCII_1608                               0x08002e94   Data        1536  ili932x.o(.constdata)
    ASCII_1206                               0x08003494   Data        1140  ili932x.o(.constdata)
    ASCII_1608_CU                            0x08003908   Data        1520  ili932x.o(.constdata)
    gImage_11                                0x08004478   Data       19206  bmp.o(.constdata)
    Region$$Table$$Base                      0x08009500   Number         0  anon$$obj.o(Region$$Table)
    Region$$Table$$Limit                     0x08009520   Number         0  anon$$obj.o(Region$$Table)
    TEXT_Buffer                              0x20000000   Data          25  main.o(.data)
    i                                        0x20000019   Data           1  main.o(.data)
    m                                        0x2000001c   Data           4  main.o(.data)
    Camera_Data                              0x20000020   Data           2  main.o(.data)
    temp1                                    0x20000022   Data           2  main.o(.data)
    TimeDisplay                              0x20000028   Data           4  main.o(.data)
    gSysStatus                               0x2000002c   Data           1  main.o(.data)
    gSysStatusBkp                            0x2000002d   Data           1  main.o(.data)
    gEquipStatus                             0x2000002e   Data           4  main.o(.data)
    SD_insert_IRQ_flag                       0x20000032   Data           1  main.o(.data)
    mvCnt                                    0x20000034   Data           2  main.o(.data)
    SDSaveRowCounter                         0x20000036   Data           1  main.o(.data)
    sdres                                    0x20000037   Data           1  main.o(.data)
    resTemp                                  0x20000038   Data           4  main.o(.data)
    VsyncCnt                                 0x20000040   Data           1  stm32f10x_it.o(.data)
    POINT_COLOR                              0x20000042   Data           2  ili932x.o(.data)
    BACK_COLOR                               0x20000044   Data           2  ili932x.o(.data)
    __initial_sp                             0x20000460   Data           0  startup_stm32f10x_hd.o(STACK)



==============================================================================

Memory Map of the image

  Image Entry point : 0x08000131

  Load Region LR_IROM1 (Base: 0x08000000, Size: 0x0000957c, Max: 0x00040000, ABSOLUTE)

    Execution Region ER_IROM1 (Base: 0x08000000, Size: 0x00009520, Max: 0x00040000, ABSOLUTE)

    Base Addr    Size         Type   Attr      Idx    E Section Name        Object

    0x08000000   0x00000130   Data   RO           79    RESET               startup_stm32f10x_hd.o
    0x08000130   0x00000000   Code   RO          505  * .ARM.Collect$$$$00000000  mc_w.l(entry.o)
    0x08000130   0x00000004   Code   RO          510    .ARM.Collect$$$$00000001  mc_w.l(entry2.o)
    0x08000134   0x00000004   Code   RO          513    .ARM.Collect$$$$00000004  mc_w.l(entry5.o)
    0x08000138   0x00000000   Code   RO          515    .ARM.Collect$$$$00000008  mc_w.l(entry7b.o)
    0x08000138   0x00000000   Code   RO          517    .ARM.Collect$$$$0000000A  mc_w.l(entry8b.o)
    0x08000138   0x00000008   Code   RO          518    .ARM.Collect$$$$0000000B  mc_w.l(entry9a.o)
    0x08000140   0x00000000   Code   RO          520    .ARM.Collect$$$$0000000D  mc_w.l(entry10a.o)
    0x08000140   0x00000000   Code   RO          522    .ARM.Collect$$$$0000000F  mc_w.l(entry11a.o)
    0x08000140   0x00000004   Code   RO          511    .ARM.Collect$$$$00002712  mc_w.l(entry2.o)
    0x08000144   0x00000138   Code   RO           17    .text               system_stm32f10x.o
    0x0800027c   0x00000030   Code   RO           80    .text               startup_stm32f10x_hd.o
    0x080002ac   0x00000498   Code   RO           84    .text               main.o
    0x08000744   0x0000007c   Code   RO          175    .text               stm32f10x_it.o
    0x080007c0   0x0000014c   Code   RO          197    .text               usart.o
    0x0800090c   0x00000eb8   Code   RO          209    .text               ili932x.o
    0x080017c4   0x00000048   Code   RO          238    .text               hz16.o
    0x0800180c   0x00000380   Code   RO          261    .text               ov7670.o
    0x08001b8c   0x0000022c   Code   RO          281    .text               sccb.o
    0x08001db8   0x000000dc   Code   RO          395    .text               misc.o
    0x08001e94   0x00000338   Code   RO          407    .text               stm32f10x_gpio.o
    0x080021cc   0x000003a4   Code   RO          419    .text               stm32f10x_rcc.o
    0x08002570   0x000003a4   Code   RO          457    .text               stm32f10x_usart.o
    0x08002914   0x0000011c   Code   RO          469    .text               stm32f10x_exti.o
    0x08002a30   0x0000000e   Code   RO          508    .text               mc_w.l(strlen.o)
    0x08002a3e   0x00000002   PAD
    0x08002a40   0x00000024   Code   RO          524    .text               mc_w.l(init.o)
    0x08002a64   0x0000000e   Code   RO          528    i.__scatterload_copy  mc_w.l(handlers.o)
    0x08002a72   0x00000002   Code   RO          529    i.__scatterload_null  mc_w.l(handlers.o)
    0x08002a74   0x0000000e   Code   RO          530    i.__scatterload_zeroinit  mc_w.l(handlers.o)
    0x08002a82   0x00000002   PAD
    0x08002a84   0x00000014   Data   RO           18    .constdata          system_stm32f10x.o
    0x08002a98   0x000019e0   Data   RO          210    .constdata          ili932x.o
    0x08004478   0x00004b06   Data   RO          254    .constdata          bmp.o
    0x08008f7e   0x00000002   PAD
    0x08008f80   0x00000580   Data   RO          262    .constdata          ov7670.o
    0x08009500   0x00000020   Data   RO          526    Region$$Table       anon$$obj.o


    Execution Region RW_IRAM1 (Base: 0x20000000, Size: 0x00000460, Max: 0x00010000, ABSOLUTE)

    Base Addr    Size         Type   Attr      Idx    E Section Name        Object

    0x20000000   0x00000040   Data   RW           87    .data               main.o
    0x20000040   0x00000001   Data   RW          177    .data               stm32f10x_it.o
    0x20000041   0x00000001   PAD
    0x20000042   0x00000006   Data   RW          211    .data               ili932x.o
    0x20000048   0x00000014   Data   RW          420    .data               stm32f10x_rcc.o
    0x2000005c   0x00000004   PAD
    0x20000060   0x00000400   Zero   RW           77    STACK               startup_stm32f10x_hd.o

