<html>
<body>
<pre>
<h1>礦ision Build Log</h1>
<h2>Project:</h2>
C:\Documents and Settings\Administrator\桌面\stm32 3.2 屏 触摸画线最新版本\STM32_3.2_LCD.uvproj
Project File Date:  10/31/2012

<h2>Output:</h2>
Build target 'STM32_3.2TFT'
compiling main.c...
compiling touch.c...
assembling STM32F10x.s...
compiling Lcd.c...
linking...
Program Size: Code=5000 RO-data=8512 RW-data=40 ZI-data=608  
FromELF: creating hex file...
".\out\STM32_3.2_LCD.axf" - 0 Error(s), 0 Warning(s).
Build target 'STM32_3.2TFT'
compiling main.c...
main.c(31): warning:  #550-D: variable "banjinx" was set but never used
main.c(31): warning:  #550-D: variable "banjiny" was set but never used
compiling touch.c...
assembling STM32F10x.s...
compiling Lcd.c...
linking...
Program Size: Code=5004 RO-data=8512 RW-data=40 ZI-data=608  
FromELF: creating hex file...
".\out\STM32_3.2_LCD.axf" - 0 Error(s), 2 Warning(s).
Build target 'STM32_3.2TFT'
compiling main.c...
main.c(32): warning:  #550-D: variable "banjinx" was set but never used
main.c(32): warning:  #550-D: variable "banjiny" was set but never used
compiling touch.c...
assembling STM32F10x.s...
compiling Lcd.c...
linking...
Program Size: Code=5004 RO-data=8512 RW-data=40 ZI-data=608  
FromELF: creating hex file...
".\out\STM32_3.2_LCD.axf" - 0 Error(s), 2 Warning(s).
Build target 'STM32_3.2TFT'
compiling main.c...
main.c(144): error:  #268: declaration may not appear after executable statement in block
main.c(144): error:  #268: declaration may not appear after executable statement in block
main.c(144): warning:  #177-D: variable "banjinx" was declared but never referenced
main.c(144): warning:  #177-D: variable "banjiny" was declared but never referenced
main.c(32): warning:  #550-D: variable "banjinx" was set but never used
main.c(32): warning:  #550-D: variable "banjiny" was set but never used
compiling touch.c...
assembling STM32F10x.s...
compiling Lcd.c...
Target not created
Build target 'STM32_3.2TFT'
compiling main.c...
main.c(144): error:  #268: declaration may not appear after executable statement in block
main.c(145): error:  #268: declaration may not appear after executable statement in block
main.c(144): warning:  #177-D: variable "banjinx" was declared but never referenced
main.c(145): warning:  #177-D: variable "banjiny" was declared but never referenced
main.c(32): warning:  #550-D: variable "banjinx" was set but never used
main.c(32): warning:  #550-D: variable "banjiny" was set but never used
compiling touch.c...
assembling STM32F10x.s...
compiling Lcd.c...
Target not created
Build target 'STM32_3.2TFT'
compiling main.c...
main.c(144): warning:  #174-D: expression has no effect
main.c(145): warning:  #174-D: expression has no effect
compiling touch.c...
assembling STM32F10x.s...
compiling Lcd.c...
linking...
Program Size: Code=5004 RO-data=8512 RW-data=40 ZI-data=608  
FromELF: creating hex file...
".\out\STM32_3.2_LCD.axf" - 0 Error(s), 2 Warning(s).
Build target 'STM32_3.2TFT'
compiling main.c...
main.c(144): warning:  #174-D: expression has no effect
main.c(145): warning:  #174-D: expression has no effect
compiling touch.c...
assembling STM32F10x.s...
compiling Lcd.c...
linking...
Program Size: Code=5004 RO-data=8512 RW-data=40 ZI-data=608  
FromELF: creating hex file...
".\out\STM32_3.2_LCD.axf" - 0 Error(s), 2 Warning(s).
Build target 'STM32_3.2TFT'
compiling main.c...
main.c(144): warning:  #174-D: expression has no effect
main.c(145): warning:  #174-D: expression has no effect
compiling touch.c...
assembling STM32F10x.s...
compiling Lcd.c...
linking...
Program Size: Code=4996 RO-data=8512 RW-data=40 ZI-data=608  
FromELF: creating hex file...
".\out\STM32_3.2_LCD.axf" - 0 Error(s), 2 Warning(s).
Build target 'STM32_3.2TFT'
compiling main.c...
main.c(144): warning:  #174-D: expression has no effect
main.c(145): warning:  #174-D: expression has no effect
main.c(146): error:  #268: declaration may not appear after executable statement in block
main.c(146): error:  #40: expected an identifier
main.c(146): error:  #92: identifier-list parameters may only be used in a function definition
compiling touch.c...
assembling STM32F10x.s...
compiling Lcd.c...
Target not created
Build target 'STM32_3.2TFT'
compiling main.c...
main.c(144): warning:  #174-D: expression has no effect
main.c(145): warning:  #174-D: expression has no effect
compiling touch.c...
assembling STM32F10x.s...
compiling Lcd.c...
linking...
Program Size: Code=11596 RO-data=8660 RW-data=40 ZI-data=608  
FromELF: creating hex file...
".\out\STM32_3.2_LCD.axf" - 0 Error(s), 2 Warning(s).
Build target 'STM32_3.2TFT'
compiling main.c...
main.c(144): warning:  #174-D: expression has no effect
main.c(145): warning:  #174-D: expression has no effect
main.c(146): error:  #29: expected an expression
compiling touch.c...
assembling STM32F10x.s...
compiling Lcd.c...
Target not created
Build target 'STM32_3.2TFT'
compiling main.c...
main.c(144): warning:  #174-D: expression has no effect
main.c(145): warning:  #174-D: expression has no effect
main.c(146): warning:  #223-D: function "sprt" declared implicitly
compiling touch.c...
assembling STM32F10x.s...
compiling Lcd.c...
linking...
.\out\STM32_3.2_LCD.axf: Error: L6218E: Undefined symbol sprt (referred from main.o).
Target not created
Build target 'STM32_3.2TFT'
compiling main.c...
main.c(144): warning:  #174-D: expression has no effect
main.c(145): warning:  #174-D: expression has no effect
compiling touch.c...
assembling STM32F10x.s...
compiling Lcd.c...
linking...
Program Size: Code=11656 RO-data=8656 RW-data=40 ZI-data=608  
FromELF: creating hex file...
".\out\STM32_3.2_LCD.axf" - 0 Error(s), 2 Warning(s).
Build target 'STM32_3.2TFT'
compiling main.c...
main.c(144): warning:  #174-D: expression has no effect
main.c(145): warning:  #174-D: expression has no effect
compiling touch.c...
assembling STM32F10x.s...
compiling Lcd.c...
linking...
Program Size: Code=4996 RO-data=8512 RW-data=40 ZI-data=608  
FromELF: creating hex file...
".\out\STM32_3.2_LCD.axf" - 0 Error(s), 2 Warning(s).
Build target 'STM32_3.2TFT'
compiling main.c...
main.c(144): warning:  #174-D: expression has no effect
main.c(145): warning:  #174-D: expression has no effect
main.c(146): warning:  #174-D: expression has no effect
compiling touch.c...
assembling STM32F10x.s...
compiling Lcd.c...
linking...
Program Size: Code=11656 RO-data=8656 RW-data=40 ZI-data=608  
FromELF: creating hex file...
".\out\STM32_3.2_LCD.axf" - 0 Error(s), 3 Warning(s).
Build target 'STM32_3.2TFT'
compiling main.c...
main.c(144): warning:  #174-D: expression has no effect
main.c(145): warning:  #174-D: expression has no effect
main.c(146): warning:  #174-D: expression has no effect
main.c(148): warning:  #174-D: expression has no effect
compiling touch.c...
assembling STM32F10x.s...
compiling Lcd.c...
linking...
Program Size: Code=11656 RO-data=8656 RW-data=40 ZI-data=608  
FromELF: creating hex file...
".\out\STM32_3.2_LCD.axf" - 0 Error(s), 4 Warning(s).
Build target 'STM32_3.2TFT'
compiling main.c...
main.c(144): warning:  #174-D: expression has no effect
main.c(145): warning:  #174-D: expression has no effect
main.c(146): warning:  #174-D: expression has no effect
main.c(148): warning:  #174-D: expression has no effect
compiling touch.c...
assembling STM32F10x.s...
compiling Lcd.c...
linking...
Program Size: Code=11656 RO-data=8656 RW-data=40 ZI-data=608  
FromELF: creating hex file...
".\out\STM32_3.2_LCD.axf" - 0 Error(s), 4 Warning(s).
Build target 'STM32_3.2TFT'
compiling main.c...
main.c(144): error:  #268: declaration may not appear after executable statement in block
main.c(145): warning:  #174-D: expression has no effect
main.c(146): warning:  #174-D: expression has no effect
main.c(148): warning:  #174-D: expression has no effect
main.c(32): warning:  #550-D: variable "banjinx" was set but never used
compiling touch.c...
assembling STM32F10x.s...
compiling Lcd.c...
Target not created
Build target 'STM32_3.2TFT'
compiling main.c...
main.c(144): warning:  #174-D: expression has no effect
main.c(145): warning:  #174-D: expression has no effect
main.c(146): warning:  #174-D: expression has no effect
main.c(148): warning:  #174-D: expression has no effect
compiling touch.c...
assembling STM32F10x.s...
compiling Lcd.c...
linking...
Program Size: Code=11656 RO-data=8656 RW-data=40 ZI-data=608  
FromELF: creating hex file...
".\out\STM32_3.2_LCD.axf" - 0 Error(s), 4 Warning(s).
Build target 'STM32_3.2TFT'
compiling main.c...
main.c(144): warning:  #174-D: expression has no effect
main.c(145): warning:  #174-D: expression has no effect
main.c(146): warning:  #174-D: expression has no effect
main.c(148): warning:  #174-D: expression has no effect
compiling touch.c...
assembling STM32F10x.s...
compiling Lcd.c...
linking...
Program Size: Code=4996 RO-data=8512 RW-data=40 ZI-data=608  
FromELF: creating hex file...
".\out\STM32_3.2_LCD.axf" - 0 Error(s), 4 Warning(s).
Build target 'STM32_3.2TFT'
compiling main.c...
main.c(144): warning:  #174-D: expression has no effect
main.c(145): warning:  #174-D: expression has no effect
main.c(146): warning:  #174-D: expression has no effect
compiling touch.c...
assembling STM32F10x.s...
compiling Lcd.c...
linking...
Program Size: Code=4996 RO-data=8512 RW-data=40 ZI-data=608  
FromELF: creating hex file...
".\out\STM32_3.2_LCD.axf" - 0 Error(s), 3 Warning(s).
Build target 'STM32_3.2TFT'
compiling main.c...
main.c(144): warning:  #174-D: expression has no effect
main.c(145): warning:  #174-D: expression has no effect
compiling touch.c...
assembling STM32F10x.s...
compiling Lcd.c...
linking...
Program Size: Code=4996 RO-data=8512 RW-data=40 ZI-data=608  
FromELF: creating hex file...
".\out\STM32_3.2_LCD.axf" - 0 Error(s), 2 Warning(s).
Build target 'STM32_3.2TFT'
compiling main.c...
main.c(150): warning:  #174-D: expression has no effect
compiling touch.c...
assembling STM32F10x.s...
compiling Lcd.c...
linking...
Program Size: Code=11700 RO-data=8660 RW-data=64 ZI-data=608  
FromELF: creating hex file...
".\out\STM32_3.2_LCD.axf" - 0 Error(s), 1 Warning(s).
Build target 'STM32_3.2TFT'
compiling main.c...
compiling touch.c...
assembling STM32F10x.s...
compiling Lcd.c...
linking...
Program Size: Code=11692 RO-data=8660 RW-data=64 ZI-data=608  
FromELF: creating hex file...
".\out\STM32_3.2_LCD.axf" - 0 Error(s), 0 Warning(s).
Build target 'STM32_3.2TFT'
compiling main.c...
compiling touch.c...
assembling STM32F10x.s...
compiling Lcd.c...
linking...
Program Size: Code=11692 RO-data=8660 RW-data=64 ZI-data=608  
FromELF: creating hex file...
".\out\STM32_3.2_LCD.axf" - 0 Error(s), 0 Warning(s).
Build target 'STM32_3.2TFT'
compiling main.c...
compiling touch.c...
assembling STM32F10x.s...
compiling Lcd.c...
linking...
Program Size: Code=11704 RO-data=8656 RW-data=64 ZI-data=608  
FromELF: creating hex file...
".\out\STM32_3.2_LCD.axf" - 0 Error(s), 0 Warning(s).
Build target 'STM32_3.2TFT'
compiling main.c...
compiling touch.c...
assembling STM32F10x.s...
compiling Lcd.c...
linking...
Program Size: Code=11692 RO-data=8660 RW-data=64 ZI-data=608  
FromELF: creating hex file...
".\out\STM32_3.2_LCD.axf" - 0 Error(s), 0 Warning(s).
Build target 'STM32_3.2TFT'
compiling main.c...
compiling touch.c...
assembling STM32F10x.s...
compiling Lcd.c...
linking...
Program Size: Code=11688 RO-data=8656 RW-data=64 ZI-data=608  
FromELF: creating hex file...
".\out\STM32_3.2_LCD.axf" - 0 Error(s), 0 Warning(s).
Build target 'STM32_3.2TFT'
compiling main.c...
compiling touch.c...
assembling STM32F10x.s...
compiling Lcd.c...
linking...
Program Size: Code=11684 RO-data=8660 RW-data=64 ZI-data=608  
FromELF: creating hex file...
".\out\STM32_3.2_LCD.axf" - 0 Error(s), 0 Warning(s).
Build target 'STM32_3.2TFT'
compiling main.c...
main.c(140): error:  #167: argument of type "unsigned int" is incompatible with parameter of type "unsigned char *"
main.c(35): warning:  #550-D: variable "Y" was set but never used
compiling touch.c...
assembling STM32F10x.s...
compiling Lcd.c...
Target not created
Build target 'STM32_3.2TFT'
compiling main.c...
main.c(140): error:  #167: argument of type "unsigned char" is incompatible with parameter of type "unsigned char *"
main.c(35): warning:  #550-D: variable "Y" was set but never used
compiling touch.c...
assembling STM32F10x.s...
compiling Lcd.c...
Target not created
Build target 'STM32_3.2TFT'
compiling main.c...
compiling touch.c...
assembling STM32F10x.s...
compiling Lcd.c...
linking...
Program Size: Code=11684 RO-data=8660 RW-data=64 ZI-data=608  
FromELF: creating hex file...
".\out\STM32_3.2_LCD.axf" - 0 Error(s), 0 Warning(s).
Build target 'STM32_3.2TFT'
compiling main.c...
compiling touch.c...
assembling STM32F10x.s...
compiling Lcd.c...
linking...
Program Size: Code=11684 RO-data=8660 RW-data=64 ZI-data=608  
FromELF: creating hex file...
".\out\STM32_3.2_LCD.axf" - 0 Error(s), 0 Warning(s).
Build target 'STM32_3.2TFT'
compiling main.c...
compiling touch.c...
assembling STM32F10x.s...
compiling Lcd.c...
linking...
Program Size: Code=11684 RO-data=8660 RW-data=64 ZI-data=608  
FromELF: creating hex file...
".\out\STM32_3.2_LCD.axf" - 0 Error(s), 0 Warning(s).
Build target 'STM32_3.2TFT'
compiling main.c...
compiling touch.c...
assembling STM32F10x.s...
compiling Lcd.c...
linking...
Program Size: Code=11680 RO-data=8656 RW-data=64 ZI-data=608  
FromELF: creating hex file...
".\out\STM32_3.2_LCD.axf" - 0 Error(s), 0 Warning(s).
Build target 'STM32_3.2TFT'
compiling main.c...
compiling touch.c...
assembling STM32F10x.s...
compiling Lcd.c...
linking...
Program Size: Code=11680 RO-data=8656 RW-data=64 ZI-data=608  
FromELF: creating hex file...
".\out\STM32_3.2_LCD.axf" - 0 Error(s), 0 Warning(s).
Build target 'STM32_3.2TFT'
compiling main.c...
compiling touch.c...
assembling STM32F10x.s...
compiling Lcd.c...
linking...
Program Size: Code=11684 RO-data=8660 RW-data=64 ZI-data=608  
FromELF: creating hex file...
".\out\STM32_3.2_LCD.axf" - 0 Error(s), 0 Warning(s).
Build target 'STM32_3.2TFT'
compiling main.c...
compiling touch.c...
assembling STM32F10x.s...
compiling Lcd.c...
linking...
Program Size: Code=11684 RO-data=8660 RW-data=64 ZI-data=608  
FromELF: creating hex file...
".\out\STM32_3.2_LCD.axf" - 0 Error(s), 0 Warning(s).
Build target 'STM32_3.2TFT'
compiling main.c...
compiling touch.c...
assembling STM32F10x.s...
compiling Lcd.c...
linking...
Program Size: Code=11684 RO-data=8660 RW-data=64 ZI-data=608  
FromELF: creating hex file...
".\out\STM32_3.2_LCD.axf" - 0 Error(s), 0 Warning(s).
Build target 'STM32_3.2TFT'
compiling main.c...
compiling touch.c...
assembling STM32F10x.s...
compiling Lcd.c...
linking...
Program Size: Code=11684 RO-data=8660 RW-data=64 ZI-data=608  
FromELF: creating hex file...
".\out\STM32_3.2_LCD.axf" - 0 Error(s), 0 Warning(s).
Build target 'STM32_3.2TFT'
compiling main.c...
compiling touch.c...
assembling STM32F10x.s...
compiling Lcd.c...
linking...
Program Size: Code=11684 RO-data=8660 RW-data=64 ZI-data=608  
FromELF: creating hex file...
".\out\STM32_3.2_LCD.axf" - 0 Error(s), 0 Warning(s).
Build target 'STM32_3.2TFT'
compiling main.c...
compiling touch.c...
assembling STM32F10x.s...
compiling Lcd.c...
linking...
Program Size: Code=11688 RO-data=8656 RW-data=64 ZI-data=608  
FromELF: creating hex file...
".\out\STM32_3.2_LCD.axf" - 0 Error(s), 0 Warning(s).
Build target 'STM32_3.2TFT'
compiling main.c...
main.c(194): warning:  #223-D: function "CD_SetRamAddr" declared implicitly
compiling touch.c...
assembling STM32F10x.s...
compiling Lcd.c...
linking...
.\out\STM32_3.2_LCD.axf: Error: L6218E: Undefined symbol CD_SetRamAddr (referred from main.o).
Target not created
Build target 'STM32_3.2TFT'
compiling main.c...
main.c(194): warning:  #223-D: function "CD_SetRamAddr" declared implicitly
compiling touch.c...
assembling STM32F10x.s...
compiling Lcd.c...
linking...
.\out\STM32_3.2_LCD.axf: Error: L6218E: Undefined symbol CD_SetRamAddr (referred from main.o).
Target not created
Build target 'STM32_3.2TFT'
compiling main.c...
main.c(194): warning:  #223-D: function "CD_SetRamAddr" declared implicitly
compiling touch.c...
assembling STM32F10x.s...
compiling Lcd.c...
linking...
.\out\STM32_3.2_LCD.axf: Error: L6218E: Undefined symbol CD_SetRamAddr (referred from main.o).
Target not created
Build target 'STM32_3.2TFT'
compiling main.c...
compiling touch.c...
assembling STM32F10x.s...
compiling Lcd.c...
linking...
Program Size: Code=11772 RO-data=8660 RW-data=64 ZI-data=608  
FromELF: creating hex file...
".\out\STM32_3.2_LCD.axf" - 0 Error(s), 0 Warning(s).
Build target 'STM32_3.2TFT'
compiling main.c...
compiling touch.c...
assembling STM32F10x.s...
compiling Lcd.c...
linking...
Program Size: Code=11776 RO-data=8656 RW-data=64 ZI-data=608  
FromELF: creating hex file...
".\out\STM32_3.2_LCD.axf" - 0 Error(s), 0 Warning(s).
Build target 'STM32_3.2TFT'
compiling main.c...
compiling touch.c...
assembling STM32F10x.s...
compiling Lcd.c...
linking...
Program Size: Code=11800 RO-data=8656 RW-data=64 ZI-data=608  
FromELF: creating hex file...
".\out\STM32_3.2_LCD.axf" - 0 Error(s), 0 Warning(s).
Build target 'STM32_3.2TFT'
compiling main.c...
compiling touch.c...
assembling STM32F10x.s...
compiling Lcd.c...
linking...
Program Size: Code=11808 RO-data=8656 RW-data=64 ZI-data=608  
FromELF: creating hex file...
".\out\STM32_3.2_LCD.axf" - 0 Error(s), 0 Warning(s).
Build target 'STM32_3.2TFT'
compiling main.c...
main.c(194): warning:  #223-D: function "CD_SetRamAddr" declared implicitly
compiling touch.c...
assembling STM32F10x.s...
compiling Lcd.c...
linking...
.\out\STM32_3.2_LCD.axf: Error: L6218E: Undefined symbol CD_SetRamAddr (referred from main.o).
Target not created
Build target 'STM32_3.2TFT'
compiling main.c...
compiling touch.c...
assembling STM32F10x.s...
compiling Lcd.c...
linking...
Program Size: Code=11992 RO-data=8656 RW-data=64 ZI-data=608  
FromELF: creating hex file...
".\out\STM32_3.2_LCD.axf" - 0 Error(s), 0 Warning(s).
Build target 'STM32_3.2TFT'
compiling main.c...
compiling touch.c...
assembling STM32F10x.s...
compiling Lcd.c...
linking...
Program Size: Code=11992 RO-data=8656 RW-data=64 ZI-data=608  
FromELF: creating hex file...
".\out\STM32_3.2_LCD.axf" - 0 Error(s), 0 Warning(s).
Build target 'STM32_3.2TFT'
compiling main.c...
compiling touch.c...
assembling STM32F10x.s...
compiling Lcd.c...
linking...
Program Size: Code=11996 RO-data=8660 RW-data=64 ZI-data=608  
FromELF: creating hex file...
".\out\STM32_3.2_LCD.axf" - 0 Error(s), 0 Warning(s).
Build target 'STM32_3.2TFT'
compiling main.c...
compiling touch.c...
assembling STM32F10x.s...
compiling Lcd.c...
linking...
Program Size: Code=11688 RO-data=8656 RW-data=64 ZI-data=608  
FromELF: creating hex file...
".\out\STM32_3.2_LCD.axf" - 0 Error(s), 0 Warning(s).
Build target 'STM32_3.2TFT'
compiling main.c...
compiling touch.c...
assembling STM32F10x.s...
compiling Lcd.c...
linking...
Program Size: Code=11688 RO-data=8656 RW-data=64 ZI-data=608  
FromELF: creating hex file...
".\out\STM32_3.2_LCD.axf" - 0 Error(s), 0 Warning(s).
Build target 'STM32_3.2TFT'
compiling main.c...
compiling touch.c...
assembling STM32F10x.s...
compiling Lcd.c...
linking...
Program Size: Code=11688 RO-data=8656 RW-data=64 ZI-data=608  
FromELF: creating hex file...
".\out\STM32_3.2_LCD.axf" - 0 Error(s), 0 Warning(s).
Build target 'STM32_3.2TFT'
compiling main.c...
main.c(230): warning:  #223-D: function "delay" declared implicitly
compiling touch.c...
assembling STM32F10x.s...
compiling Lcd.c...
linking...
.\out\STM32_3.2_LCD.axf: Error: L6218E: Undefined symbol delay (referred from main.o).
Target not created
Build target 'STM32_3.2TFT'
compiling main.c...
compiling touch.c...
assembling STM32F10x.s...
compiling Lcd.c...
linking...
Program Size: Code=11696 RO-data=8656 RW-data=64 ZI-data=608  
FromELF: creating hex file...
".\out\STM32_3.2_LCD.axf" - 0 Error(s), 0 Warning(s).
Build target 'STM32_3.2TFT'
compiling main.c...
compiling touch.c...
assembling STM32F10x.s...
compiling Lcd.c...
linking...
Program Size: Code=11760 RO-data=8656 RW-data=64 ZI-data=608  
FromELF: creating hex file...
".\out\STM32_3.2_LCD.axf" - 0 Error(s), 0 Warning(s).
Build target 'STM32_3.2TFT'
compiling main.c...
compiling touch.c...
assembling STM32F10x.s...
compiling Lcd.c...
linking...
Program Size: Code=11752 RO-data=8656 RW-data=64 ZI-data=608  
FromELF: creating hex file...
".\out\STM32_3.2_LCD.axf" - 0 Error(s), 0 Warning(s).
Build target 'STM32_3.2TFT'
compiling main.c...
compiling touch.c...
assembling STM32F10x.s...
compiling Lcd.c...
linking...
Program Size: Code=11752 RO-data=8656 RW-data=64 ZI-data=608  
FromELF: creating hex file...
".\out\STM32_3.2_LCD.axf" - 0 Error(s), 0 Warning(s).
Build target 'STM32_3.2TFT'
compiling main.c...
compiling touch.c...
assembling STM32F10x.s...
compiling Lcd.c...
linking...
Program Size: Code=11752 RO-data=8656 RW-data=64 ZI-data=608  
FromELF: creating hex file...
".\out\STM32_3.2_LCD.axf" - 0 Error(s), 0 Warning(s).
Build target 'STM32_3.2TFT'
compiling main.c...
compiling touch.c...
assembling STM32F10x.s...
compiling Lcd.c...
linking...
Program Size: Code=11752 RO-data=8656 RW-data=64 ZI-data=608  
FromELF: creating hex file...
".\out\STM32_3.2_LCD.axf" - 0 Error(s), 0 Warning(s).
Build target 'STM32_3.2TFT'
compiling main.c...
compiling touch.c...
assembling STM32F10x.s...
compiling Lcd.c...
linking...
Program Size: Code=11752 RO-data=8656 RW-data=64 ZI-data=608  
FromELF: creating hex file...
".\out\STM32_3.2_LCD.axf" - 0 Error(s), 0 Warning(s).
Build target 'STM32_3.2TFT'
compiling main.c...
compiling touch.c...
assembling STM32F10x.s...
compiling Lcd.c...
linking...
Program Size: Code=11752 RO-data=8656 RW-data=64 ZI-data=608  
FromELF: creating hex file...
".\out\STM32_3.2_LCD.axf" - 0 Error(s), 0 Warning(s).
Build target 'STM32_3.2TFT'
compiling main.c...
compiling touch.c...
assembling STM32F10x.s...
compiling Lcd.c...
linking...
Program Size: Code=11752 RO-data=8656 RW-data=64 ZI-data=608  
FromELF: creating hex file...
".\out\STM32_3.2_LCD.axf" - 0 Error(s), 0 Warning(s).
Build target 'STM32_3.2TFT'
compiling main.c...
compiling touch.c...
assembling STM32F10x.s...
compiling Lcd.c...
linking...
Program Size: Code=11752 RO-data=8656 RW-data=64 ZI-data=608  
FromELF: creating hex file...
".\out\STM32_3.2_LCD.axf" - 0 Error(s), 0 Warning(s).
Build target 'STM32_3.2TFT'
compiling main.c...
main.c(174): warning:  #174-D: expression has no effect
main.c(174): warning:  #174-D: expression has no effect
main.c(174): warning:  #174-D: expression has no effect
main.c(174): warning:  #174-D: expression has no effect
main.c(174): warning:  #174-D: expression has no effect
main.c(174): warning:  #174-D: expression has no effect
main.c(174): warning:  #174-D: expression has no effect
main.c(174): warning:  #174-D: expression has no effect
main.c(176): error:  #65: expected a ";"
compiling touch.c...
assembling STM32F10x.s...
compiling Lcd.c...
Target not created
Build target 'STM32_3.2TFT'
compiling main.c...
compiling touch.c...
assembling STM32F10x.s...
compiling Lcd.c...
linking...
Program Size: Code=11728 RO-data=8656 RW-data=64 ZI-data=608  
FromELF: creating hex file...
".\out\STM32_3.2_LCD.axf" - 0 Error(s), 0 Warning(s).
Build target 'STM32_3.2TFT'
compiling main.c...
compiling touch.c...
assembling STM32F10x.s...
compiling Lcd.c...
linking...
Program Size: Code=11732 RO-data=8660 RW-data=64 ZI-data=608  
FromELF: creating hex file...
".\out\STM32_3.2_LCD.axf" - 0 Error(s), 0 Warning(s).
Build target 'STM32_3.2TFT'
compiling main.c...
compiling touch.c...
assembling STM32F10x.s...
compiling Lcd.c...
linking...
Program Size: Code=11732 RO-data=8660 RW-data=64 ZI-data=608  
FromELF: creating hex file...
".\out\STM32_3.2_LCD.axf" - 0 Error(s), 0 Warning(s).
Build target 'STM32_3.2TFT'
compiling main.c...
compiling touch.c...
assembling STM32F10x.s...
compiling Lcd.c...
linking...
Program Size: Code=11732 RO-data=8660 RW-data=64 ZI-data=608  
FromELF: creating hex file...
".\out\STM32_3.2_LCD.axf" - 0 Error(s), 0 Warning(s).
Build target 'STM32_3.2TFT'
compiling main.c...
compiling touch.c...
assembling STM32F10x.s...
compiling Lcd.c...
linking...
Program Size: Code=11664 RO-data=8656 RW-data=64 ZI-data=608  
FromELF: creating hex file...
".\out\STM32_3.2_LCD.axf" - 0 Error(s), 0 Warning(s).
Build target 'STM32_3.2TFT'
compiling main.c...
compiling touch.c...
assembling STM32F10x.s...
compiling Lcd.c...
linking...
Program Size: Code=11664 RO-data=8656 RW-data=64 ZI-data=608  
FromELF: creating hex file...
".\out\STM32_3.2_LCD.axf" - 0 Error(s), 0 Warning(s).
Build target 'STM32_3.2TFT'
compiling main.c...
compiling touch.c...
assembling STM32F10x.s...
compiling Lcd.c...
linking...
Program Size: Code=11664 RO-data=8656 RW-data=64 ZI-data=608  
FromELF: creating hex file...
".\out\STM32_3.2_LCD.axf" - 0 Error(s), 0 Warning(s).
Build target 'STM32_3.2TFT'
compiling main.c...
compiling touch.c...
assembling STM32F10x.s...
compiling Lcd.c...
linking...
Program Size: Code=11660 RO-data=8660 RW-data=64 ZI-data=608  
FromELF: creating hex file...
".\out\STM32_3.2_LCD.axf" - 0 Error(s), 0 Warning(s).
Build target 'STM32_3.2TFT'
compiling main.c...
compiling touch.c...
assembling STM32F10x.s...
compiling Lcd.c...
linking...
Program Size: Code=11664 RO-data=8656 RW-data=64 ZI-data=608  
FromELF: creating hex file...
".\out\STM32_3.2_LCD.axf" - 0 Error(s), 0 Warning(s).
Build target 'STM32_3.2TFT'
compiling main.c...
compiling touch.c...
assembling STM32F10x.s...
compiling Lcd.c...
linking...
Program Size: Code=11668 RO-data=8660 RW-data=64 ZI-data=608  
FromELF: creating hex file...
".\out\STM32_3.2_LCD.axf" - 0 Error(s), 0 Warning(s).
Build target 'STM32_3.2TFT'
compiling main.c...
compiling touch.c...
assembling STM32F10x.s...
compiling Lcd.c...
linking...
Program Size: Code=11668 RO-data=8660 RW-data=64 ZI-data=608  
FromELF: creating hex file...
".\out\STM32_3.2_LCD.axf" - 0 Error(s), 0 Warning(s).
Build target 'STM32_3.2TFT'
compiling main.c...
compiling touch.c...
assembling STM32F10x.s...
compiling Lcd.c...
linking...
Program Size: Code=11664 RO-data=8656 RW-data=64 ZI-data=608  
FromELF: creating hex file...
".\out\STM32_3.2_LCD.axf" - 0 Error(s), 0 Warning(s).
Build target 'STM32_3.2TFT'
compiling main.c...
main.c(221): warning:  #68-D: integer conversion resulted in a change of sign
compiling touch.c...
assembling STM32F10x.s...
compiling Lcd.c...
linking...
Program Size: Code=11664 RO-data=8656 RW-data=64 ZI-data=608  
FromELF: creating hex file...
".\out\STM32_3.2_LCD.axf" - 0 Error(s), 1 Warning(s).
Build target 'STM32_3.2TFT'
compiling main.c...
compiling touch.c...
assembling STM32F10x.s...
compiling Lcd.c...
linking...
Program Size: Code=11664 RO-data=8656 RW-data=64 ZI-data=608  
FromELF: creating hex file...
".\out\STM32_3.2_LCD.axf" - 0 Error(s), 0 Warning(s).
Build target 'STM32_3.2TFT'
compiling main.c...
compiling touch.c...
assembling STM32F10x.s...
compiling Lcd.c...
linking...
Program Size: Code=11664 RO-data=8656 RW-data=64 ZI-data=608  
FromELF: creating hex file...
".\out\STM32_3.2_LCD.axf" - 0 Error(s), 0 Warning(s).
Build target 'STM32_3.2TFT'
compiling main.c...
compiling touch.c...
assembling STM32F10x.s...
compiling Lcd.c...
linking...
Program Size: Code=11664 RO-data=8656 RW-data=64 ZI-data=608  
FromELF: creating hex file...
".\out\STM32_3.2_LCD.axf" - 0 Error(s), 0 Warning(s).
Build target 'STM32_3.2TFT'
compiling main.c...
compiling touch.c...
assembling STM32F10x.s...
compiling Lcd.c...
linking...
Program Size: Code=11664 RO-data=8656 RW-data=64 ZI-data=608  
FromELF: creating hex file...
".\out\STM32_3.2_LCD.axf" - 0 Error(s), 0 Warning(s).
Build target 'STM32_3.2TFT'
compiling main.c...
compiling touch.c...
assembling STM32F10x.s...
compiling Lcd.c...
linking...
Program Size: Code=11664 RO-data=8656 RW-data=64 ZI-data=608  
FromELF: creating hex file...
".\out\STM32_3.2_LCD.axf" - 0 Error(s), 0 Warning(s).
Build target 'STM32_3.2TFT'
compiling main.c...
compiling touch.c...
assembling STM32F10x.s...
compiling Lcd.c...
linking...
Program Size: Code=11664 RO-data=8656 RW-data=64 ZI-data=608  
FromELF: creating hex file...
".\out\STM32_3.2_LCD.axf" - 0 Error(s), 0 Warning(s).
Build target 'STM32_3.2TFT'
compiling main.c...
compiling touch.c...
assembling STM32F10x.s...
compiling Lcd.c...
linking...
Program Size: Code=11664 RO-data=8656 RW-data=64 ZI-data=608  
FromELF: creating hex file...
".\out\STM32_3.2_LCD.axf" - 0 Error(s), 0 Warning(s).
Build target 'STM32_3.2TFT'
compiling main.c...
main.c(176): error:  #165: too few arguments in function call
main.c(176): error:  #18: expected a ")"
main.c(179): error:  #165: too few arguments in function call
main.c(179): error:  #18: expected a ")"
main.c(182): error:  #165: too few arguments in function call
main.c(182): error:  #18: expected a ")"
main.c(185): error:  #165: too few arguments in function call
main.c(185): error:  #18: expected a ")"
main.c(188): error:  #165: too few arguments in function call
main.c(188): error:  #18: expected a ")"
main.c(191): error:  #165: too few arguments in function call
main.c(191): error:  #18: expected a ")"
main.c(194): error:  #165: too few arguments in function call
main.c(194): error:  #18: expected a ")"
main.c(197): error:  #165: too few arguments in function call
main.c(197): error:  #18: expected a ")"
compiling touch.c...
assembling STM32F10x.s...
compiling Lcd.c...
Target not created
Build target 'STM32_3.2TFT'
compiling main.c...
compiling touch.c...
assembling STM32F10x.s...
compiling Lcd.c...
linking...
Program Size: Code=11744 RO-data=8656 RW-data=64 ZI-data=608  
FromELF: creating hex file...
".\out\STM32_3.2_LCD.axf" - 0 Error(s), 0 Warning(s).
Build target 'STM32_3.2TFT'
compiling main.c...
compiling touch.c...
assembling STM32F10x.s...
compiling Lcd.c...
linking...
Program Size: Code=11664 RO-data=8656 RW-data=64 ZI-data=608  
FromELF: creating hex file...
".\out\STM32_3.2_LCD.axf" - 0 Error(s), 0 Warning(s).
Build target 'STM32_3.2TFT'
compiling main.c...
compiling touch.c...
assembling STM32F10x.s...
compiling Lcd.c...
linking...
Program Size: Code=11668 RO-data=8660 RW-data=64 ZI-data=608  
FromELF: creating hex file...
".\out\STM32_3.2_LCD.axf" - 0 Error(s), 0 Warning(s).
Build target 'STM32_3.2TFT'
compiling main.c...
main.c(31): warning:  #177-D: variable "ii" was declared but never referenced
compiling touch.c...
assembling STM32F10x.s...
compiling Lcd.c...
linking...
Program Size: Code=11676 RO-data=8660 RW-data=64 ZI-data=608  
FromELF: creating hex file...
".\out\STM32_3.2_LCD.axf" - 0 Error(s), 1 Warning(s).
Build target 'STM32_3.2TFT'
compiling main.c...
compiling touch.c...
assembling STM32F10x.s...
compiling Lcd.c...
linking...
Program Size: Code=11668 RO-data=8660 RW-data=64 ZI-data=608  
FromELF: creating hex file...
".\out\STM32_3.2_LCD.axf" - 0 Error(s), 0 Warning(s).
Build target 'STM32_3.2TFT'
compiling main.c...
compiling touch.c...
assembling STM32F10x.s...
compiling Lcd.c...
linking...
Program Size: Code=11668 RO-data=8660 RW-data=64 ZI-data=608  
FromELF: creating hex file...
".\out\STM32_3.2_LCD.axf" - 0 Error(s), 0 Warning(s).
Build target 'STM32_3.2TFT'
compiling main.c...
compiling touch.c...
assembling STM32F10x.s...
compiling Lcd.c...
linking...
Program Size: Code=11672 RO-data=8656 RW-data=64 ZI-data=608  
FromELF: creating hex file...
".\out\STM32_3.2_LCD.axf" - 0 Error(s), 0 Warning(s).
Build target 'STM32_3.2TFT'
compiling main.c...
compiling touch.c...
assembling STM32F10x.s...
compiling Lcd.c...
linking...
Program Size: Code=11676 RO-data=8660 RW-data=64 ZI-data=608  
FromELF: creating hex file...
".\out\STM32_3.2_LCD.axf" - 0 Error(s), 0 Warning(s).
