C51 COMPILER V9.01   ULTRASONIC                                                            08/15/2013 08:33:50 PAGE 1   


C51 COMPILER V9.01, COMPILATION OF MODULE ULTRASONIC
OBJECT MODULE PLACED IN ultrasonic.OBJ
COMPILER INVOKED BY: J:\Keil\C51\BIN\C51.EXE ultrasonic.c BROWSE DEBUG OBJECTEXTEND TABS(2)

line level    source

   1          
   2          #include "d7led.h"
   3          #include "ultrasonic.h"
   4          //****for count the time used by ultrasonic************
   5          TimeType timeAfterUltrasonic=0; 
   6          
   7          void ultrasonicInit(){
   8   1        ULTRA_TRIG_PIN=0;
   9   1      }
  10          void ultrasonicTrigger(){
  11   1          //had better be reinvoked after    60ms
  12   1        //keep a 10us, high level 
  13   1        //using timer1 to count the time.
  14   1        uchar i;
  15   1        TH1=0;
  16   1        TL1=0;
  17   1        TR1=1;
  18   1        timeAfterUltrasonic=0;
  19   1        
  20   1        /****start trigger****/
  21   1        ULTRA_TRIG_PIN=1;//keep high level for 10us.
  22   1        for(i=0;i<5;i++);
  23   1        ULTRA_TRIG_PIN=0;
  24   1        /****end trigger******/
  25   1      
  26   1        /***start receive***/
  27   1        EX1=1;
  28   1      }
  29          /************init....***/
  30          void initTimer(){
  31   1        TMOD=0x91; // as 16bit-counter.
  32   1        //close all T1,T0
  33   1        TR0=0;
  34   1        TR1=0;
  35   1      }
  36          void initExternelInt(){
  37   1        IT0=1;    //1: is negative edged triggered.  
  38   1        IT1=1;    //1: is negative edged triggered.  
  39   1      }
  40          
  41          void initInterrupt(){
  42   1        initTimer();
  43   1        //initExternelInt();
  44   1        //enable timer T1,T0
  45   1        ET0=1;
  46   1        ET1=1;
  47   1        //disable externel interrupt INT1,INT0
  48   1        EX0=0;
  49   1        EX1=0;
  50   1        //disable serial INT
  51   1        ES=0;
  52   1        //enable all interrupt.
  53   1        EA=1;
  54   1      
  55   1      }
C51 COMPILER V9.01   ULTRASONIC                                                            08/15/2013 08:33:50 PAGE 2   

  56          /*
  57          void init(){
  58            initInterrupt();
  59            initUltrasonic();
  60          }*/
  61          
  62          
  63          /************init....***/
  64          
  65          /******************counting and gathering data from ultrasonic,save data to :timeAfterUltrasonic**********
             -****/
  66          /*timer1() interrupt 3  
  67          {
  68            timeAfterUltrasonic+=0x10000;
  69            //continue count the time....
  70            TH1=0;
  71            TL1=0;
  72          }*/
  73          
  74          uchar isGatheringData=0; 
  75          externlInt1()   interrupt 2
  76          {
  77   1        ulong temp;
  78   1        if(!isGatheringData){
  79   2          isGatheringData=1;
  80   2          /****stop timer1,and externel INT!****/
  81   2          TR1=0;
  82   2          EX1=0;
  83   2          /******save the time used to timeAfterUltrasonic****/
  84   2          temp=TH1;
  85   2          temp<<=8;
  86   2          temp|=TL1;
  87   2          timeAfterUltrasonic+=temp;
  88   2          //saveToBuffer();
  89   2          //TODO::saveToBuffer(); saving the data from altrasonic.
  90   2          isGatheringData=0;
  91   2        }
  92   1      } 
  93          /******************end counting and gathering data from ultrasonic**************/
  94          


MODULE INFORMATION:   STATIC OVERLAYABLE
   CODE SIZE        =    177    ----
   CONSTANT SIZE    =   ----    ----
   XDATA SIZE       =   ----    ----
   PDATA SIZE       =   ----    ----
   DATA SIZE        =      5       4
   IDATA SIZE       =   ----    ----
   BIT SIZE         =   ----    ----
END OF MODULE INFORMATION.


C51 COMPILATION COMPLETE.  0 WARNING(S),  0 ERROR(S)
