ARM Linker, RVCT4.0 [Build 524] for uVision [Evaluation]

==============================================================================

Section Cross References

    stm32f10x.o(STACK) refers (Special) to heapauxi.o(.text) for __use_two_region_memory
    stm32f10x.o(HEAP) refers (Special) to heapauxi.o(.text) for __use_two_region_memory
    stm32f10x.o(RESET) refers (Special) to heapauxi.o(.text) for __use_two_region_memory
    stm32f10x.o(RESET) refers to stm32f10x.o(STACK) for __initial_sp
    stm32f10x.o(RESET) refers to stm32f10x.o(.text) for Reset_Handler
    stm32f10x.o(.text) refers (Special) to heapauxi.o(.text) for __use_two_region_memory
    stm32f10x.o(.text) refers to __main.o(!!!main) for __main
    stm32f10x.o(.text) refers to stm32f10x.o(HEAP) for Heap_Mem
    stm32f10x.o(.text) refers to stm32f10x.o(STACK) for Stack_Mem
    main.o(.text) refers to stm32f10x_nvic.o(i.NVIC_SetVectorTable) for NVIC_SetVectorTable
    main.o(.text) refers to stm32f10x_rcc.o(i.RCC_DeInit) for RCC_DeInit
    main.o(.text) refers to stm32f10x_rcc.o(i.RCC_HSEConfig) for RCC_HSEConfig
    main.o(.text) refers to stm32f10x_rcc.o(i.RCC_WaitForHSEStartUp) for RCC_WaitForHSEStartUp
    main.o(.text) refers to stm32f10x_flash.o(i.FLASH_PrefetchBufferCmd) for FLASH_PrefetchBufferCmd
    main.o(.text) refers to stm32f10x_flash.o(i.FLASH_SetLatency) for FLASH_SetLatency
    main.o(.text) refers to stm32f10x_rcc.o(i.RCC_HCLKConfig) for RCC_HCLKConfig
    main.o(.text) refers to stm32f10x_rcc.o(i.RCC_PCLK2Config) for RCC_PCLK2Config
    main.o(.text) refers to stm32f10x_rcc.o(i.RCC_PCLK1Config) for RCC_PCLK1Config
    main.o(.text) refers to stm32f10x_rcc.o(i.RCC_PLLConfig) for RCC_PLLConfig
    main.o(.text) refers to stm32f10x_rcc.o(i.RCC_PLLCmd) for RCC_PLLCmd
    main.o(.text) refers to stm32f10x_rcc.o(i.RCC_GetFlagStatus) for RCC_GetFlagStatus
    main.o(.text) refers to stm32f10x_rcc.o(i.RCC_SYSCLKConfig) for RCC_SYSCLKConfig
    main.o(.text) refers to stm32f10x_rcc.o(i.RCC_GetSYSCLKSource) for RCC_GetSYSCLKSource
    main.o(.text) refers to stm32f10x_rcc.o(i.RCC_APB2PeriphClockCmd) for RCC_APB2PeriphClockCmd
    main.o(.text) refers to stm32f10x_gpio.o(i.GPIO_PinRemapConfig) for GPIO_PinRemapConfig
    main.o(.text) refers to stm32f10x_gpio.o(i.GPIO_Init) for GPIO_Init
    main.o(.text) refers to stm32f10x_gpio.o(i.GPIO_Write) for GPIO_Write
    main.o(.text) refers to lcd.o(.text) for LCD_Init
    main.o(.text) refers to stm32f10x_gpio.o(i.GPIO_SetBits) for GPIO_SetBits
    main.o(.text) refers to stm32f10x_gpio.o(i.GPIO_ResetBits) for GPIO_ResetBits
    main.o(.text) refers to mmc.o(.text) for MMC_Init
    main.o(.text) refers to main.o(.data) for HSEStartUpStatus
    main.o(.text) refers to lcd.o(.data) for colors
    main.o(.text) refers to mmc.o(.data) for Init_Flag
    main.o(.text) refers to main.o(.bss) for cid_data
    lcd.o(.text) refers to stm32f10x_gpio.o(i.GPIO_ResetBits) for GPIO_ResetBits
    lcd.o(.text) refers to stm32f10x_gpio.o(i.GPIO_SetBits) for GPIO_SetBits
    lcd.o(.text) refers to main.o(.text) for Delay
    lcd.o(.text) refers to lcd.o(.data) for colors
    lcd.o(.text) refers to lcd.o(.constdata) for Font8x16
    mmc.o(.text) refers to stm32f10x_gpio.o(i.GPIO_SetBits) for GPIO_SetBits
    mmc.o(.text) refers to stm32f10x_gpio.o(i.GPIO_ResetBits) for GPIO_ResetBits
    mmc.o(.text) refers to stm32f10x_gpio.o(i.GPIO_ReadInputDataBit) for GPIO_ReadInputDataBit
    mmc.o(.text) refers to mmc.o(.data) for Init_Flag
    stm32f10x_flash.o(i.FLASH_WaitForLastOperation) refers to stm32f10x_flash.o(i.FLASH_GetStatus) for FLASH_GetStatus
    stm32f10x_flash.o(i.FLASH_ErasePage) refers to stm32f10x_flash.o(i.FLASH_WaitForLastOperation) for FLASH_WaitForLastOperation
    stm32f10x_flash.o(i.FLASH_EraseAllPages) refers to stm32f10x_flash.o(i.FLASH_WaitForLastOperation) for FLASH_WaitForLastOperation
    stm32f10x_flash.o(i.FLASH_EraseOptionBytes) refers to stm32f10x_flash.o(i.FLASH_WaitForLastOperation) for FLASH_WaitForLastOperation
    stm32f10x_flash.o(i.FLASH_ProgramWord) refers to stm32f10x_flash.o(i.FLASH_WaitForLastOperation) for FLASH_WaitForLastOperation
    stm32f10x_flash.o(i.FLASH_ProgramHalfWord) refers to stm32f10x_flash.o(i.FLASH_WaitForLastOperation) for FLASH_WaitForLastOperation
    stm32f10x_flash.o(i.FLASH_ProgramOptionByteData) refers to stm32f10x_flash.o(i.FLASH_WaitForLastOperation) for FLASH_WaitForLastOperation
    stm32f10x_flash.o(i.FLASH_EnableWriteProtection) refers to stm32f10x_flash.o(i.FLASH_WaitForLastOperation) for FLASH_WaitForLastOperation
    stm32f10x_flash.o(i.FLASH_ReadOutProtection) refers to stm32f10x_flash.o(i.FLASH_WaitForLastOperation) for FLASH_WaitForLastOperation
    stm32f10x_flash.o(i.FLASH_UserOptionByteConfig) refers to stm32f10x_flash.o(i.FLASH_WaitForLastOperation) for FLASH_WaitForLastOperation
    stm32f10x_gpio.o(i.GPIO_DeInit) refers to stm32f10x_rcc.o(i.RCC_APB2PeriphResetCmd) for RCC_APB2PeriphResetCmd
    stm32f10x_gpio.o(i.GPIO_AFIODeInit) refers to stm32f10x_rcc.o(i.RCC_APB2PeriphResetCmd) for RCC_APB2PeriphResetCmd
    stm32f10x_nvic.o(i.NVIC_SETPRIMASK) refers to cortexm3_macro.o(.text) for __SETPRIMASK
    stm32f10x_nvic.o(i.NVIC_RESETPRIMASK) refers to cortexm3_macro.o(.text) for __RESETPRIMASK
    stm32f10x_nvic.o(i.NVIC_SETFAULTMASK) refers to cortexm3_macro.o(.text) for __SETFAULTMASK
    stm32f10x_nvic.o(i.NVIC_RESETFAULTMASK) refers to cortexm3_macro.o(.text) for __RESETFAULTMASK
    stm32f10x_nvic.o(i.NVIC_BASEPRICONFIG) refers to cortexm3_macro.o(.text) for __BASEPRICONFIG
    stm32f10x_nvic.o(i.NVIC_GetBASEPRI) refers to cortexm3_macro.o(.text) for __GetBASEPRI
    stm32f10x_rcc.o(i.RCC_WaitForHSEStartUp) refers to stm32f10x_rcc.o(i.RCC_GetFlagStatus) for RCC_GetFlagStatus
    stm32f10x_rcc.o(i.RCC_WaitForHSEStartUp) refers to stm32f10x_rcc.o(.data) for .data
    stm32f10x_rcc.o(i.RCC_GetClocksFreq) refers to stm32f10x_rcc.o(.constdata) for .constdata
    __main.o(!!!main) refers to rtentry.o(.ARM.Collect$$rtentry$$00000000) for __rt_entry
    rtentry.o(.ARM.Collect$$rtentry$$00000000) refers (Special) to rtentry2.o(.ARM.Collect$$rtentry$$0000000A) for __rt_entry_li
    rtentry.o(.ARM.Collect$$rtentry$$00000000) refers (Special) to rtentry2.o(.ARM.Collect$$rtentry$$0000000D) for __rt_entry_main
    rtentry.o(.ARM.Collect$$rtentry$$00000000) refers (Special) to rtentry2.o(.ARM.Collect$$rtentry$$0000000C) for __rt_entry_postli_1
    rtentry.o(.ARM.Collect$$rtentry$$00000000) refers (Special) to rtentry2.o(.ARM.Collect$$rtentry$$00000009) for __rt_entry_postsh_1
    rtentry.o(.ARM.Collect$$rtentry$$00000000) refers (Special) to rtentry2.o(.ARM.Collect$$rtentry$$00000002) for __rt_entry_presh_1
    rtentry.o(.ARM.Collect$$rtentry$$00000000) refers (Special) to rtentry4.o(.ARM.Collect$$rtentry$$00000004) for __rt_entry_sh
    rtentry.o(.ARM.exidx) refers (Special) to rtentry2.o(.ARM.Collect$$rtentry$$0000000A) for __rt_entry_li
    rtentry.o(.ARM.exidx) refers (Special) to rtentry2.o(.ARM.Collect$$rtentry$$0000000D) for __rt_entry_main
    rtentry.o(.ARM.exidx) refers (Special) to rtentry2.o(.ARM.Collect$$rtentry$$0000000C) for __rt_entry_postli_1
    rtentry.o(.ARM.exidx) refers (Special) to rtentry2.o(.ARM.Collect$$rtentry$$00000009) for __rt_entry_postsh_1
    rtentry.o(.ARM.exidx) refers (Special) to rtentry2.o(.ARM.Collect$$rtentry$$00000002) for __rt_entry_presh_1
    rtentry.o(.ARM.exidx) refers (Special) to rtentry4.o(.ARM.Collect$$rtentry$$00000004) for __rt_entry_sh
    rtentry.o(.ARM.exidx) refers to rtentry.o(.ARM.Collect$$rtentry$$00000000) for .ARM.Collect$$rtentry$$00000000
    rtentry2.o(.ARM.Collect$$rtentry$$00000008) refers to boardinit2.o(.text) for _platform_post_stackheap_init
    rtentry2.o(.ARM.Collect$$rtentry$$0000000A) refers to libinit.o(.ARM.Collect$$libinit$$00000000) for __rt_lib_init
    rtentry2.o(.ARM.Collect$$rtentry$$0000000B) refers to boardinit3.o(.text) for _platform_post_lib_init
    rtentry2.o(.ARM.Collect$$rtentry$$0000000D) refers to main.o(.text) for main
    rtentry2.o(.ARM.Collect$$rtentry$$0000000D) refers to exit.o(.text) for exit
    rtentry2.o(.ARM.exidx) refers to rtentry2.o(.ARM.Collect$$rtentry$$00000001) for .ARM.Collect$$rtentry$$00000001
    rtentry2.o(.ARM.exidx) refers to rtentry2.o(.ARM.Collect$$rtentry$$00000002) for .ARM.Collect$$rtentry$$00000002
    rtentry2.o(.ARM.exidx) refers to rtentry2.o(.ARM.Collect$$rtentry$$00000008) for .ARM.Collect$$rtentry$$00000008
    rtentry2.o(.ARM.exidx) refers to rtentry2.o(.ARM.Collect$$rtentry$$00000009) for .ARM.Collect$$rtentry$$00000009
    rtentry2.o(.ARM.exidx) refers to rtentry2.o(.ARM.Collect$$rtentry$$0000000A) for .ARM.Collect$$rtentry$$0000000A
    rtentry2.o(.ARM.exidx) refers to rtentry2.o(.ARM.Collect$$rtentry$$0000000B) for .ARM.Collect$$rtentry$$0000000B
    rtentry2.o(.ARM.exidx) refers to rtentry2.o(.ARM.Collect$$rtentry$$0000000C) for .ARM.Collect$$rtentry$$0000000C
    rtentry2.o(.ARM.exidx) refers to rtentry2.o(.ARM.Collect$$rtentry$$0000000D) for .ARM.Collect$$rtentry$$0000000D
    rtentry4.o(.ARM.Collect$$rtentry$$00000004) refers to sys_stackheap_outer.o(.text) for __user_setup_stackheap
    rtentry4.o(.ARM.exidx) refers to rtentry4.o(.ARM.Collect$$rtentry$$00000004) for .ARM.Collect$$rtentry$$00000004
    sys_stackheap_outer.o(.text) refers to libspace.o(.text) for __user_perproc_libspace
    sys_stackheap_outer.o(.text) refers to stm32f10x.o(.text) for __user_initial_stackheap
    exit.o(.text) refers to rtexit.o(.ARM.Collect$$rtexit$$00000000) for __rt_exit
    libinit.o(.ARM.Collect$$libinit$$00000000) refers (Special) to libinit2.o(.ARM.Collect$$libinit$$0000002A) for __rt_lib_init_alloca_1
    libinit.o(.ARM.Collect$$libinit$$00000000) refers (Special) to libinit2.o(.ARM.Collect$$libinit$$00000028) for __rt_lib_init_argv_1
    libinit.o(.ARM.Collect$$libinit$$00000000) refers (Special) to libinit2.o(.ARM.Collect$$libinit$$00000017) for __rt_lib_init_atexit_1
    libinit.o(.ARM.Collect$$libinit$$00000000) refers (Special) to libinit2.o(.ARM.Collect$$libinit$$0000001D) for __rt_lib_init_clock_1
    libinit.o(.ARM.Collect$$libinit$$00000000) refers (Special) to libinit2.o(.ARM.Collect$$libinit$$0000002E) for __rt_lib_init_cpp_1
    libinit.o(.ARM.Collect$$libinit$$00000000) refers (Special) to libinit2.o(.ARM.Collect$$libinit$$0000002C) for __rt_lib_init_exceptions_1
    libinit.o(.ARM.Collect$$libinit$$00000000) refers (Special) to libinit2.o(.ARM.Collect$$libinit$$0000001B) for __rt_lib_init_fp_trap_1
    libinit.o(.ARM.Collect$$libinit$$00000000) refers (Special) to libinit2.o(.ARM.Collect$$libinit$$0000001F) for __rt_lib_init_getenv_1
    libinit.o(.ARM.Collect$$libinit$$00000000) refers (Special) to libinit2.o(.ARM.Collect$$libinit$$00000006) for __rt_lib_init_heap_1
    libinit.o(.ARM.Collect$$libinit$$00000000) refers (Special) to libinit2.o(.ARM.Collect$$libinit$$0000000D) for __rt_lib_init_lc_collate_1
    libinit.o(.ARM.Collect$$libinit$$00000000) refers (Special) to libinit2.o(.ARM.Collect$$libinit$$0000000F) for __rt_lib_init_lc_ctype_1
    libinit.o(.ARM.Collect$$libinit$$00000000) refers (Special) to libinit2.o(.ARM.Collect$$libinit$$00000011) for __rt_lib_init_lc_monetary_1
    libinit.o(.ARM.Collect$$libinit$$00000000) refers (Special) to libinit2.o(.ARM.Collect$$libinit$$00000013) for __rt_lib_init_lc_numeric_1
    libinit.o(.ARM.Collect$$libinit$$00000000) refers (Special) to libinit2.o(.ARM.Collect$$libinit$$00000015) for __rt_lib_init_lc_time_1
    libinit.o(.ARM.Collect$$libinit$$00000000) refers (Special) to libinit2.o(.ARM.Collect$$libinit$$0000000A) for __rt_lib_init_rand_1
    libinit.o(.ARM.Collect$$libinit$$00000000) refers (Special) to libinit2.o(.ARM.Collect$$libinit$$0000002F) for __rt_lib_init_return
    libinit.o(.ARM.Collect$$libinit$$00000000) refers (Special) to libinit2.o(.ARM.Collect$$libinit$$00000019) for __rt_lib_init_signal_1
    libinit.o(.ARM.Collect$$libinit$$00000000) refers (Special) to libinit2.o(.ARM.Collect$$libinit$$00000021) for __rt_lib_init_stdio_1
    libinit.o(.ARM.Collect$$libinit$$00000000) refers (Special) to libinit2.o(.ARM.Collect$$libinit$$00000008) for __rt_lib_init_user_alloc_1
    libspace.o(.text) refers to libspace.o(.bss) for __libspace_start
    rtexit.o(.ARM.Collect$$rtexit$$00000000) refers (Special) to rtexit2.o(.ARM.Collect$$rtexit$$00000004) for __rt_exit_exit
    rtexit.o(.ARM.Collect$$rtexit$$00000000) refers (Special) to rtexit2.o(.ARM.Collect$$rtexit$$00000003) for __rt_exit_ls
    rtexit.o(.ARM.Collect$$rtexit$$00000000) refers (Special) to rtexit2.o(.ARM.Collect$$rtexit$$00000002) for __rt_exit_prels_1
    rtexit.o(.ARM.exidx) refers (Special) to rtexit2.o(.ARM.Collect$$rtexit$$00000004) for __rt_exit_exit
    rtexit.o(.ARM.exidx) refers (Special) to rtexit2.o(.ARM.Collect$$rtexit$$00000003) for __rt_exit_ls
    rtexit.o(.ARM.exidx) refers (Special) to rtexit2.o(.ARM.Collect$$rtexit$$00000002) for __rt_exit_prels_1
    rtexit.o(.ARM.exidx) refers to rtexit.o(.ARM.Collect$$rtexit$$00000000) for .ARM.Collect$$rtexit$$00000000
    libinit2.o(.ARM.Collect$$libinit$$0000000C) refers to libinit2.o(.ARM.Collect$$libinit$$0000000B) for .ARM.Collect$$libinit$$0000000B
    libinit2.o(.ARM.Collect$$libinit$$0000000E) refers to libinit2.o(.ARM.Collect$$libinit$$0000000B) for .ARM.Collect$$libinit$$0000000B
    libinit2.o(.ARM.Collect$$libinit$$00000010) refers to libinit2.o(.ARM.Collect$$libinit$$0000000B) for .ARM.Collect$$libinit$$0000000B
    libinit2.o(.ARM.Collect$$libinit$$00000012) refers to libinit2.o(.ARM.Collect$$libinit$$0000000B) for .ARM.Collect$$libinit$$0000000B
    libinit2.o(.ARM.Collect$$libinit$$00000014) refers to libinit2.o(.ARM.Collect$$libinit$$0000000B) for .ARM.Collect$$libinit$$0000000B
    libinit2.o(.ARM.Collect$$libinit$$00000022) refers to argv_veneer.o(.emb_text) for __ARM_argv_veneer
    libinit2.o(.ARM.Collect$$libinit$$00000023) refers to argv_veneer.o(.emb_text) for __ARM_argv_veneer
    rtexit2.o(.ARM.Collect$$rtexit$$00000003) refers to libshutdown.o(.ARM.Collect$$libshutdown$$00000000) for __rt_lib_shutdown
    rtexit2.o(.ARM.Collect$$rtexit$$00000004) refers to sys_exit.o(.text) for _sys_exit
    rtexit2.o(.ARM.exidx) refers to rtexit2.o(.ARM.Collect$$rtexit$$00000001) for .ARM.Collect$$rtexit$$00000001
    rtexit2.o(.ARM.exidx) refers to rtexit2.o(.ARM.Collect$$rtexit$$00000002) for .ARM.Collect$$rtexit$$00000002
    rtexit2.o(.ARM.exidx) refers to rtexit2.o(.ARM.Collect$$rtexit$$00000003) for .ARM.Collect$$rtexit$$00000003
    rtexit2.o(.ARM.exidx) refers to rtexit2.o(.ARM.Collect$$rtexit$$00000004) for .ARM.Collect$$rtexit$$00000004
    argv_veneer.o(.emb_text) refers to no_argv.o(.text) for __ARM_get_argv
    sys_exit.o(.text) refers to use_no_semi.o(.text) for __I$use$semihosting
    _get_argv_nomalloc.o(.text) refers (Special) to hrguard.o(.text) for __heap_region$guard
    _get_argv_nomalloc.o(.text) refers to defsig_rtmem_outer.o(.text) for __rt_SIGRTMEM
    _get_argv_nomalloc.o(.text) refers to sys_command.o(.text) for _sys_command_string
    libshutdown.o(.ARM.Collect$$libshutdown$$00000000) refers (Special) to libshutdown2.o(.ARM.Collect$$libshutdown$$00000006) for __rt_lib_shutdown_fp_trap_1
    libshutdown.o(.ARM.Collect$$libshutdown$$00000000) refers (Special) to libshutdown2.o(.ARM.Collect$$libshutdown$$0000000E) for __rt_lib_shutdown_heap_1
    libshutdown.o(.ARM.Collect$$libshutdown$$00000000) refers (Special) to libshutdown2.o(.ARM.Collect$$libshutdown$$0000000F) for __rt_lib_shutdown_return
    libshutdown.o(.ARM.Collect$$libshutdown$$00000000) refers (Special) to libshutdown2.o(.ARM.Collect$$libshutdown$$00000009) for __rt_lib_shutdown_signal_1
    libshutdown.o(.ARM.Collect$$libshutdown$$00000000) refers (Special) to libshutdown2.o(.ARM.Collect$$libshutdown$$00000003) for __rt_lib_shutdown_stdio_1
    libshutdown.o(.ARM.Collect$$libshutdown$$00000000) refers (Special) to libshutdown2.o(.ARM.Collect$$libshutdown$$0000000B) for __rt_lib_shutdown_user_alloc_1
    sys_command.o(.text) refers (Special) to use_no_semi.o(.text) for __I$use$semihosting
    defsig_rtmem_outer.o(.text) refers to defsig_rtmem_inner.o(.text) for __rt_SIGRTMEM_inner
    defsig_rtmem_outer.o(.text) refers to defsig_exit.o(.text) for __sig_exit
    defsig_rtmem_formal.o(.text) refers to rt_raise.o(.text) for __rt_raise
    rt_raise.o(.text) refers to __raise.o(.text) for __raise
    rt_raise.o(.text) refers to sys_exit.o(.text) for _sys_exit
    defsig_exit.o(.text) refers to sys_exit.o(.text) for _sys_exit
    defsig_rtmem_inner.o(.text) refers to defsig_general.o(.text) for __default_signal_display
    __raise.o(.text) refers to defsig.o(CL$$defsig) for __default_signal_handler
    defsig_general.o(.text) refers to sys_wrch.o(.text) for _ttywrch
    sys_wrch.o(.text) refers (Special) to use_no_semi.o(.text) for __I$use$semihosting
    defsig.o(CL$$defsig) refers to defsig_rtmem_inner.o(.text) for __rt_SIGRTMEM_inner
    defsig_abrt_inner.o(.text) refers to defsig_general.o(.text) for __default_signal_display
    defsig_fpe_inner.o(.text) refers to defsig_general.o(.text) for __default_signal_display
    defsig_rtred_inner.o(.text) refers to defsig_general.o(.text) for __default_signal_display
    defsig_stak_inner.o(.text) refers to defsig_general.o(.text) for __default_signal_display
    defsig_pvfn_inner.o(.text) refers to defsig_general.o(.text) for __default_signal_display
    defsig_cppl_inner.o(.text) refers to defsig_general.o(.text) for __default_signal_display
    defsig_segv_inner.o(.text) refers to defsig_general.o(.text) for __default_signal_display
    defsig_other.o(.text) refers to defsig_general.o(.text) for __default_signal_display


==============================================================================

Removing Unused input sections from the image.

    Removing stm32f10x_flash.o(i.FLASH_HalfCycleAccessCmd), (24 bytes).
    Removing stm32f10x_flash.o(i.FLASH_Unlock), (24 bytes).
    Removing stm32f10x_flash.o(i.FLASH_Lock), (16 bytes).
    Removing stm32f10x_flash.o(i.FLASH_GetStatus), (40 bytes).
    Removing stm32f10x_flash.o(i.FLASH_WaitForLastOperation), (40 bytes).
    Removing stm32f10x_flash.o(i.FLASH_ErasePage), (64 bytes).
    Removing stm32f10x_flash.o(i.FLASH_EraseAllPages), (60 bytes).
    Removing stm32f10x_flash.o(i.FLASH_EraseOptionBytes), (116 bytes).
    Removing stm32f10x_flash.o(i.FLASH_ProgramWord), (68 bytes).
    Removing stm32f10x_flash.o(i.FLASH_ProgramHalfWord), (56 bytes).
    Removing stm32f10x_flash.o(i.FLASH_ProgramOptionByteData), (72 bytes).
    Removing stm32f10x_flash.o(i.FLASH_EnableWriteProtection), (168 bytes).
    Removing stm32f10x_flash.o(i.FLASH_ReadOutProtection), (136 bytes).
    Removing stm32f10x_flash.o(i.FLASH_UserOptionByteConfig), (88 bytes).
    Removing stm32f10x_flash.o(i.FLASH_GetUserOptionByte), (12 bytes).
    Removing stm32f10x_flash.o(i.FLASH_GetWriteProtectionOptionByte), (12 bytes).
    Removing stm32f10x_flash.o(i.FLASH_GetReadOutProtectionStatus), (20 bytes).
    Removing stm32f10x_flash.o(i.FLASH_GetPrefetchBufferStatus), (20 bytes).
    Removing stm32f10x_flash.o(i.FLASH_ITConfig), (24 bytes).
    Removing stm32f10x_flash.o(i.FLASH_GetFlagStatus), (32 bytes).
    Removing stm32f10x_flash.o(i.FLASH_ClearFlag), (12 bytes).
    Removing stm32f10x_gpio.o(i.GPIO_DeInit), (160 bytes).
    Removing stm32f10x_gpio.o(i.GPIO_AFIODeInit), (22 bytes).
    Removing stm32f10x_gpio.o(i.GPIO_StructInit), (16 bytes).
    Removing stm32f10x_gpio.o(i.GPIO_ReadInputData), (6 bytes).
    Removing stm32f10x_gpio.o(i.GPIO_ReadOutputDataBit), (14 bytes).
    Removing stm32f10x_gpio.o(i.GPIO_ReadOutputData), (6 bytes).
    Removing stm32f10x_gpio.o(i.GPIO_WriteBit), (10 bytes).
    Removing stm32f10x_gpio.o(i.GPIO_PinLockConfig), (16 bytes).
    Removing stm32f10x_gpio.o(i.GPIO_EventOutputConfig), (28 bytes).
    Removing stm32f10x_gpio.o(i.GPIO_EventOutputCmd), (12 bytes).
    Removing stm32f10x_gpio.o(i.GPIO_EXTILineConfig), (40 bytes).
    Removing stm32f10x_nvic.o(i.NVIC_DeInit), (44 bytes).
    Removing stm32f10x_nvic.o(i.NVIC_SCBDeInit), (68 bytes).
    Removing stm32f10x_nvic.o(i.NVIC_PriorityGroupConfig), (20 bytes).
    Removing stm32f10x_nvic.o(i.NVIC_Init), (116 bytes).
    Removing stm32f10x_nvic.o(i.NVIC_StructInit), (12 bytes).
    Removing stm32f10x_nvic.o(i.NVIC_SETPRIMASK), (4 bytes).
    Removing stm32f10x_nvic.o(i.NVIC_RESETPRIMASK), (4 bytes).
    Removing stm32f10x_nvic.o(i.NVIC_SETFAULTMASK), (4 bytes).
    Removing stm32f10x_nvic.o(i.NVIC_RESETFAULTMASK), (4 bytes).
    Removing stm32f10x_nvic.o(i.NVIC_BASEPRICONFIG), (6 bytes).
    Removing stm32f10x_nvic.o(i.NVIC_GetBASEPRI), (4 bytes).
    Removing stm32f10x_nvic.o(i.NVIC_GetCurrentPendingIRQChannel), (16 bytes).
    Removing stm32f10x_nvic.o(i.NVIC_GetIRQChannelPendingBitStatus), (34 bytes).
    Removing stm32f10x_nvic.o(i.NVIC_SetIRQChannelPendingBit), (12 bytes).
    Removing stm32f10x_nvic.o(i.NVIC_ClearIRQChannelPendingBit), (24 bytes).
    Removing stm32f10x_nvic.o(i.NVIC_GetCurrentActiveHandler), (16 bytes).
    Removing stm32f10x_nvic.o(i.NVIC_GetIRQChannelActiveBitStatus), (34 bytes).
    Removing stm32f10x_nvic.o(i.NVIC_GetCPUID), (12 bytes).
    Removing stm32f10x_nvic.o(i.NVIC_GenerateSystemReset), (16 bytes).
    Removing stm32f10x_nvic.o(i.NVIC_GenerateCoreReset), (16 bytes).
    Removing stm32f10x_nvic.o(i.NVIC_SystemLPConfig), (24 bytes).
    Removing stm32f10x_nvic.o(i.NVIC_SystemHandlerConfig), (32 bytes).
    Removing stm32f10x_nvic.o(i.NVIC_SystemHandlerPriorityConfig), (76 bytes).
    Removing stm32f10x_nvic.o(i.NVIC_GetSystemHandlerPendingBitStatus), (32 bytes).
    Removing stm32f10x_nvic.o(i.NVIC_SetSystemHandlerPendingBit), (24 bytes).
    Removing stm32f10x_nvic.o(i.NVIC_ClearSystemHandlerPendingBit), (24 bytes).
    Removing stm32f10x_nvic.o(i.NVIC_GetSystemHandlerActiveBitStatus), (32 bytes).
    Removing stm32f10x_nvic.o(i.NVIC_GetFaultHandlerSources), (54 bytes).
    Removing stm32f10x_nvic.o(i.NVIC_GetFaultAddress), (22 bytes).
    Removing stm32f10x_rcc.o(i.RCC_AdjustHSICalibrationValue), (20 bytes).
    Removing stm32f10x_rcc.o(i.RCC_HSICmd), (12 bytes).
    Removing stm32f10x_rcc.o(i.RCC_ITConfig), (24 bytes).
    Removing stm32f10x_rcc.o(i.RCC_USBCLKConfig), (12 bytes).
    Removing stm32f10x_rcc.o(i.RCC_ADCCLKConfig), (20 bytes).
    Removing stm32f10x_rcc.o(i.RCC_LSEConfig), (32 bytes).
    Removing stm32f10x_rcc.o(i.RCC_LSICmd), (12 bytes).
    Removing stm32f10x_rcc.o(i.RCC_RTCCLKConfig), (16 bytes).
    Removing stm32f10x_rcc.o(i.RCC_RTCCLKCmd), (12 bytes).
    Removing stm32f10x_rcc.o(i.RCC_GetClocksFreq), (148 bytes).
    Removing stm32f10x_rcc.o(i.RCC_AHBPeriphClockCmd), (24 bytes).
    Removing stm32f10x_rcc.o(i.RCC_APB1PeriphClockCmd), (24 bytes).
    Removing stm32f10x_rcc.o(i.RCC_APB2PeriphResetCmd), (24 bytes).
    Removing stm32f10x_rcc.o(i.RCC_APB1PeriphResetCmd), (24 bytes).
    Removing stm32f10x_rcc.o(i.RCC_BackupResetCmd), (12 bytes).
    Removing stm32f10x_rcc.o(i.RCC_ClockSecuritySystemCmd), (12 bytes).
    Removing stm32f10x_rcc.o(i.RCC_MCOConfig), (12 bytes).
    Removing stm32f10x_rcc.o(i.RCC_ClearFlag), (16 bytes).
    Removing stm32f10x_rcc.o(i.RCC_GetITStatus), (20 bytes).
    Removing stm32f10x_rcc.o(i.RCC_ClearITPendingBit), (12 bytes).
    Removing stm32f10x_rcc.o(.constdata), (20 bytes).
    Removing cortexm3_macro.o(.text), (122 bytes).

83 unused section(s) (total 2850 bytes) removed from the image.

==============================================================================

Image Symbol Table

    Local Symbols

    Symbol Name                              Value     Ov Type        Size  Object(Section)

    ../../angel/boardlib.s                   0x00000000   Number         0  boardshut.o ABSOLUTE
    ../../angel/boardlib.s                   0x00000000   Number         0  boardinit1.o ABSOLUTE
    ../../angel/boardlib.s                   0x00000000   Number         0  boardinit2.o ABSOLUTE
    ../../angel/boardlib.s                   0x00000000   Number         0  boardinit3.o ABSOLUTE
    ../../angel/handlers.s                   0x00000000   Number         0  __scatter_copy.o ABSOLUTE
    ../../angel/handlers.s                   0x00000000   Number         0  __scatter_zi.o ABSOLUTE
    ../../angel/kernel.s                     0x00000000   Number         0  rtentry4.o ABSOLUTE
    ../../angel/kernel.s                     0x00000000   Number         0  rtentry2.o ABSOLUTE
    ../../angel/kernel.s                     0x00000000   Number         0  rtentry.o ABSOLUTE
    ../../angel/kernel.s                     0x00000000   Number         0  rtexit2.o ABSOLUTE
    ../../angel/kernel.s                     0x00000000   Number         0  rtexit.o ABSOLUTE
    ../../angel/rt.s                         0x00000000   Number         0  rt_raise.o ABSOLUTE
    ../../angel/scatter.s                    0x00000000   Number         0  __scatter.o ABSOLUTE
    ../../angel/startup.s                    0x00000000   Number         0  __main.o ABSOLUTE
    ../../angel/sys.s                        0x00000000   Number         0  sys_stackheap_outer.o ABSOLUTE
    ../../angel/sys.s                        0x00000000   Number         0  sys_exit.o ABSOLUTE
    ../../angel/sys.s                        0x00000000   Number         0  libspace.o ABSOLUTE
    ../../angel/sys.s                        0x00000000   Number         0  use_no_semi.o ABSOLUTE
    ../../angel/sysapp.c                     0x00000000   Number         0  sys_wrch.o ABSOLUTE
    ../../angel/sysapp.c                     0x00000000   Number         0  sys_command.o ABSOLUTE
    ../../armsys.c                           0x00000000   Number         0  _get_argv_nomalloc.o ABSOLUTE
    ../../armsys.c                           0x00000000   Number         0  argv_veneer.o ABSOLUTE
    ../../armsys.c                           0x00000000   Number         0  argv_veneer.o ABSOLUTE
    ../../armsys.c                           0x00000000   Number         0  no_argv.o ABSOLUTE
    ../../fpinit.s                           0x00000000   Number         0  fpinit.o ABSOLUTE
    ../../heapalloc.c                        0x00000000   Number         0  hrguard.o ABSOLUTE
    ../../heapaux.c                          0x00000000   Number         0  heapauxi.o ABSOLUTE
    ../../libinit.s                          0x00000000   Number         0  libshutdown2.o ABSOLUTE
    ../../libinit.s                          0x00000000   Number         0  libshutdown.o ABSOLUTE
    ../../libinit.s                          0x00000000   Number         0  libinit2.o ABSOLUTE
    ../../libinit.s                          0x00000000   Number         0  libinit.o ABSOLUTE
    ../../signal.c                           0x00000000   Number         0  defsig_abrt_inner.o ABSOLUTE
    ../../signal.c                           0x00000000   Number         0  defsig_general.o ABSOLUTE
    ../../signal.c                           0x00000000   Number         0  __raise.o ABSOLUTE
    ../../signal.c                           0x00000000   Number         0  defsig_exit.o ABSOLUTE
    ../../signal.c                           0x00000000   Number         0  defsig_rtmem_formal.o ABSOLUTE
    ../../signal.c                           0x00000000   Number         0  defsig_rtmem_outer.o ABSOLUTE
    ../../signal.c                           0x00000000   Number         0  defsig_rtmem_inner.o ABSOLUTE
    ../../signal.c                           0x00000000   Number         0  defsig_pvfn_inner.o ABSOLUTE
    ../../signal.c                           0x00000000   Number         0  defsig_other.o ABSOLUTE
    ../../signal.c                           0x00000000   Number         0  defsig_segv_inner.o ABSOLUTE
    ../../signal.c                           0x00000000   Number         0  defsig_cppl_inner.o ABSOLUTE
    ../../signal.c                           0x00000000   Number         0  defsig_stak_inner.o ABSOLUTE
    ../../signal.c                           0x00000000   Number         0  defsig_rtred_inner.o ABSOLUTE
    ../../signal.c                           0x00000000   Number         0  defsig_fpe_inner.o ABSOLUTE
    ../../signal.s                           0x00000000   Number         0  defsig.o ABSOLUTE
    ../../stdlib.c                           0x00000000   Number         0  exit.o ABSOLUTE
    Lcd.c                                    0x00000000   Number         0  lcd.o ABSOLUTE
    MMC.c                                    0x00000000   Number         0  mmc.o ABSOLUTE
    STM32F10x.s                              0x00000000   Number         0  stm32f10x.o ABSOLUTE
    cortexm3_macro.s                         0x00000000   Number         0  cortexm3_macro.o ABSOLUTE
    dc.s                                     0x00000000   Number         0  dc.o ABSOLUTE
    main.c                                   0x00000000   Number         0  main.o ABSOLUTE
    stm32f10x_flash.c                        0x00000000   Number         0  stm32f10x_flash.o ABSOLUTE
    stm32f10x_gpio.c                         0x00000000   Number         0  stm32f10x_gpio.o ABSOLUTE
    stm32f10x_nvic.c                         0x00000000   Number         0  stm32f10x_nvic.o ABSOLUTE
    stm32f10x_rcc.c                          0x00000000   Number         0  stm32f10x_rcc.o ABSOLUTE
    RESET                                    0x08000000   Section      236  stm32f10x.o(RESET)
    !!!main                                  0x080000ec   Section        8  __main.o(!!!main)
    !!!scatter                               0x080000f4   Section       52  __scatter.o(!!!scatter)
    !!handler_copy                           0x08000128   Section       26  __scatter_copy.o(!!handler_copy)
    !!handler_zi                             0x08000144   Section       28  __scatter_zi.o(!!handler_zi)
    .ARM.Collect$$libinit$$00000000          0x08000160   Section        6  libinit.o(.ARM.Collect$$libinit$$00000000)
    .ARM.Collect$$libinit$$00000006          0x08000166   Section        0  libinit2.o(.ARM.Collect$$libinit$$00000006)
    .ARM.Collect$$libinit$$00000008          0x08000166   Section        0  libinit2.o(.ARM.Collect$$libinit$$00000008)
    .ARM.Collect$$libinit$$0000000A          0x08000166   Section        0  libinit2.o(.ARM.Collect$$libinit$$0000000A)
    .ARM.Collect$$libinit$$0000000D          0x08000166   Section        0  libinit2.o(.ARM.Collect$$libinit$$0000000D)
    .ARM.Collect$$libinit$$0000000F          0x08000166   Section        0  libinit2.o(.ARM.Collect$$libinit$$0000000F)
    .ARM.Collect$$libinit$$00000011          0x08000166   Section        0  libinit2.o(.ARM.Collect$$libinit$$00000011)
    .ARM.Collect$$libinit$$00000013          0x08000166   Section        0  libinit2.o(.ARM.Collect$$libinit$$00000013)
    .ARM.Collect$$libinit$$00000015          0x08000166   Section        0  libinit2.o(.ARM.Collect$$libinit$$00000015)
    .ARM.Collect$$libinit$$00000017          0x08000166   Section        0  libinit2.o(.ARM.Collect$$libinit$$00000017)
    .ARM.Collect$$libinit$$00000019          0x08000166   Section        0  libinit2.o(.ARM.Collect$$libinit$$00000019)
    .ARM.Collect$$libinit$$0000001B          0x08000166   Section        0  libinit2.o(.ARM.Collect$$libinit$$0000001B)
    .ARM.Collect$$libinit$$0000001D          0x08000166   Section        0  libinit2.o(.ARM.Collect$$libinit$$0000001D)
    .ARM.Collect$$libinit$$0000001F          0x08000166   Section        0  libinit2.o(.ARM.Collect$$libinit$$0000001F)
    .ARM.Collect$$libinit$$00000021          0x08000166   Section        0  libinit2.o(.ARM.Collect$$libinit$$00000021)
    .ARM.Collect$$libinit$$00000028          0x08000166   Section        0  libinit2.o(.ARM.Collect$$libinit$$00000028)
    .ARM.Collect$$libinit$$0000002A          0x08000166   Section        0  libinit2.o(.ARM.Collect$$libinit$$0000002A)
    .ARM.Collect$$libinit$$0000002C          0x08000166   Section        0  libinit2.o(.ARM.Collect$$libinit$$0000002C)
    .ARM.Collect$$libinit$$0000002E          0x08000166   Section        0  libinit2.o(.ARM.Collect$$libinit$$0000002E)
    .ARM.Collect$$libinit$$0000002F          0x08000166   Section        2  libinit2.o(.ARM.Collect$$libinit$$0000002F)
    .ARM.Collect$$libshutdown$$00000000      0x08000168   Section        2  libshutdown.o(.ARM.Collect$$libshutdown$$00000000)
    .ARM.Collect$$libshutdown$$00000003      0x0800016a   Section        0  libshutdown2.o(.ARM.Collect$$libshutdown$$00000003)
    .ARM.Collect$$libshutdown$$00000006      0x0800016a   Section        0  libshutdown2.o(.ARM.Collect$$libshutdown$$00000006)
    .ARM.Collect$$libshutdown$$00000009      0x0800016a   Section        0  libshutdown2.o(.ARM.Collect$$libshutdown$$00000009)
    .ARM.Collect$$libshutdown$$0000000B      0x0800016a   Section        0  libshutdown2.o(.ARM.Collect$$libshutdown$$0000000B)
    .ARM.Collect$$libshutdown$$0000000E      0x0800016a   Section        0  libshutdown2.o(.ARM.Collect$$libshutdown$$0000000E)
    .ARM.Collect$$libshutdown$$0000000F      0x0800016a   Section        2  libshutdown2.o(.ARM.Collect$$libshutdown$$0000000F)
    .ARM.Collect$$rtentry$$00000000          0x0800016c   Section        0  rtentry.o(.ARM.Collect$$rtentry$$00000000)
    .ARM.Collect$$rtentry$$00000002          0x0800016c   Section        0  rtentry2.o(.ARM.Collect$$rtentry$$00000002)
    .ARM.Collect$$rtentry$$00000004          0x0800016c   Section        6  rtentry4.o(.ARM.Collect$$rtentry$$00000004)
    .ARM.Collect$$rtentry$$00000009          0x08000172   Section        0  rtentry2.o(.ARM.Collect$$rtentry$$00000009)
    .ARM.Collect$$rtentry$$0000000A          0x08000172   Section        4  rtentry2.o(.ARM.Collect$$rtentry$$0000000A)
    .ARM.Collect$$rtentry$$0000000C          0x08000176   Section        0  rtentry2.o(.ARM.Collect$$rtentry$$0000000C)
    .ARM.Collect$$rtentry$$0000000D          0x08000176   Section        8  rtentry2.o(.ARM.Collect$$rtentry$$0000000D)
    .ARM.Collect$$rtexit$$00000000           0x0800017e   Section        0  rtexit.o(.ARM.Collect$$rtexit$$00000000)
    .ARM.Collect$$rtexit$$00000002           0x0800017e   Section        0  rtexit2.o(.ARM.Collect$$rtexit$$00000002)
    .ARM.Collect$$rtexit$$00000003           0x0800017e   Section        4  rtexit2.o(.ARM.Collect$$rtexit$$00000003)
    .ARM.Collect$$rtexit$$00000004           0x08000182   Section        4  rtexit2.o(.ARM.Collect$$rtexit$$00000004)
    .text                                    0x08000188   Section       52  stm32f10x.o(.text)
    .text                                    0x080001bc   Section     1332  main.o(.text)
    .text                                    0x080006f0   Section     1812  lcd.o(.text)
    .text                                    0x08000e04   Section      684  mmc.o(.text)
    .text                                    0x080010b0   Section        6  heapauxi.o(.text)
    .text                                    0x080010b6   Section       74  sys_stackheap_outer.o(.text)
    .text                                    0x08001100   Section       12  exit.o(.text)
    .text                                    0x0800110c   Section        8  libspace.o(.text)
    .text                                    0x08001114   Section       20  sys_exit.o(.text)
    .text                                    0x08001128   Section        2  use_no_semi.o(.text)
    i.FLASH_PrefetchBufferCmd                0x0800112c   Section       24  stm32f10x_flash.o(i.FLASH_PrefetchBufferCmd)
    i.FLASH_SetLatency                       0x08001144   Section       24  stm32f10x_flash.o(i.FLASH_SetLatency)
    i.GPIO_Init                              0x0800115c   Section      160  stm32f10x_gpio.o(i.GPIO_Init)
    i.GPIO_PinRemapConfig                    0x080011fc   Section       72  stm32f10x_gpio.o(i.GPIO_PinRemapConfig)
    i.GPIO_ReadInputDataBit                  0x08001244   Section       14  stm32f10x_gpio.o(i.GPIO_ReadInputDataBit)
    i.GPIO_ResetBits                         0x08001252   Section        4  stm32f10x_gpio.o(i.GPIO_ResetBits)
    i.GPIO_SetBits                           0x08001256   Section        4  stm32f10x_gpio.o(i.GPIO_SetBits)
    i.GPIO_Write                             0x0800125a   Section        4  stm32f10x_gpio.o(i.GPIO_Write)
    i.NVIC_SetVectorTable                    0x08001260   Section       20  stm32f10x_nvic.o(i.NVIC_SetVectorTable)
    i.RCC_APB2PeriphClockCmd                 0x08001274   Section       24  stm32f10x_rcc.o(i.RCC_APB2PeriphClockCmd)
    i.RCC_DeInit                             0x0800128c   Section       60  stm32f10x_rcc.o(i.RCC_DeInit)
    i.RCC_GetFlagStatus                      0x080012c8   Section       48  stm32f10x_rcc.o(i.RCC_GetFlagStatus)
    i.RCC_GetSYSCLKSource                    0x080012f8   Section       16  stm32f10x_rcc.o(i.RCC_GetSYSCLKSource)
    i.RCC_HCLKConfig                         0x08001308   Section       20  stm32f10x_rcc.o(i.RCC_HCLKConfig)
    i.RCC_HSEConfig                          0x0800131c   Section       52  stm32f10x_rcc.o(i.RCC_HSEConfig)
    i.RCC_PCLK1Config                        0x08001350   Section       20  stm32f10x_rcc.o(i.RCC_PCLK1Config)
    i.RCC_PCLK2Config                        0x08001364   Section       20  stm32f10x_rcc.o(i.RCC_PCLK2Config)
    i.RCC_PLLCmd                             0x08001378   Section       12  stm32f10x_rcc.o(i.RCC_PLLCmd)
    i.RCC_PLLConfig                          0x08001384   Section       20  stm32f10x_rcc.o(i.RCC_PLLConfig)
    i.RCC_SYSCLKConfig                       0x08001398   Section       20  stm32f10x_rcc.o(i.RCC_SYSCLKConfig)
    i.RCC_WaitForHSEStartUp                  0x080013ac   Section       52  stm32f10x_rcc.o(i.RCC_WaitForHSEStartUp)
    .constdata                               0x080013e0   Section     7140  lcd.o(.constdata)
    .data                                    0x20000000   Section       28  main.o(.data)
    .data                                    0x2000001c   Section       16  lcd.o(.data)
    .data                                    0x2000002c   Section        8  mmc.o(.data)
    .data                                    0x20000034   Section        8  stm32f10x_rcc.o(.data)
    HSEStatus                                0x20000034   Data           1  stm32f10x_rcc.o(.data)
    StartUpCounter                           0x20000038   Data           4  stm32f10x_rcc.o(.data)
    .bss                                     0x2000003c   Section       32  main.o(.bss)
    .bss                                     0x2000005c   Section       96  libspace.o(.bss)
    HEAP                                     0x200000c0   Section        0  stm32f10x.o(HEAP)
    STACK                                    0x200000c0   Section      512  stm32f10x.o(STACK)
    Heap_Mem                                 0x200000c0   Data           0  stm32f10x.o(HEAP)
    Stack_Mem                                0x200000c0   Data         512  stm32f10x.o(STACK)
    __initial_sp                             0x200002c0   Data           0  stm32f10x.o(STACK)

    Global Symbols

    Symbol Name                              Value     Ov Type        Size  Object(Section)

    BuildAttributes$$THM_ISAv4$P$D$K$B$S$PE$A:L22UL41UL21$X:L11$S22US41US21$IEEE1$IW$USESV6$~STKCKD$USESV7$~SHL$OSPACE$ROPI$EBA8$UX$STANDARDLIB$REQ8$PRES8$EABIv2 0x00000000   Number         0  anon$$obj.o ABSOLUTE
    __ARM_use_no_argv                        0x00000000   Number         0  main.o ABSOLUTE
    __ARM_exceptions_init                     - Undefined Weak Reference
    __alloca_initialize                       - Undefined Weak Reference
    __cpp_initialize__aeabi_                  - Undefined Weak Reference
    __cxa_finalize                            - Undefined Weak Reference
    __rt_locale                               - Undefined Weak Reference
    __sigvec_lookup                           - Undefined Weak Reference
    _atexit_init                              - Undefined Weak Reference
    _call_atexit_fns                          - Undefined Weak Reference
    _clock_init                               - Undefined Weak Reference
    _fp_trap_init                             - Undefined Weak Reference
    _fp_trap_shutdown                         - Undefined Weak Reference
    _get_lc_collate                           - Undefined Weak Reference
    _get_lc_ctype                             - Undefined Weak Reference
    _get_lc_monetary                          - Undefined Weak Reference
    _get_lc_numeric                           - Undefined Weak Reference
    _get_lc_time                              - Undefined Weak Reference
    _getenv_init                              - Undefined Weak Reference
    _handle_redirection                       - Undefined Weak Reference
    _init_alloc                               - Undefined Weak Reference
    _init_user_alloc                          - Undefined Weak Reference
    _initio                                   - Undefined Weak Reference
    _rand_init                                - Undefined Weak Reference
    _signal_finish                            - Undefined Weak Reference
    _signal_init                              - Undefined Weak Reference
    _terminate_alloc                          - Undefined Weak Reference
    _terminate_user_alloc                     - Undefined Weak Reference
    _terminateio                              - Undefined Weak Reference
    __Vectors                                0x08000000   Data           4  stm32f10x.o(RESET)
    __main                                   0x080000ed   Thumb Code     8  __main.o(!!!main)
    __scatterload                            0x080000f5   Thumb Code     0  __scatter.o(!!!scatter)
    __scatterload_rt2                        0x080000f5   Thumb Code    44  __scatter.o(!!!scatter)
    __scatterload_rt2_thumb_only             0x080000f5   Thumb Code     0  __scatter.o(!!!scatter)
    __scatterload_null                       0x08000103   Thumb Code     0  __scatter.o(!!!scatter)
    __scatterload_copy                       0x08000129   Thumb Code    26  __scatter_copy.o(!!handler_copy)
    __scatterload_zeroinit                   0x08000145   Thumb Code    28  __scatter_zi.o(!!handler_zi)
    __rt_lib_init                            0x08000161   Thumb Code     0  libinit.o(.ARM.Collect$$libinit$$00000000)
    __rt_lib_init_alloca_1                   0x08000167   Thumb Code     0  libinit2.o(.ARM.Collect$$libinit$$0000002A)
    __rt_lib_init_argv_1                     0x08000167   Thumb Code     0  libinit2.o(.ARM.Collect$$libinit$$00000028)
    __rt_lib_init_atexit_1                   0x08000167   Thumb Code     0  libinit2.o(.ARM.Collect$$libinit$$00000017)
    __rt_lib_init_clock_1                    0x08000167   Thumb Code     0  libinit2.o(.ARM.Collect$$libinit$$0000001D)
    __rt_lib_init_cpp_1                      0x08000167   Thumb Code     0  libinit2.o(.ARM.Collect$$libinit$$0000002E)
    __rt_lib_init_exceptions_1               0x08000167   Thumb Code     0  libinit2.o(.ARM.Collect$$libinit$$0000002C)
    __rt_lib_init_fp_trap_1                  0x08000167   Thumb Code     0  libinit2.o(.ARM.Collect$$libinit$$0000001B)
    __rt_lib_init_getenv_1                   0x08000167   Thumb Code     0  libinit2.o(.ARM.Collect$$libinit$$0000001F)
    __rt_lib_init_heap_1                     0x08000167   Thumb Code     0  libinit2.o(.ARM.Collect$$libinit$$00000006)
    __rt_lib_init_lc_collate_1               0x08000167   Thumb Code     0  libinit2.o(.ARM.Collect$$libinit$$0000000D)
    __rt_lib_init_lc_ctype_1                 0x08000167   Thumb Code     0  libinit2.o(.ARM.Collect$$libinit$$0000000F)
    __rt_lib_init_lc_monetary_1              0x08000167   Thumb Code     0  libinit2.o(.ARM.Collect$$libinit$$00000011)
    __rt_lib_init_lc_numeric_1               0x08000167   Thumb Code     0  libinit2.o(.ARM.Collect$$libinit$$00000013)
    __rt_lib_init_lc_time_1                  0x08000167   Thumb Code     0  libinit2.o(.ARM.Collect$$libinit$$00000015)
    __rt_lib_init_rand_1                     0x08000167   Thumb Code     0  libinit2.o(.ARM.Collect$$libinit$$0000000A)
    __rt_lib_init_return                     0x08000167   Thumb Code     0  libinit2.o(.ARM.Collect$$libinit$$0000002F)
    __rt_lib_init_signal_1                   0x08000167   Thumb Code     0  libinit2.o(.ARM.Collect$$libinit$$00000019)
    __rt_lib_init_stdio_1                    0x08000167   Thumb Code     0  libinit2.o(.ARM.Collect$$libinit$$00000021)
    __rt_lib_init_user_alloc_1               0x08000167   Thumb Code     0  libinit2.o(.ARM.Collect$$libinit$$00000008)
    __rt_lib_shutdown                        0x08000169   Thumb Code     0  libshutdown.o(.ARM.Collect$$libshutdown$$00000000)
    __rt_lib_shutdown_fp_trap_1              0x0800016b   Thumb Code     0  libshutdown2.o(.ARM.Collect$$libshutdown$$00000006)
    __rt_lib_shutdown_heap_1                 0x0800016b   Thumb Code     0  libshutdown2.o(.ARM.Collect$$libshutdown$$0000000E)
    __rt_lib_shutdown_return                 0x0800016b   Thumb Code     0  libshutdown2.o(.ARM.Collect$$libshutdown$$0000000F)
    __rt_lib_shutdown_signal_1               0x0800016b   Thumb Code     0  libshutdown2.o(.ARM.Collect$$libshutdown$$00000009)
    __rt_lib_shutdown_stdio_1                0x0800016b   Thumb Code     0  libshutdown2.o(.ARM.Collect$$libshutdown$$00000003)
    __rt_lib_shutdown_user_alloc_1           0x0800016b   Thumb Code     0  libshutdown2.o(.ARM.Collect$$libshutdown$$0000000B)
    __rt_entry                               0x0800016d   Thumb Code     0  rtentry.o(.ARM.Collect$$rtentry$$00000000)
    __rt_entry_presh_1                       0x0800016d   Thumb Code     0  rtentry2.o(.ARM.Collect$$rtentry$$00000002)
    __rt_entry_sh                            0x0800016d   Thumb Code     0  rtentry4.o(.ARM.Collect$$rtentry$$00000004)
    __rt_entry_li                            0x08000173   Thumb Code     0  rtentry2.o(.ARM.Collect$$rtentry$$0000000A)
    __rt_entry_postsh_1                      0x08000173   Thumb Code     0  rtentry2.o(.ARM.Collect$$rtentry$$00000009)
    __rt_entry_main                          0x08000177   Thumb Code     0  rtentry2.o(.ARM.Collect$$rtentry$$0000000D)
    __rt_entry_postli_1                      0x08000177   Thumb Code     0  rtentry2.o(.ARM.Collect$$rtentry$$0000000C)
    __rt_exit                                0x0800017f   Thumb Code     0  rtexit.o(.ARM.Collect$$rtexit$$00000000)
    __rt_exit_ls                             0x0800017f   Thumb Code     0  rtexit2.o(.ARM.Collect$$rtexit$$00000003)
    __rt_exit_prels_1                        0x0800017f   Thumb Code     0  rtexit2.o(.ARM.Collect$$rtexit$$00000002)
    __rt_exit_exit                           0x08000183   Thumb Code     0  rtexit2.o(.ARM.Collect$$rtexit$$00000004)
    Reset_Handler                            0x08000189   Thumb Code     4  stm32f10x.o(.text)
    NMI_Handler                              0x0800018d   Thumb Code     2  stm32f10x.o(.text)
    HardFault_Handler                        0x0800018f   Thumb Code     2  stm32f10x.o(.text)
    MemManage_Handler                        0x08000191   Thumb Code     2  stm32f10x.o(.text)
    BusFault_Handler                         0x08000193   Thumb Code     2  stm32f10x.o(.text)
    UsageFault_Handler                       0x08000195   Thumb Code     2  stm32f10x.o(.text)
    SVC_Handler                              0x08000197   Thumb Code     2  stm32f10x.o(.text)
    DebugMon_Handler                         0x08000199   Thumb Code     2  stm32f10x.o(.text)
    PendSV_Handler                           0x0800019b   Thumb Code     2  stm32f10x.o(.text)
    SysTick_Handler                          0x0800019d   Thumb Code     2  stm32f10x.o(.text)
    ADC_IRQHandler                           0x0800019f   Thumb Code     0  stm32f10x.o(.text)
    CAN_RX1_IRQHandler                       0x0800019f   Thumb Code     0  stm32f10x.o(.text)
    CAN_SCE_IRQHandler                       0x0800019f   Thumb Code     0  stm32f10x.o(.text)
    DMAChannel1_IRQHandler                   0x0800019f   Thumb Code     0  stm32f10x.o(.text)
    DMAChannel2_IRQHandler                   0x0800019f   Thumb Code     0  stm32f10x.o(.text)
    DMAChannel3_IRQHandler                   0x0800019f   Thumb Code     0  stm32f10x.o(.text)
    DMAChannel4_IRQHandler                   0x0800019f   Thumb Code     0  stm32f10x.o(.text)
    DMAChannel5_IRQHandler                   0x0800019f   Thumb Code     0  stm32f10x.o(.text)
    DMAChannel6_IRQHandler                   0x0800019f   Thumb Code     0  stm32f10x.o(.text)
    DMAChannel7_IRQHandler                   0x0800019f   Thumb Code     0  stm32f10x.o(.text)
    EXTI0_IRQHandler                         0x0800019f   Thumb Code     0  stm32f10x.o(.text)
    EXTI15_10_IRQHandler                     0x0800019f   Thumb Code     0  stm32f10x.o(.text)
    EXTI1_IRQHandler                         0x0800019f   Thumb Code     0  stm32f10x.o(.text)
    EXTI2_IRQHandler                         0x0800019f   Thumb Code     0  stm32f10x.o(.text)
    EXTI3_IRQHandler                         0x0800019f   Thumb Code     0  stm32f10x.o(.text)
    EXTI4_IRQHandler                         0x0800019f   Thumb Code     0  stm32f10x.o(.text)
    EXTI9_5_IRQHandler                       0x0800019f   Thumb Code     0  stm32f10x.o(.text)
    FLASH_IRQHandler                         0x0800019f   Thumb Code     0  stm32f10x.o(.text)
    I2C1_ER_IRQHandler                       0x0800019f   Thumb Code     0  stm32f10x.o(.text)
    I2C1_EV_IRQHandler                       0x0800019f   Thumb Code     0  stm32f10x.o(.text)
    I2C2_ER_IRQHandler                       0x0800019f   Thumb Code     0  stm32f10x.o(.text)
    I2C2_EV_IRQHandler                       0x0800019f   Thumb Code     0  stm32f10x.o(.text)
    PVD_IRQHandler                           0x0800019f   Thumb Code     0  stm32f10x.o(.text)
    RCC_IRQHandler                           0x0800019f   Thumb Code     0  stm32f10x.o(.text)
    RTCAlarm_IRQHandler                      0x0800019f   Thumb Code     0  stm32f10x.o(.text)
    RTC_IRQHandler                           0x0800019f   Thumb Code     0  stm32f10x.o(.text)
    SPI1_IRQHandler                          0x0800019f   Thumb Code     0  stm32f10x.o(.text)
    SPI2_IRQHandler                          0x0800019f   Thumb Code     0  stm32f10x.o(.text)
    TAMPER_IRQHandler                        0x0800019f   Thumb Code     0  stm32f10x.o(.text)
    TIM1_BRK_IRQHandler                      0x0800019f   Thumb Code     0  stm32f10x.o(.text)
    TIM1_CC_IRQHandler                       0x0800019f   Thumb Code     0  stm32f10x.o(.text)
    TIM1_TRG_COM_IRQHandler                  0x0800019f   Thumb Code     0  stm32f10x.o(.text)
    TIM1_UP_IRQHandler                       0x0800019f   Thumb Code     0  stm32f10x.o(.text)
    TIM2_IRQHandler                          0x0800019f   Thumb Code     0  stm32f10x.o(.text)
    TIM3_IRQHandler                          0x0800019f   Thumb Code     0  stm32f10x.o(.text)
    TIM4_IRQHandler                          0x0800019f   Thumb Code     0  stm32f10x.o(.text)
    USART1_IRQHandler                        0x0800019f   Thumb Code     0  stm32f10x.o(.text)
    USART2_IRQHandler                        0x0800019f   Thumb Code     0  stm32f10x.o(.text)
    USART3_IRQHandler                        0x0800019f   Thumb Code     0  stm32f10x.o(.text)
    USBWakeUp_IRQHandler                     0x0800019f   Thumb Code     0  stm32f10x.o(.text)
    USB_HP_CAN_TX_IRQHandler                 0x0800019f   Thumb Code     0  stm32f10x.o(.text)
    USB_LP_CAN_RX0_IRQHandler                0x0800019f   Thumb Code     0  stm32f10x.o(.text)
    WWDG_IRQHandler                          0x0800019f   Thumb Code     0  stm32f10x.o(.text)
    __user_initial_stackheap                 0x080001a1   Thumb Code     0  stm32f10x.o(.text)
    NVIC_Configuration                       0x080001bd   Thumb Code    14  main.o(.text)
    RCC_Configuration                        0x080001cb   Thumb Code   110  main.o(.text)
    main                                     0x08000239   Thumb Code  1142  main.o(.text)
    Delay                                    0x080006af   Thumb Code    10  main.o(.text)
    LCD_Write                                0x080006f1   Thumb Code   144  lcd.o(.text)
    LCD_Write_Data16                         0x08000781   Thumb Code   128  lcd.o(.text)
    Reg_Write                                0x08000801   Thumb Code    22  lcd.o(.text)
    LCD_SetRamAddr                           0x08000817   Thumb Code    86  lcd.o(.text)
    delay_ms                                 0x0800086d   Thumb Code    22  lcd.o(.text)
    LCD_Init                                 0x08000883   Thumb Code   906  lcd.o(.text)
    LCD_clear                                0x08000c0d   Thumb Code    52  lcd.o(.text)
    LCD_ShowChar                             0x08000c41   Thumb Code   150  lcd.o(.text)
    LCD_ShowString                           0x08000cd7   Thumb Code    50  lcd.o(.text)
    ChineseChar                              0x08000d09   Thumb Code   216  lcd.o(.text)
    delayms                                  0x08000de1   Thumb Code    22  lcd.o(.text)
    delay                                    0x08000e05   Thumb Code    12  mmc.o(.text)
    NOP                                      0x08000e11   Thumb Code    14  mmc.o(.text)
    delayNOP                                 0x08000e1f   Thumb Code    20  mmc.o(.text)
    MMC_Port_Init                            0x08000e33   Thumb Code    34  mmc.o(.text)
    Write_Byte_MMC                           0x08000e55   Thumb Code    90  mmc.o(.text)
    Read_Byte_MMC                            0x08000eaf   Thumb Code    86  mmc.o(.text)
    Write_Command_MMC                        0x08000f05   Thumb Code    80  mmc.o(.text)
    MMC_Init                                 0x08000f55   Thumb Code   172  mmc.o(.text)
    MMC_Read_Block                           0x08001001   Thumb Code    98  mmc.o(.text)
    Read_CSD_MMC                             0x08001063   Thumb Code    30  mmc.o(.text)
    Read_CID_MMC                             0x08001081   Thumb Code    30  mmc.o(.text)
    __use_two_region_memory                  0x080010b1   Thumb Code     2  heapauxi.o(.text)
    __rt_heap_escrow$2region                 0x080010b3   Thumb Code     2  heapauxi.o(.text)
    __rt_heap_expand$2region                 0x080010b5   Thumb Code     2  heapauxi.o(.text)
    __user_setup_stackheap                   0x080010b7   Thumb Code    74  sys_stackheap_outer.o(.text)
    exit                                     0x08001101   Thumb Code    12  exit.o(.text)
    __user_libspace                          0x0800110d   Thumb Code     8  libspace.o(.text)
    __user_perproc_libspace                  0x0800110d   Thumb Code     0  libspace.o(.text)
    __user_perthread_libspace                0x0800110d   Thumb Code     0  libspace.o(.text)
    _sys_exit                                0x08001115   Thumb Code    16  sys_exit.o(.text)
    __I$use$semihosting                      0x08001129   Thumb Code     0  use_no_semi.o(.text)
    __use_no_semihosting_swi                 0x08001129   Thumb Code     2  use_no_semi.o(.text)
    FLASH_PrefetchBufferCmd                  0x0800112d   Thumb Code    18  stm32f10x_flash.o(i.FLASH_PrefetchBufferCmd)
    FLASH_SetLatency                         0x08001145   Thumb Code    18  stm32f10x_flash.o(i.FLASH_SetLatency)
    GPIO_Init                                0x0800115d   Thumb Code   160  stm32f10x_gpio.o(i.GPIO_Init)
    GPIO_PinRemapConfig                      0x080011fd   Thumb Code    66  stm32f10x_gpio.o(i.GPIO_PinRemapConfig)
    GPIO_ReadInputDataBit                    0x08001245   Thumb Code    14  stm32f10x_gpio.o(i.GPIO_ReadInputDataBit)
    GPIO_ResetBits                           0x08001253   Thumb Code     4  stm32f10x_gpio.o(i.GPIO_ResetBits)
    GPIO_SetBits                             0x08001257   Thumb Code     4  stm32f10x_gpio.o(i.GPIO_SetBits)
    GPIO_Write                               0x0800125b   Thumb Code     4  stm32f10x_gpio.o(i.GPIO_Write)
    NVIC_SetVectorTable                      0x08001261   Thumb Code    12  stm32f10x_nvic.o(i.NVIC_SetVectorTable)
    RCC_APB2PeriphClockCmd                   0x08001275   Thumb Code    18  stm32f10x_rcc.o(i.RCC_APB2PeriphClockCmd)
    RCC_DeInit                               0x0800128d   Thumb Code    48  stm32f10x_rcc.o(i.RCC_DeInit)
    RCC_GetFlagStatus                        0x080012c9   Thumb Code    42  stm32f10x_rcc.o(i.RCC_GetFlagStatus)
    RCC_GetSYSCLKSource                      0x080012f9   Thumb Code    10  stm32f10x_rcc.o(i.RCC_GetSYSCLKSource)
    RCC_HCLKConfig                           0x08001309   Thumb Code    14  stm32f10x_rcc.o(i.RCC_HCLKConfig)
    RCC_HSEConfig                            0x0800131d   Thumb Code    48  stm32f10x_rcc.o(i.RCC_HSEConfig)
    RCC_PCLK1Config                          0x08001351   Thumb Code    14  stm32f10x_rcc.o(i.RCC_PCLK1Config)
    RCC_PCLK2Config                          0x08001365   Thumb Code    16  stm32f10x_rcc.o(i.RCC_PCLK2Config)
    RCC_PLLCmd                               0x08001379   Thumb Code     6  stm32f10x_rcc.o(i.RCC_PLLCmd)
    RCC_PLLConfig                            0x08001385   Thumb Code    16  stm32f10x_rcc.o(i.RCC_PLLConfig)
    RCC_SYSCLKConfig                         0x08001399   Thumb Code    14  stm32f10x_rcc.o(i.RCC_SYSCLKConfig)
    RCC_WaitForHSEStartUp                    0x080013ad   Thumb Code    46  stm32f10x_rcc.o(i.RCC_WaitForHSEStartUp)
    hz32                                     0x080013e0   Data         528  lcd.o(.constdata)
    hz24                                     0x080015f0   Data         360  lcd.o(.constdata)
    hz16                                     0x08001758   Data          96  lcd.o(.constdata)
    Font8x16                                 0x080017b8   Data        1536  lcd.o(.constdata)
    Font16x24                                0x08001db8   Data        4608  lcd.o(.constdata)
    Region$$Table$$Base                      0x08002fc4   Number         0  anon$$obj.o(Region$$Table)
    Region$$Table$$Limit                     0x08002fe4   Number         0  anon$$obj.o(Region$$Table)
    GPIO_InitStructure                       0x20000000   Data           4  main.o(.data)
    HSEStartUpStatus                         0x20000004   Data           1  main.o(.data)
    by                                       0x20000005   Data           1  main.o(.data)
    c_size                                   0x20000008   Data           4  main.o(.data)
    c_size_mult                              0x2000000c   Data           4  main.o(.data)
    read_bl_len                              0x20000010   Data           4  main.o(.data)
    drive_size                               0x20000014   Data           4  main.o(.data)
    size_mb                                  0x20000018   Data           4  main.o(.data)
    colors                                   0x2000001c   Data          16  lcd.o(.data)
    CMD                                      0x2000002c   Data           6  mmc.o(.data)
    Init_Flag                                0x20000032   Data           1  mmc.o(.data)
    card_type                                0x20000033   Data           1  mmc.o(.data)
    csd_data                                 0x2000003c   Data          16  main.o(.bss)
    cid_data                                 0x2000004c   Data          16  main.o(.bss)
    __libspace_start                         0x2000005c   Data          96  libspace.o(.bss)
    __temporary_stack_top$libspace           0x200000bc   Data           0  libspace.o(.bss)



==============================================================================

Memory Map of the image

  Image Entry point : 0x080000ed

  Load Region LR_IROM1 (Base: 0x08000000, Size: 0x00003020, Max: 0x00010000, ABSOLUTE)

    Execution Region ER_IROM1 (Base: 0x08000000, Size: 0x00002fe4, Max: 0x00010000, ABSOLUTE)

    Base Addr    Size         Type   Attr      Idx    E Section Name        Object

    0x08000000   0x000000ec   Data   RO            3    RESET               stm32f10x.o
    0x080000ec   0x00000008   Code   RO          831  * !!!main             __main.o(c_w.l)
    0x080000f4   0x00000034   Code   RO          988    !!!scatter          __scatter.o(c_w.l)
    0x08000128   0x0000001a   Code   RO          990    !!handler_copy      __scatter_copy.o(c_w.l)
    0x08000142   0x00000002   PAD
    0x08000144   0x0000001c   Code   RO          992    !!handler_zi        __scatter_zi.o(c_w.l)
    0x08000160   0x00000006   Code   RO          863    .ARM.Collect$$libinit$$00000000  libinit.o(c_w.l)
    0x08000166   0x00000000   Code   RO          871    .ARM.Collect$$libinit$$00000006  libinit2.o(c_w.l)
    0x08000166   0x00000000   Code   RO          873    .ARM.Collect$$libinit$$00000008  libinit2.o(c_w.l)
    0x08000166   0x00000000   Code   RO          875    .ARM.Collect$$libinit$$0000000A  libinit2.o(c_w.l)
    0x08000166   0x00000000   Code   RO          878    .ARM.Collect$$libinit$$0000000D  libinit2.o(c_w.l)
    0x08000166   0x00000000   Code   RO          880    .ARM.Collect$$libinit$$0000000F  libinit2.o(c_w.l)
    0x08000166   0x00000000   Code   RO          882    .ARM.Collect$$libinit$$00000011  libinit2.o(c_w.l)
    0x08000166   0x00000000   Code   RO          884    .ARM.Collect$$libinit$$00000013  libinit2.o(c_w.l)
    0x08000166   0x00000000   Code   RO          886    .ARM.Collect$$libinit$$00000015  libinit2.o(c_w.l)
    0x08000166   0x00000000   Code   RO          888    .ARM.Collect$$libinit$$00000017  libinit2.o(c_w.l)
    0x08000166   0x00000000   Code   RO          890    .ARM.Collect$$libinit$$00000019  libinit2.o(c_w.l)
    0x08000166   0x00000000   Code   RO          892    .ARM.Collect$$libinit$$0000001B  libinit2.o(c_w.l)
    0x08000166   0x00000000   Code   RO          894    .ARM.Collect$$libinit$$0000001D  libinit2.o(c_w.l)
    0x08000166   0x00000000   Code   RO          896    .ARM.Collect$$libinit$$0000001F  libinit2.o(c_w.l)
    0x08000166   0x00000000   Code   RO          898    .ARM.Collect$$libinit$$00000021  libinit2.o(c_w.l)
    0x08000166   0x00000000   Code   RO          902    .ARM.Collect$$libinit$$00000028  libinit2.o(c_w.l)
    0x08000166   0x00000000   Code   RO          904    .ARM.Collect$$libinit$$0000002A  libinit2.o(c_w.l)
    0x08000166   0x00000000   Code   RO          906    .ARM.Collect$$libinit$$0000002C  libinit2.o(c_w.l)
    0x08000166   0x00000000   Code   RO          908    .ARM.Collect$$libinit$$0000002E  libinit2.o(c_w.l)
    0x08000166   0x00000002   Code   RO          909    .ARM.Collect$$libinit$$0000002F  libinit2.o(c_w.l)
    0x08000168   0x00000002   Code   RO          930    .ARM.Collect$$libshutdown$$00000000  libshutdown.o(c_w.l)
    0x0800016a   0x00000000   Code   RO          943    .ARM.Collect$$libshutdown$$00000003  libshutdown2.o(c_w.l)
    0x0800016a   0x00000000   Code   RO          946    .ARM.Collect$$libshutdown$$00000006  libshutdown2.o(c_w.l)
    0x0800016a   0x00000000   Code   RO          949    .ARM.Collect$$libshutdown$$00000009  libshutdown2.o(c_w.l)
    0x0800016a   0x00000000   Code   RO          951    .ARM.Collect$$libshutdown$$0000000B  libshutdown2.o(c_w.l)
    0x0800016a   0x00000000   Code   RO          954    .ARM.Collect$$libshutdown$$0000000E  libshutdown2.o(c_w.l)
    0x0800016a   0x00000002   Code   RO          955    .ARM.Collect$$libshutdown$$0000000F  libshutdown2.o(c_w.l)
    0x0800016c   0x00000000   Code   RO          833    .ARM.Collect$$rtentry$$00000000  rtentry.o(c_w.l)
    0x0800016c   0x00000000   Code   RO          836    .ARM.Collect$$rtentry$$00000002  rtentry2.o(c_w.l)
    0x0800016c   0x00000006   Code   RO          851    .ARM.Collect$$rtentry$$00000004  rtentry4.o(c_w.l)
    0x08000172   0x00000000   Code   RO          838    .ARM.Collect$$rtentry$$00000009  rtentry2.o(c_w.l)
    0x08000172   0x00000004   Code   RO          839    .ARM.Collect$$rtentry$$0000000A  rtentry2.o(c_w.l)
    0x08000176   0x00000000   Code   RO          841    .ARM.Collect$$rtentry$$0000000C  rtentry2.o(c_w.l)
    0x08000176   0x00000008   Code   RO          842    .ARM.Collect$$rtentry$$0000000D  rtentry2.o(c_w.l)
    0x0800017e   0x00000000   Code   RO          867    .ARM.Collect$$rtexit$$00000000  rtexit.o(c_w.l)
    0x0800017e   0x00000000   Code   RO          913    .ARM.Collect$$rtexit$$00000002  rtexit2.o(c_w.l)
    0x0800017e   0x00000004   Code   RO          914    .ARM.Collect$$rtexit$$00000003  rtexit2.o(c_w.l)
    0x08000182   0x00000004   Code   RO          915    .ARM.Collect$$rtexit$$00000004  rtexit2.o(c_w.l)
    0x08000186   0x00000002   PAD
    0x08000188   0x00000034   Code   RO            4    .text               stm32f10x.o
    0x080001bc   0x00000534   Code   RO           10    .text               main.o
    0x080006f0   0x00000714   Code   RO          119    .text               lcd.o
    0x08000e04   0x000002ac   Code   RO          140    .text               mmc.o
    0x080010b0   0x00000006   Code   RO          829    .text               heapauxi.o(c_w.l)
    0x080010b6   0x0000004a   Code   RO          853    .text               sys_stackheap_outer.o(c_w.l)
    0x08001100   0x0000000c   Code   RO          855    .text               exit.o(c_w.l)
    0x0800110c   0x00000008   Code   RO          864    .text               libspace.o(c_w.l)
    0x08001114   0x00000014   Code   RO          922    .text               sys_exit.o(c_w.l)
    0x08001128   0x00000002   Code   RO          933    .text               use_no_semi.o(c_w.l)
    0x0800112a   0x00000002   PAD
    0x0800112c   0x00000018   Code   RO          160    i.FLASH_PrefetchBufferCmd  stm32f10x_flash.o(STM32F10xR.LIB)
    0x08001144   0x00000018   Code   RO          158    i.FLASH_SetLatency  stm32f10x_flash.o(STM32F10xR.LIB)
    0x0800115c   0x000000a0   Code   RO          322    i.GPIO_Init         stm32f10x_gpio.o(STM32F10xR.LIB)
    0x080011fc   0x00000048   Code   RO          335    i.GPIO_PinRemapConfig  stm32f10x_gpio.o(STM32F10xR.LIB)
    0x08001244   0x0000000e   Code   RO          324    i.GPIO_ReadInputDataBit  stm32f10x_gpio.o(STM32F10xR.LIB)
    0x08001252   0x00000004   Code   RO          329    i.GPIO_ResetBits    stm32f10x_gpio.o(STM32F10xR.LIB)
    0x08001256   0x00000004   Code   RO          328    i.GPIO_SetBits      stm32f10x_gpio.o(STM32F10xR.LIB)
    0x0800125a   0x00000004   Code   RO          331    i.GPIO_Write        stm32f10x_gpio.o(STM32F10xR.LIB)
    0x0800125e   0x00000002   PAD
    0x08001260   0x00000014   Code   RO          452    i.NVIC_SetVectorTable  stm32f10x_nvic.o(STM32F10xR.LIB)
    0x08001274   0x00000018   Code   RO          645    i.RCC_APB2PeriphClockCmd  stm32f10x_rcc.o(STM32F10xR.LIB)
    0x0800128c   0x0000003c   Code   RO          623    i.RCC_DeInit        stm32f10x_rcc.o(STM32F10xR.LIB)
    0x080012c8   0x00000030   Code   RO          625    i.RCC_GetFlagStatus  stm32f10x_rcc.o(STM32F10xR.LIB)
    0x080012f8   0x00000010   Code   RO          632    i.RCC_GetSYSCLKSource  stm32f10x_rcc.o(STM32F10xR.LIB)
    0x08001308   0x00000014   Code   RO          633    i.RCC_HCLKConfig    stm32f10x_rcc.o(STM32F10xR.LIB)
    0x0800131c   0x00000034   Code   RO          624    i.RCC_HSEConfig     stm32f10x_rcc.o(STM32F10xR.LIB)
    0x08001350   0x00000014   Code   RO          634    i.RCC_PCLK1Config   stm32f10x_rcc.o(STM32F10xR.LIB)
    0x08001364   0x00000014   Code   RO          635    i.RCC_PCLK2Config   stm32f10x_rcc.o(STM32F10xR.LIB)
    0x08001378   0x0000000c   Code   RO          630    i.RCC_PLLCmd        stm32f10x_rcc.o(STM32F10xR.LIB)
    0x08001384   0x00000014   Code   RO          629    i.RCC_PLLConfig     stm32f10x_rcc.o(STM32F10xR.LIB)
    0x08001398   0x00000014   Code   RO          631    i.RCC_SYSCLKConfig  stm32f10x_rcc.o(STM32F10xR.LIB)
    0x080013ac   0x00000034   Code   RO          626    i.RCC_WaitForHSEStartUp  stm32f10x_rcc.o(STM32F10xR.LIB)
    0x080013e0   0x00001be4   Data   RO          120    .constdata          lcd.o
    0x08002fc4   0x00000020   Data   RO          986    Region$$Table       anon$$obj.o


    Execution Region RW_IRAM1 (Base: 0x20000000, Size: 0x000002c0, Max: 0x00005000, ABSOLUTE)

    Base Addr    Size         Type   Attr      Idx    E Section Name        Object

    0x20000000   0x0000001c   Data   RW           12    .data               main.o
    0x2000001c   0x00000010   Data   RW          121    .data               lcd.o
    0x2000002c   0x00000008   Data   RW          141    .data               mmc.o
    0x20000034   0x00000008   Data   RW          655    .data               stm32f10x_rcc.o(STM32F10xR.LIB)
    0x2000003c   0x00000020   Zero   RW           11    .bss                main.o
    0x2000005c   0x00000060   Zero   RW          865    .bss                libspace.o(c_w.l)
    0x200000bc   0x00000004   PAD
    0x200000c0   0x00000000   Zero   RW            2    HEAP                stm32f10x.o
    0x200000c0   0x00000200   Zero   RW            1    STACK               stm32f10x.o


==============================================================================

Image component sizes


      Code (inc. data)   RO Data    RW Data    ZI Data      Debug   Object Name

      1812         26       7140         16          0       5617   lcd.o
      1332        176          0         28         32      11131   main.o
       684         18          0          8          0       3362   mmc.o
        52         18        236          0        512        468   stm32f10x.o

    ----------------------------------------------------------------------
      3880        238       7408         52        544      20578   Object Totals
         0          0         32          0          0          0   (incl. Generated)
         0          0          0          0          0          1   (incl. Padding)

    ----------------------------------------------------------------------

      Code (inc. data)   RO Data    RW Data    ZI Data      Debug   Library Member Name

         8          0          0          0          0         68   __main.o
        52          8          0          0          0          0   __scatter.o
        26          0          0          0          0          0   __scatter_copy.o
        28          0          0          0          0          0   __scatter_zi.o
        12          0          0          0          0         68   exit.o
         6          0          0          0          0        148   heapauxi.o
         6          0          0          0          0          0   libinit.o
         2          0          0          0          0          0   libinit2.o
         2          0          0          0          0          0   libshutdown.o
         2          0          0          0          0          0   libshutdown2.o
         8          4          0          0         96         68   libspace.o
         0          0          0          0          0          0   rtentry.o
        12          0          0          0          0          0   rtentry2.o
         6          0          0          0          0          0   rtentry4.o
         0          0          0          0          0          0   rtexit.o
         8          0          0          0          0          0   rtexit2.o
        48         12          0          0          0      17017   stm32f10x_flash.o
       258          6          0          0          0      18223   stm32f10x_gpio.o
        20          8          0          0          0        478   stm32f10x_nvic.o
       364         72          0          8          0       7949   stm32f10x_rcc.o
        20         10          0          0          0         68   sys_exit.o
        74          0          0          0          0         80   sys_stackheap_outer.o
         2          0          0          0          0         68   use_no_semi.o

    ----------------------------------------------------------------------
       972        120          0          8        100      44235   Library Totals
         8          0          0          0          4          0   (incl. Padding)

    ----------------------------------------------------------------------

      Code (inc. data)   RO Data    RW Data    ZI Data      Debug   Library Name

       690         98          0          8          0      43667   STM32F10xR.LIB
       274         22          0          0         96        568   c_w.l

    ----------------------------------------------------------------------
       972        120          0          8        100      44235   Library Totals

    ----------------------------------------------------------------------

==============================================================================


      Code (inc. data)   RO Data    RW Data    ZI Data      Debug   

      4852        358       7408         60        644      63464   Grand Totals
      4852        358       7408         60        644      63464   ELF Image Totals
      4852        358       7408         60          0          0   ROM Totals

==============================================================================

    Total RO  Size (Code + RO Data)                12260 (  11.97kB)
    Total RW  Size (RW Data + ZI Data)               704 (   0.69kB)
    Total ROM Size (Code + RO Data + RW Data)      12320 (  12.03kB)

==============================================================================

